Archive member included because of file (symbol)

c:/microsemi/softconsole_v4.0/arm-none-eabi-gcc/bin/../lib/gcc/arm-none-eabi/4.9.3/../../../../arm-none-eabi/lib/armv7-m\libg_nano.a(lib_a-assert.o)
                              ./Application/httpserver-netconn.o (__assert_func)
c:/microsemi/softconsole_v4.0/arm-none-eabi-gcc/bin/../lib/gcc/arm-none-eabi/4.9.3/../../../../arm-none-eabi/lib/armv7-m\libg_nano.a(lib_a-errno.o)
                              ./CMSIS/startup_gcc/newlib_stubs.o (__errno)
c:/microsemi/softconsole_v4.0/arm-none-eabi-gcc/bin/../lib/gcc/arm-none-eabi/4.9.3/../../../../arm-none-eabi/lib/armv7-m\libg_nano.a(lib_a-exit.o)
                              c:/microsemi/softconsole_v4.0/arm-none-eabi-gcc/bin/../lib/gcc/arm-none-eabi/4.9.3/../../../../arm-none-eabi/lib/armv7-m/crt0.o (exit)
c:/microsemi/softconsole_v4.0/arm-none-eabi-gcc/bin/../lib/gcc/arm-none-eabi/4.9.3/../../../../arm-none-eabi/lib/armv7-m\libg_nano.a(lib_a-fprintf.o)
                              c:/microsemi/softconsole_v4.0/arm-none-eabi-gcc/bin/../lib/gcc/arm-none-eabi/4.9.3/../../../../arm-none-eabi/lib/armv7-m\libg_nano.a(lib_a-assert.o) (fiprintf)
c:/microsemi/softconsole_v4.0/arm-none-eabi-gcc/bin/../lib/gcc/arm-none-eabi/4.9.3/../../../../arm-none-eabi/lib/armv7-m\libg_nano.a(lib_a-impure.o)
                              c:/microsemi/softconsole_v4.0/arm-none-eabi-gcc/bin/../lib/gcc/arm-none-eabi/4.9.3/../../../../arm-none-eabi/lib/armv7-m\libg_nano.a(lib_a-exit.o) (_global_impure_ptr)
c:/microsemi/softconsole_v4.0/arm-none-eabi-gcc/bin/../lib/gcc/arm-none-eabi/4.9.3/../../../../arm-none-eabi/lib/armv7-m\libg_nano.a(lib_a-init.o)
                              c:/microsemi/softconsole_v4.0/arm-none-eabi-gcc/bin/../lib/gcc/arm-none-eabi/4.9.3/../../../../arm-none-eabi/lib/armv7-m/crt0.o (__libc_init_array)
c:/microsemi/softconsole_v4.0/arm-none-eabi-gcc/bin/../lib/gcc/arm-none-eabi/4.9.3/../../../../arm-none-eabi/lib/armv7-m\libg_nano.a(lib_a-memcmp.o)
                              ./lwip-1.4.1/netif/etharp.o (memcmp)
c:/microsemi/softconsole_v4.0/arm-none-eabi-gcc/bin/../lib/gcc/arm-none-eabi/4.9.3/../../../../arm-none-eabi/lib/armv7-m\libg_nano.a(lib_a-memcpy.o)
                              ./lwip-1.4.1/netif/m2sxxx_ethernetif.o (memcpy)
c:/microsemi/softconsole_v4.0/arm-none-eabi-gcc/bin/../lib/gcc/arm-none-eabi/4.9.3/../../../../arm-none-eabi/lib/armv7-m\libg_nano.a(lib_a-memset.o)
                              c:/microsemi/softconsole_v4.0/arm-none-eabi-gcc/bin/../lib/gcc/arm-none-eabi/4.9.3/../../../../arm-none-eabi/lib/armv7-m/crt0.o (memset)
c:/microsemi/softconsole_v4.0/arm-none-eabi-gcc/bin/../lib/gcc/arm-none-eabi/4.9.3/../../../../arm-none-eabi/lib/armv7-m\libg_nano.a(lib_a-nano-vfprintf.o)
                              c:/microsemi/softconsole_v4.0/arm-none-eabi-gcc/bin/../lib/gcc/arm-none-eabi/4.9.3/../../../../arm-none-eabi/lib/armv7-m\libg_nano.a(lib_a-fprintf.o) (_vfprintf_r)
c:/microsemi/softconsole_v4.0/arm-none-eabi-gcc/bin/../lib/gcc/arm-none-eabi/4.9.3/../../../../arm-none-eabi/lib/armv7-m\libg_nano.a(lib_a-nano-vfprintf_i.o)
                              c:/microsemi/softconsole_v4.0/arm-none-eabi-gcc/bin/../lib/gcc/arm-none-eabi/4.9.3/../../../../arm-none-eabi/lib/armv7-m\libg_nano.a(lib_a-nano-vfprintf.o) (_printf_i)
c:/microsemi/softconsole_v4.0/arm-none-eabi-gcc/bin/../lib/gcc/arm-none-eabi/4.9.3/../../../../arm-none-eabi/lib/armv7-m\libg_nano.a(lib_a-printf.o)
                              ./Application/httpserver-netconn.o (printf)
c:/microsemi/softconsole_v4.0/arm-none-eabi-gcc/bin/../lib/gcc/arm-none-eabi/4.9.3/../../../../arm-none-eabi/lib/armv7-m\libg_nano.a(lib_a-snprintf.o)
                              ./Application/httpserver-netconn.o (snprintf)
c:/microsemi/softconsole_v4.0/arm-none-eabi-gcc/bin/../lib/gcc/arm-none-eabi/4.9.3/../../../../arm-none-eabi/lib/armv7-m\libg_nano.a(lib_a-sprintf.o)
                              ./FreeRTOS/tasks.o (sprintf)
c:/microsemi/softconsole_v4.0/arm-none-eabi-gcc/bin/../lib/gcc/arm-none-eabi/4.9.3/../../../../arm-none-eabi/lib/armv7-m\libg_nano.a(lib_a-strcat.o)
                              ./FreeRTOS/tasks.o (strcat)
c:/microsemi/softconsole_v4.0/arm-none-eabi-gcc/bin/../lib/gcc/arm-none-eabi/4.9.3/../../../../arm-none-eabi/lib/armv7-m\libg_nano.a(lib_a-strlen.o)
                              ./lwip-1.4.1/core/pbuf.o (strlen)
c:/microsemi/softconsole_v4.0/arm-none-eabi-gcc/bin/../lib/gcc/arm-none-eabi/4.9.3/../../../../arm-none-eabi/lib/armv7-m\libg_nano.a(lib_a-strncmp.o)
                              ./Application/httpserver-netconn.o (strncmp)
c:/microsemi/softconsole_v4.0/arm-none-eabi-gcc/bin/../lib/gcc/arm-none-eabi/4.9.3/../../../../arm-none-eabi/lib/armv7-m\libg_nano.a(lib_a-strncpy.o)
                              ./FreeRTOS/tasks.o (strncpy)
c:/microsemi/softconsole_v4.0/arm-none-eabi-gcc/bin/../lib/gcc/arm-none-eabi/4.9.3/../../../../arm-none-eabi/lib/armv7-m\libg_nano.a(lib_a-wbuf.o)
[...]
Memory Configuration

Name             Origin             Length             Attributes
rom              0x00000000         0x00040000         xr
ram              0x20000000         0x00010000         xrw
*default*        0x00000000         0xffffffff

Linker script and memory map

LOAD c:/microsemi/softconsole_v4.0/arm-none-eabi-gcc/bin/../lib/gcc/arm-none-eabi/4.9.3/armv7-m/crti.o
LOAD c:/microsemi/softconsole_v4.0/arm-none-eabi-gcc/bin/../lib/gcc/arm-none-eabi/4.9.3/armv7-m/crtbegin.o
LOAD c:/microsemi/softconsole_v4.0/arm-none-eabi-gcc/bin/../lib/gcc/arm-none-eabi/4.9.3/../../../../arm-none-eabi/lib/armv7-m/crt0.o
LOAD ./lwip-1.4.1/port/FreeRTOS/M2SXXX/sys_arch.o
LOAD ./lwip-1.4.1/netif/ppp/auth.o
LOAD ./lwip-1.4.1/netif/ppp/chap.o
LOAD ./lwip-1.4.1/netif/ppp/chpms.o
LOAD ./lwip-1.4.1/netif/ppp/fsm.o
LOAD ./lwip-1.4.1/netif/ppp/ipcp.o
LOAD ./lwip-1.4.1/netif/ppp/lcp.o
LOAD ./lwip-1.4.1/netif/ppp/magic.o
LOAD ./lwip-1.4.1/netif/ppp/md5.o
LOAD ./lwip-1.4.1/netif/ppp/pap.o
LOAD ./lwip-1.4.1/netif/ppp/ppp.o
LOAD ./lwip-1.4.1/netif/ppp/ppp_oe.o
LOAD ./lwip-1.4.1/netif/ppp/randm.o
LOAD ./lwip-1.4.1/netif/ppp/vj.o
LOAD ./lwip-1.4.1/netif/etharp.o
LOAD ./lwip-1.4.1/netif/ethernetif.o
LOAD ./lwip-1.4.1/netif/m2sxxx_ethernetif.o
LOAD ./lwip-1.4.1/netif/slipif.o
LOAD ./lwip-1.4.1/core/snmp/asn1_dec.o
LOAD ./lwip-1.4.1/core/snmp/asn1_enc.o
LOAD ./lwip-1.4.1/core/snmp/mib2.o
LOAD ./lwip-1.4.1/core/snmp/mib_structs.o
LOAD ./lwip-1.4.1/core/snmp/msg_in.o
LOAD ./lwip-1.4.1/core/snmp/msg_out.o
LOAD ./lwip-1.4.1/core/ipv4/autoip.o
LOAD ./lwip-1.4.1/core/ipv4/icmp.o
LOAD ./lwip-1.4.1/core/ipv4/igmp.o
LOAD ./lwip-1.4.1/core/ipv4/inet.o
LOAD ./lwip-1.4.1/core/ipv4/inet_chksum.o
LOAD ./lwip-1.4.1/core/ipv4/ip.o
LOAD ./lwip-1.4.1/core/ipv4/ip_addr.o
LOAD ./lwip-1.4.1/core/ipv4/ip_frag.o
LOAD ./lwip-1.4.1/core/def.o
LOAD ./lwip-1.4.1/core/dhcp.o
LOAD ./lwip-1.4.1/core/dns.o
LOAD ./lwip-1.4.1/core/init.o
LOAD ./lwip-1.4.1/core/lwip_timers.o
LOAD ./lwip-1.4.1/core/mem.o
LOAD ./lwip-1.4.1/core/memp.o
LOAD ./lwip-1.4.1/core/netif.o
LOAD ./lwip-1.4.1/core/pbuf.o
LOAD ./lwip-1.4.1/core/raw.o
LOAD ./lwip-1.4.1/core/stats.o
LOAD ./lwip-1.4.1/core/sys.o
LOAD ./lwip-1.4.1/core/tcp.o
LOAD ./lwip-1.4.1/core/tcp_in.o
LOAD ./lwip-1.4.1/core/tcp_out.o
LOAD ./lwip-1.4.1/core/udp.o
LOAD ./lwip-1.4.1/api/api_lib.o
LOAD ./lwip-1.4.1/api/api_msg.o
LOAD ./lwip-1.4.1/api/err.o
LOAD ./lwip-1.4.1/api/netbuf.o
LOAD ./lwip-1.4.1/api/netdb.o
LOAD ./lwip-1.4.1/api/netifapi.o
LOAD ./lwip-1.4.1/api/sockets.o
LOAD ./lwip-1.4.1/api/tcpip.o
LOAD ./hal/CortexM3/GNU/hal.o
LOAD ./hal/CortexM3/GNU/hw_reg_access.o
LOAD ./hal/CortexM3/cortex_nvic.o
LOAD ./drivers_config/sys_config/sys_config.o
LOAD ./drivers/mss_uart/mss_uart.o
LOAD ./drivers/mss_sys_services/mss_comblk.o
LOAD ./drivers/mss_sys_services/mss_sys_services.o
LOAD ./drivers/mss_spi/mss_spi.o
LOAD ./drivers/mss_rtc/mss_rtc.o
LOAD ./drivers/mss_nvm/mss_nvm.o
LOAD ./drivers/mss_hpdma/mss_hpdma.o
LOAD ./drivers/mss_gpio/mss_gpio.o
LOAD ./drivers/mss_ethernet_mac/m88e1340_phy.o
LOAD ./drivers/mss_ethernet_mac/mss_ethernet_mac.o
LOAD ./FreeRTOS/portable/MemMang/heap_2.o
LOAD ./FreeRTOS/portable/GCC/ARM_CM3/port.o
LOAD ./FreeRTOS/croutine.o
LOAD ./FreeRTOS/list.o
LOAD ./FreeRTOS/queue.o
LOAD ./FreeRTOS/tasks.o
LOAD ./FreeRTOS/timers.o
LOAD ./CMSIS/startup_gcc/newlib_stubs.o
LOAD ./CMSIS/startup_gcc/startup_m2sxxx.o
LOAD ./CMSIS/system_m2sxxx.o
LOAD ./Application/httpserver-netconn.o
LOAD ./Application/mscc_logo.o
LOAD ./Application/psr_actel.o
LOAD ./main.o
LOAD ./sys_cfg.o
START GROUP
LOAD c:/microsemi/softconsole_v4.0/arm-none-eabi-gcc/bin/../lib/gcc/arm-none-eabi/4.9.3/armv7-m\libgcc.a
LOAD c:/microsemi/softconsole_v4.0/arm-none-eabi-gcc/bin/../lib/gcc/arm-none-eabi/4.9.3/../../../../arm-none-eabi/lib/armv7-m\libg_nano.a
LOAD c:/microsemi/softconsole_v4.0/arm-none-eabi-gcc/bin/../lib/gcc/arm-none-eabi/4.9.3/../../../../arm-none-eabi/lib/armv7-m\libc_nano.a
END GROUP
START GROUP
LOAD c:/microsemi/softconsole_v4.0/arm-none-eabi-gcc/bin/../lib/gcc/arm-none-eabi/4.9.3/armv7-m\libgcc.a
LOAD c:/microsemi/softconsole_v4.0/arm-none-eabi-gcc/bin/../lib/gcc/arm-none-eabi/4.9.3/../../../../arm-none-eabi/lib/armv7-m\libc_nano.a
END GROUP
LOAD c:/microsemi/softconsole_v4.0/arm-none-eabi-gcc/bin/../lib/gcc/arm-none-eabi/4.9.3/armv7-m/crtend.o
LOAD c:/microsemi/softconsole_v4.0/arm-none-eabi-gcc/bin/../lib/gcc/arm-none-eabi/4.9.3/armv7-m/crtn.o
START GROUP
LOAD c:/microsemi/softconsole_v4.0/arm-none-eabi-gcc/bin/../lib/gcc/arm-none-eabi/4.9.3/../../../../arm-none-eabi/lib/armv7-m\libc.a
LOAD c:/microsemi/softconsole_v4.0/arm-none-eabi-gcc/bin/../lib/gcc/arm-none-eabi/4.9.3/armv7-m\libgcc.a
LOAD c:/microsemi/softconsole_v4.0/arm-none-eabi-gcc/bin/../lib/gcc/arm-none-eabi/4.9.3/../../../../arm-none-eabi/lib/armv7-m\libm.a
END GROUP
                0x00000000                __DYNAMIC = 0x0
                0x20000000                RAM_START_ADDRESS = 0x20000000
                0x00010000                RAM_SIZE = 0x10000
                0x00001000                MAIN_STACK_SIZE = 0x1000
                0x00001000                MIN_SIZE_HEAP = 0x1000
                0x20010000                PROVIDE (__main_stack_start, (RAM_START_ADDRESS + RAM_SIZE))
                0x2000f000                PROVIDE (__process_stack_start, (__main_stack_start - MAIN_STACK_SIZE))
                0x20010000                PROVIDE (_estack, __main_stack_start)
                0x00000000                PROVIDE (__mirrored_nvm, 0x0)
                0x00000000                PROVIDE (__smartfusion2_memory_remap, 0x0)

.vector_table   0x00000000      0x190
                0x00000000                __vector_table_load = LOADADDR (.vector_table)
                0x00000000                __vector_table_start = .
                0x00000000                __vector_table_vma_base_address = .
 *(.isr_vector)
 .isr_vector    0x00000000      0x190 ./CMSIS/startup_gcc/startup_m2sxxx.o
                0x00000000                g_pfnVectors
                0x00000190                . = ALIGN (0x10)
                0x00000190                _evector_table = .

.boot_code      0x00000190      0x330
 *(.boot_code)
 .boot_code     0x00000190      0x324 ./CMSIS/startup_gcc/startup_m2sxxx.o
                0x00000190                Reset_Handler
                0x0000037e                NMI_Handler
                0x00000380                HardFault_Handler
                0x00000382                MemManage_Handler
                0x00000384                BusFault_Handler
                0x00000386                UsageFault_Handler
                0x0000038a                DebugMon_Handler
                0x00000390                WdogWakeup_IRQHandler
                0x00000392                RTC_Wakeup_IRQHandler
                0x00000398                I2C0_IRQHandler
                0x0000039a                I2C0_SMBAlert_IRQHandler
                0x0000039c                I2C0_SMBus_IRQHandler
                0x0000039e                I2C1_IRQHandler
                0x000003a0                I2C1_SMBAlert_IRQHandler
                0x000003a2                I2C1_SMBus_IRQHandler
                0x000003aa                DMA_IRQHandler
                0x000003ac                Timer1_IRQHandler
                0x000003ae                Timer2_IRQHandler
                0x000003b0                CAN_IRQHandler
                0x000003b2                ENVM0_IRQHandler
                0x000003b4                ENVM1_IRQHandler
                0x000003b8                USB_IRQHandler
                0x000003ba                USB_DMA_IRQHandler
                0x000003bc                PLL_Lock_IRQHandler
                0x000003be                PLL_LockLost_IRQHandler
                0x000003c0                CommSwitchError_IRQHandler
                0x000003c2                CacheError_IRQHandler
                0x000003c4                DDR_IRQHandler
                0x000003ca                ECC_Error_IRQHandler
                0x000003cc                MDDR_IOCalib_IRQHandler
                0x000003ce                FAB_PLL_Lock_IRQHandler
                0x000003d0                FAB_PLL_LockLost_IRQHandler
                0x000003d2                FIC64_IRQHandler
                0x000003d4                FabricIrq0_IRQHandler
                0x000003d6                FabricIrq1_IRQHandler
                0x000003d8                FabricIrq2_IRQHandler
                0x000003da                FabricIrq3_IRQHandler
                0x000003dc                FabricIrq4_IRQHandler
                0x000003de                FabricIrq5_IRQHandler
                0x000003e0                FabricIrq6_IRQHandler
                0x000003e2                FabricIrq7_IRQHandler
                0x000003e4                FabricIrq8_IRQHandler
                0x000003e6                FabricIrq9_IRQHandler
                0x000003e8                FabricIrq10_IRQHandler
                0x000003ea                FabricIrq11_IRQHandler
                0x000003ec                FabricIrq12_IRQHandler
                0x000003ee                FabricIrq13_IRQHandler
                0x000003f0                FabricIrq14_IRQHandler
                0x000003f2                FabricIrq15_IRQHandler
                0x000003f4                GPIO0_IRQHandler
                0x000003f6                GPIO1_IRQHandler
                0x000003f8                GPIO2_IRQHandler
                0x000003fa                GPIO3_IRQHandler
                0x000003fc                GPIO4_IRQHandler
                0x000003fe                GPIO5_IRQHandler
                0x00000400                GPIO6_IRQHandler
                0x00000402                GPIO7_IRQHandler
                0x00000404                GPIO8_IRQHandler
                0x00000406                GPIO9_IRQHandler
                0x00000408                GPIO10_IRQHandler
                0x0000040a                GPIO11_IRQHandler
                0x0000040c                GPIO12_IRQHandler
                0x0000040e                GPIO13_IRQHandler
                0x00000410                GPIO14_IRQHandler
                0x00000412                GPIO15_IRQHandler
                0x00000414                GPIO16_IRQHandler
                0x00000416                GPIO17_IRQHandler
                0x00000418                GPIO18_IRQHandler
                0x0000041a                GPIO19_IRQHandler
                0x0000041c                GPIO20_IRQHandler
                0x0000041e                GPIO21_IRQHandler
                0x00000420                GPIO22_IRQHandler
                0x00000422                GPIO23_IRQHandler
                0x00000424                GPIO24_IRQHandler
                0x00000426                GPIO25_IRQHandler
                0x00000428                GPIO26_IRQHandler
                0x0000042a                GPIO27_IRQHandler
                0x0000042c                GPIO28_IRQHandler
                0x0000042e                GPIO29_IRQHandler
                0x00000430                GPIO30_IRQHandler
                0x00000432                GPIO31_IRQHandler
                0x00000434                mscc_post_hw_cfg_init
                0x000004c0                . = ALIGN (0x10)
 *fill*         0x000004b4        0xc 

.text           0x000004c0    0x17740
 CREATE_OBJECT_SYMBOLS
                0x000004c0                __text_load = LOADADDR (.text)
                0x000004c0                __text_start = .
 *(.text .text.* .gnu.linkonce.t.*)
 .text          0x000004c0       0x5c c:/microsemi/softconsole_v4.0/arm-none-eabi-gcc/bin/../lib/gcc/arm-none-eabi/4.9.3/armv7-m/crtbegin.o
 .text.sys_mbox_new
                0x0000051c       0x12 ./lwip-1.4.1/port/FreeRTOS/M2SXXX/sys_arch.o
                0x0000051c                sys_mbox_new
 .text.sys_mbox_free
                0x0000052e       0x14 ./lwip-1.4.1/port/FreeRTOS/M2SXXX/sys_arch.o
                0x0000052e                sys_mbox_free
 .text.sys_mbox_valid
                0x00000542        0xa ./lwip-1.4.1/port/FreeRTOS/M2SXXX/sys_arch.o
                0x00000542                sys_mbox_valid
 .text.sys_mbox_set_invalid
                0x0000054c        0x6 ./lwip-1.4.1/port/FreeRTOS/M2SXXX/sys_arch.o
                0x0000054c                sys_mbox_set_invalid
 .text.sys_mbox_post
                0x00000552       0x1c ./lwip-1.4.1/port/FreeRTOS/M2SXXX/sys_arch.o
                0x00000552                sys_mbox_post
 *fill*         0x0000056e        0x2 
 .text.sys_mbox_trypost
                0x00000570       0x4c ./lwip-1.4.1/port/FreeRTOS/M2SXXX/sys_arch.o
                0x00000570                sys_mbox_trypost
 .text.sys_arch_mbox_fetch
                0x000005bc       0x4a ./lwip-1.4.1/port/FreeRTOS/M2SXXX/sys_arch.o
                0x000005bc                sys_arch_mbox_fetch
 .text.sys_arch_mbox_tryfetch
                0x00000606       0x20 ./lwip-1.4.1/port/FreeRTOS/M2SXXX/sys_arch.o
                0x00000606                sys_arch_mbox_tryfetch
 .text.sys_sem_new
                0x00000626       0x36 ./lwip-1.4.1/port/FreeRTOS/M2SXXX/sys_arch.o
                0x00000626                sys_sem_new
 .text.sys_arch_sem_wait
                0x0000065c       0x40 ./lwip-1.4.1/port/FreeRTOS/M2SXXX/sys_arch.o
                0x0000065c                sys_arch_sem_wait
 .text.sys_sem_signal
                0x0000069c        0xc ./lwip-1.4.1/port/FreeRTOS/M2SXXX/sys_arch.o
                0x0000069c                sys_sem_signal
 .text.sys_sem_free
                0x000006a8        0x6 ./lwip-1.4.1/port/FreeRTOS/M2SXXX/sys_arch.o
                0x000006a8                sys_sem_free
 .text.sys_sem_valid
                0x000006ae        0x4 ./lwip-1.4.1/port/FreeRTOS/M2SXXX/sys_arch.o
                0x000006ae                sys_sem_valid
 .text.sys_sem_set_invalid
                0x000006b2        0x2 ./lwip-1.4.1/port/FreeRTOS/M2SXXX/sys_arch.o
                0x000006b2                sys_sem_set_invalid
 .text.sys_init
                0x000006b4        0x2 ./lwip-1.4.1/port/FreeRTOS/M2SXXX/sys_arch.o
                0x000006b4                sys_init
 .text.sys_thread_new
                0x000006b6       0x2e ./lwip-1.4.1/port/FreeRTOS/M2SXXX/sys_arch.o
                0x000006b6                sys_thread_new
 .text.sys_arch_protect
                0x000006e4        0xa ./lwip-1.4.1/port/FreeRTOS/M2SXXX/sys_arch.o
                0x000006e4                sys_arch_protect
 .text.sys_arch_unprotect
                0x000006ee        0x4 ./lwip-1.4.1/port/FreeRTOS/M2SXXX/sys_arch.o
                0x000006ee                sys_arch_unprotect
 *fill*         0x000006f2        0x2 
 .text.sys_arch_random
                0x000006f4        0x8 ./lwip-1.4.1/port/FreeRTOS/M2SXXX/sys_arch.o
                0x000006f4                sys_arch_random
 .text.etharp_free_entry
                0x000006fc       0x28 ./lwip-1.4.1/netif/etharp.o
 .text.ITM_SendChar
                0x00000724       0x28 ./lwip-1.4.1/netif/etharp.o
 .text.etharp_find_entry
                0x0000074c      0x14c ./lwip-1.4.1/netif/etharp.o
 .text.etharp_send_ip
                0x00000898       0x54 ./lwip-1.4.1/netif/etharp.o
 .text.etharp_tmr
                0x000008ec       0x40 ./lwip-1.4.1/netif/etharp.o
                0x000008ec                etharp_tmr
 .text.etharp_cleanup_netif
                0x0000092c       0x28 ./lwip-1.4.1/netif/etharp.o
                0x0000092c                etharp_cleanup_netif
 .text.etharp_request
                0x00000954       0xec ./lwip-1.4.1/netif/etharp.o
                0x00000954                etharp_request
 .text.etharp_output_to_arp_index
                0x00000a40       0x70 ./lwip-1.4.1/netif/etharp.o
 .text.etharp_query
                0x00000ab0      0x134 ./lwip-1.4.1/netif/etharp.o
                0x00000ab0                etharp_query
 .text.etharp_output
                0x00000be4      0x134 ./lwip-1.4.1/netif/etharp.o
                0x00000be4                etharp_output
 .text.ethernet_input
                0x00000d18      0x1fc ./lwip-1.4.1/netif/etharp.o
                0x00000d18                ethernet_input
 .text.packet_tx_complete_handler
                0x00000f14        0x6 ./lwip-1.4.1/netif/m2sxxx_ethernetif.o
 *fill*         0x00000f1a        0x2 
 .text.mac_rx_callback
                0x00000f1c      0x124 ./lwip-1.4.1/netif/m2sxxx_ethernetif.o
                0x00000f1c                mac_rx_callback
 .text.low_level_output
                0x00001040       0x58 ./lwip-1.4.1/netif/m2sxxx_ethernetif.o
 .text.ethernetif_init
                0x00001098       0xf4 ./lwip-1.4.1/netif/m2sxxx_ethernetif.o
                0x00001098                ethernetif_init
 .text.ITM_SendChar
                0x0000118c       0x28 ./lwip-1.4.1/core/ipv4/icmp.o
 .text.icmp_send_response.isra.1
                0x000011b4       0x90 ./lwip-1.4.1/core/ipv4/icmp.o
 .text.icmp_input
                0x00001244      0x1a8 ./lwip-1.4.1/core/ipv4/icmp.o
                0x00001244                icmp_input
 .text.icmp_dest_unreach
                0x000013ec        0xa ./lwip-1.4.1/core/ipv4/icmp.o
                0x000013ec                icmp_dest_unreach
 .text.icmp_time_exceeded
                0x000013f6        0xa ./lwip-1.4.1/core/ipv4/icmp.o
                0x000013f6                icmp_time_exceeded
 .text.ITM_SendChar
                0x00001400       0x28 ./lwip-1.4.1/core/ipv4/igmp.o
 .text.igmp_send
                0x00001428       0xc0 ./lwip-1.4.1/core/ipv4/igmp.o
 .text.igmp_lookup_group.part.2
                0x000014e8       0x34 ./lwip-1.4.1/core/ipv4/igmp.o
 .text.igmp_delaying_member
                0x0000151c       0x36 ./lwip-1.4.1/core/ipv4/igmp.o
 *fill*         0x00001552        0x2 
 .text.igmp_init
                0x00001554       0x1c ./lwip-1.4.1/core/ipv4/igmp.o
                0x00001554                igmp_init
 .text.igmp_report_groups
                0x00001570       0x24 ./lwip-1.4.1/core/ipv4/igmp.o
                0x00001570                igmp_report_groups
 .text.igmp_lookfor_group
                0x00001594       0x20 ./lwip-1.4.1/core/ipv4/igmp.o
                0x00001594                igmp_lookfor_group
 .text.igmp_start
                0x000015b4       0x40 ./lwip-1.4.1/core/ipv4/igmp.o
                0x000015b4                igmp_start
 .text.igmp_input
                0x000015f4       0xc4 ./lwip-1.4.1/core/ipv4/igmp.o
                0x000015f4                igmp_input
 .text.igmp_tmr
                0x000016b8       0x2c ./lwip-1.4.1/core/ipv4/igmp.o
                0x000016b8                igmp_tmr
 .text.lwip_standard_chksum
                0x000016e4       0x5a ./lwip-1.4.1/core/ipv4/inet_chksum.o
 .text.inet_chksum_pseudo
                0x0000173e       0x88 ./lwip-1.4.1/core/ipv4/inet_chksum.o
                0x0000173e                inet_chksum_pseudo
 .text.inet_chksum
                0x000017c6        0xc ./lwip-1.4.1/core/ipv4/inet_chksum.o
                0x000017c6                inet_chksum
 .text.inet_chksum_pbuf
                0x000017d2       0x48 ./lwip-1.4.1/core/ipv4/inet_chksum.o
                0x000017d2                inet_chksum_pbuf
 .text.ITM_SendChar
                0x0000181a       0x28 ./lwip-1.4.1/core/ipv4/ip.o
 *fill*         0x00001842        0x2 
 .text.ip_route
                0x00001844       0x3c ./lwip-1.4.1/core/ipv4/ip.o
                0x00001844                ip_route
 .text.ip_input
                0x00001880      0x1c0 ./lwip-1.4.1/core/ipv4/ip.o
                0x00001880                ip_input
 .text.ip_output_if_opt
                0x00001a40      0x1b0 ./lwip-1.4.1/core/ipv4/ip.o
                0x00001a40                ip_output_if_opt
 .text.ip_output_if
                0x00001bf0       0x22 ./lwip-1.4.1/core/ipv4/ip.o
                0x00001bf0                ip_output_if
 *fill*         0x00001c12        0x2 
 .text.ip_output
                0x00001c14       0x54 ./lwip-1.4.1/core/ipv4/ip.o
                0x00001c14                ip_output
 .text.ip4_addr_isbroadcast
                0x00001c68       0x3a ./lwip-1.4.1/core/ipv4/ip_addr.o
                0x00001c68                ip4_addr_isbroadcast
 .text.ITM_SendChar
                0x00001ca2       0x28 ./lwip-1.4.1/core/ipv4/ip_frag.o
 *fill*         0x00001cca        0x2 
 .text.ip_reass_dequeue_datagram
                0x00001ccc       0x40 ./lwip-1.4.1/core/ipv4/ip_frag.o
 .text.ip_reass_free_complete_datagram
                0x00001d0c       0xe4 ./lwip-1.4.1/core/ipv4/ip_frag.o
 .text.ip_reass_remove_oldest_datagram
                0x00001df0       0x68 ./lwip-1.4.1/core/ipv4/ip_frag.o
 .text.ip_frag_free_pbuf_custom_ref
                0x00001e58       0x28 ./lwip-1.4.1/core/ipv4/ip_frag.o
 .text.ipfrag_free_pbuf_custom
                0x00001e80       0x2c ./lwip-1.4.1/core/ipv4/ip_frag.o
 .text.ip_reass_tmr
                0x00001eac       0x28 ./lwip-1.4.1/core/ipv4/ip_frag.o
                0x00001eac                ip_reass_tmr
 .text.ip_reass
                0x00001ed4      0x334 ./lwip-1.4.1/core/ipv4/ip_frag.o
                0x00001ed4                ip_reass
 .text.ip_frag  0x00002208      0x198 ./lwip-1.4.1/core/ipv4/ip_frag.o
                0x00002208                ip_frag
 .text.lwip_htons
                0x000023a0        0x6 ./lwip-1.4.1/core/def.o
                0x000023a0                lwip_htons
 .text.lwip_ntohs
                0x000023a6        0x6 ./lwip-1.4.1/core/def.o
                0x000023a6                lwip_ntohs
 .text.lwip_htonl
                0x000023ac        0x4 ./lwip-1.4.1/core/def.o
                0x000023ac                lwip_htonl
 .text.lwip_ntohl
                0x000023b0        0x4 ./lwip-1.4.1/core/def.o
                0x000023b0                lwip_ntohl
 .text.dhcp_set_state
                0x000023b4       0x10 ./lwip-1.4.1/core/dhcp.o
 .text.ITM_SendChar
                0x000023c4       0x28 ./lwip-1.4.1/core/dhcp.o
 .text.dhcp_option
                0x000023ec       0x44 ./lwip-1.4.1/core/dhcp.o
 .text.dhcp_option_byte
                0x00002430       0x30 ./lwip-1.4.1/core/dhcp.o
 .text.dhcp_option_short
                0x00002460       0x44 ./lwip-1.4.1/core/dhcp.o
 .text.dhcp_option_long
                0x000024a4       0x68 ./lwip-1.4.1/core/dhcp.o
 .text.dhcp_create_msg
                0x0000250c      0x180 ./lwip-1.4.1/core/dhcp.o
 .text.unlikely.dhcp_bind
                0x0000268c       0xdc ./lwip-1.4.1/core/dhcp.o
 .text.dhcp_option_trailer
                0x00002768       0x74 ./lwip-1.4.1/core/dhcp.o
 .text.dhcp_delete_msg
                0x000027dc       0x5c ./lwip-1.4.1/core/dhcp.o
 .text.dhcp_rebind
                0x00002838       0x8c ./lwip-1.4.1/core/dhcp.o
 .text.dhcp_discover
                0x000028c4       0xb4 ./lwip-1.4.1/core/dhcp.o
 .text.dhcp_select
                0x00002978       0xe0 ./lwip-1.4.1/core/dhcp.o
 .text.dhcp_reboot
                0x00002a58       0xa4 ./lwip-1.4.1/core/dhcp.o
 .text.dhcp_recv
                0x00002afc      0x538 ./lwip-1.4.1/core/dhcp.o
 .text.dhcp_renew
                0x00003034       0x88 ./lwip-1.4.1/core/dhcp.o
                0x00003034                dhcp_renew
 .text.dhcp_coarse_tmr
                0x000030bc       0x54 ./lwip-1.4.1/core/dhcp.o
                0x000030bc                dhcp_coarse_tmr
 .text.dhcp_release
                0x00003110       0xa8 ./lwip-1.4.1/core/dhcp.o
                0x00003110                dhcp_release
 .text.dhcp_fine_tmr
                0x000031b8       0x84 ./lwip-1.4.1/core/dhcp.o
                0x000031b8                dhcp_fine_tmr
 .text.dhcp_stop
                0x0000323c       0x5c ./lwip-1.4.1/core/dhcp.o
                0x0000323c                dhcp_stop
 .text.dhcp_start
                0x00003298       0xe8 ./lwip-1.4.1/core/dhcp.o
                0x00003298                dhcp_start
 .text.lwip_init
                0x00003380       0x2a ./lwip-1.4.1/core/init.o
                0x00003380                lwip_init
 *fill*         0x000033aa        0x2 
 .text.sys_timeout
                0x000033ac       0x8c ./lwip-1.4.1/core/lwip_timers.o
                0x000033ac                sys_timeout
 .text.tcp_timer_needed
                0x00003438       0x34 ./lwip-1.4.1/core/lwip_timers.o
                0x00003438                tcp_timer_needed
 .text.tcpip_tcp_timer
                0x0000346c       0x38 ./lwip-1.4.1/core/lwip_timers.o
 .text.sys_timeouts_init
                0x000034a4       0x54 ./lwip-1.4.1/core/lwip_timers.o
                0x000034a4                sys_timeouts_init
 .text.igmp_timer
                0x000034f8       0x18 ./lwip-1.4.1/core/lwip_timers.o
 .text.dhcp_timer_fine
                0x00003510       0x1c ./lwip-1.4.1/core/lwip_timers.o
 .text.dhcp_timer_coarse
                0x0000352c       0x1c ./lwip-1.4.1/core/lwip_timers.o
 .text.arp_timer
                0x00003548       0x1c ./lwip-1.4.1/core/lwip_timers.o
 .text.ip_reass_timer
                0x00003564       0x1c ./lwip-1.4.1/core/lwip_timers.o
 .text.sys_untimeout
                0x00003580       0x48 ./lwip-1.4.1/core/lwip_timers.o
                0x00003580                sys_untimeout
 .text.sys_timeouts_mbox_fetch
                0x000035c8       0x58 ./lwip-1.4.1/core/lwip_timers.o
                0x000035c8                sys_timeouts_mbox_fetch
 .text.ITM_SendChar
                0x00003620       0x28 ./lwip-1.4.1/core/mem.o
 .text.mem_init
                0x00003648       0x5c ./lwip-1.4.1/core/mem.o
                0x00003648                mem_init
 .text.mem_free
                0x000036a4      0x180 ./lwip-1.4.1/core/mem.o
                0x000036a4                mem_free
 .text.mem_trim
                0x00003824      0x118 ./lwip-1.4.1/core/mem.o
                0x00003824                mem_trim
 .text.mem_malloc
                0x0000393c      0x140 ./lwip-1.4.1/core/mem.o
                0x0000393c                mem_malloc
 .text.ITM_SendChar
                0x00003a7c       0x28 ./lwip-1.4.1/core/memp.o
 .text.memp_init
                0x00003aa4       0x48 ./lwip-1.4.1/core/memp.o
                0x00003aa4                memp_init
 .text.memp_malloc
                0x00003aec       0x58 ./lwip-1.4.1/core/memp.o
                0x00003aec                memp_malloc
 .text.memp_free
                0x00003b44       0x80 ./lwip-1.4.1/core/memp.o
                0x00003b44                memp_free
 .text.netif_init
                0x00003bc4        0x2 ./lwip-1.4.1/core/netif.o
                0x00003bc4                netif_init
 *fill*         0x00003bc6        0x2 
 .text.netif_set_ipaddr
                0x00003bc8       0x50 ./lwip-1.4.1/core/netif.o
                0x00003bc8                netif_set_ipaddr
 .text.netif_set_addr
                0x00003c18       0x1a ./lwip-1.4.1/core/netif.o
                0x00003c18                netif_set_addr
 *fill*         0x00003c32        0x2 
 .text.netif_add
                0x00003c34       0xa0 ./lwip-1.4.1/core/netif.o
                0x00003c34                netif_add
 .text.netif_set_gw
                0x00003cd4        0x8 ./lwip-1.4.1/core/netif.o
                0x00003cd4                netif_set_gw
 .text.netif_set_netmask
                0x00003cdc        0x8 ./lwip-1.4.1/core/netif.o
                0x00003cdc                netif_set_netmask
 .text.netif_set_default
                0x00003ce4        0xc ./lwip-1.4.1/core/netif.o
                0x00003ce4                netif_set_default
 .text.netif_set_up
                0x00003cf0       0x36 ./lwip-1.4.1/core/netif.o
                0x00003cf0                netif_set_up
 .text.netif_set_down
                0x00003d26       0x1a ./lwip-1.4.1/core/netif.o
                0x00003d26                netif_set_down
 .text.pbuf_free_ooseq_callback
                0x00003d40       0x34 ./lwip-1.4.1/core/pbuf.o
 .text.ITM_SendChar
                0x00003d74       0x28 ./lwip-1.4.1/core/pbuf.o
 .text.pbuf_pool_is_empty
                0x00003d9c       0x3c ./lwip-1.4.1/core/pbuf.o
 .text.pbuf_alloced_custom
                0x00003dd8       0x68 ./lwip-1.4.1/core/pbuf.o
                0x00003dd8                pbuf_alloced_custom
 .text.pbuf_header
                0x00003e40       0x9c ./lwip-1.4.1/core/pbuf.o
                0x00003e40                pbuf_header
 .text.pbuf_free
                0x00003edc       0xc4 ./lwip-1.4.1/core/pbuf.o
                0x00003edc                pbuf_free
 .text.pbuf_alloc
                0x00003fa0      0x1bc ./lwip-1.4.1/core/pbuf.o
                0x00003fa0                pbuf_alloc
 .text.pbuf_realloc
                0x0000415c       0xcc ./lwip-1.4.1/core/pbuf.o
                0x0000415c                pbuf_realloc
 .text.pbuf_clen
                0x00004228       0x10 ./lwip-1.4.1/core/pbuf.o
                0x00004228                pbuf_clen
 .text.pbuf_ref
                0x00004238       0x1a ./lwip-1.4.1/core/pbuf.o
                0x00004238                pbuf_ref
 *fill*         0x00004252        0x2 
 .text.pbuf_cat
                0x00004254       0x70 ./lwip-1.4.1/core/pbuf.o
                0x00004254                pbuf_cat
 .text.pbuf_chain
                0x000042c4       0x12 ./lwip-1.4.1/core/pbuf.o
                0x000042c4                pbuf_chain
 *fill*         0x000042d6        0x2 
 .text.pbuf_copy
                0x000042d8      0x110 ./lwip-1.4.1/core/pbuf.o
                0x000042d8                pbuf_copy
 .text.pbuf_copy_partial
                0x000043e8       0x8c ./lwip-1.4.1/core/pbuf.o
                0x000043e8                pbuf_copy_partial
 .text.raw_input
                0x00004474       0x74 ./lwip-1.4.1/core/raw.o
                0x00004474                raw_input
 .text.raw_bind
                0x000044e8        0xa ./lwip-1.4.1/core/raw.o
                0x000044e8                raw_bind
 .text.raw_recv
                0x000044f2        0x6 ./lwip-1.4.1/core/raw.o
                0x000044f2                raw_recv
 .text.raw_remove
                0x000044f8       0x2c ./lwip-1.4.1/core/raw.o
                0x000044f8                raw_remove
 .text.raw_new  0x00004524       0x2c ./lwip-1.4.1/core/raw.o
                0x00004524                raw_new
 .text.tcp_accept_null
                0x00004550        0x6 ./lwip-1.4.1/core/tcp.o
 *fill*         0x00004556        0x2 
 .text.tcp_new_port
                0x00004558       0x50 ./lwip-1.4.1/core/tcp.o
 .text.ITM_SendChar
                0x000045a8       0x28 ./lwip-1.4.1/core/tcp.o
 .text.tcp_init
                0x000045d0        0x2 ./lwip-1.4.1/core/tcp.o
                0x000045d0                tcp_init
 *fill*         0x000045d2        0x2 
 .text.tcp_bind
                0x000045d4       0x9c ./lwip-1.4.1/core/tcp.o
                0x000045d4                tcp_bind
 .text.tcp_listen_with_backlog
                0x00004670       0xcc ./lwip-1.4.1/core/tcp.o
                0x00004670                tcp_listen_with_backlog
 .text.tcp_update_rcv_ann_wnd
                0x0000473c       0x54 ./lwip-1.4.1/core/tcp.o
                0x0000473c                tcp_update_rcv_ann_wnd
 .text.tcp_recved
                0x00004790       0x74 ./lwip-1.4.1/core/tcp.o
                0x00004790                tcp_recved
 .text.tcp_seg_free
                0x00004804       0x1c ./lwip-1.4.1/core/tcp.o
                0x00004804                tcp_seg_free
 .text.tcp_segs_free
                0x00004820       0x10 ./lwip-1.4.1/core/tcp.o
                0x00004820                tcp_segs_free
 .text.tcp_seg_copy
                0x00004830       0x2c ./lwip-1.4.1/core/tcp.o
                0x00004830                tcp_seg_copy
 .text.tcp_arg  0x0000485c        0x4 ./lwip-1.4.1/core/tcp.o
                0x0000485c                tcp_arg
 .text.tcp_recv
                0x00004860       0x28 ./lwip-1.4.1/core/tcp.o
                0x00004860                tcp_recv
 .text.tcp_sent
                0x00004888       0x24 ./lwip-1.4.1/core/tcp.o
                0x00004888                tcp_sent
 .text.tcp_err  0x000048ac       0x28 ./lwip-1.4.1/core/tcp.o
                0x000048ac                tcp_err
 .text.tcp_accept
                0x000048d4        0x4 ./lwip-1.4.1/core/tcp.o
                0x000048d4                tcp_accept
 .text.tcp_poll
                0x000048d8       0x2c ./lwip-1.4.1/core/tcp.o
                0x000048d8                tcp_poll
 .text.tcp_pcb_purge
                0x00004904       0x40 ./lwip-1.4.1/core/tcp.o
                0x00004904                tcp_pcb_purge
 .text.tcp_slowtmr
                0x00004944      0x388 ./lwip-1.4.1/core/tcp.o
                0x00004944                tcp_slowtmr
 .text.tcp_pcb_remove
                0x00004ccc       0xa8 ./lwip-1.4.1/core/tcp.o
                0x00004ccc                tcp_pcb_remove
 .text.tcp_close_shutdown
                0x00004d74      0x148 ./lwip-1.4.1/core/tcp.o
 .text.tcp_close
                0x00004ebc       0x14 ./lwip-1.4.1/core/tcp.o
                0x00004ebc                tcp_close
 .text.tcp_recv_null
                0x00004ed0       0x24 ./lwip-1.4.1/core/tcp.o
                0x00004ed0                tcp_recv_null
 .text.tcp_process_refused_data
                0x00004ef4       0x60 ./lwip-1.4.1/core/tcp.o
                0x00004ef4                tcp_process_refused_data
 .text.tcp_fasttmr
                0x00004f54       0x68 ./lwip-1.4.1/core/tcp.o
                0x00004f54                tcp_fasttmr
 .text.tcp_tmr  0x00004fbc       0x24 ./lwip-1.4.1/core/tcp.o
                0x00004fbc                tcp_tmr
 .text.tcp_shutdown
                0x00004fe0       0x50 ./lwip-1.4.1/core/tcp.o
                0x00004fe0                tcp_shutdown
 .text.tcp_abandon
                0x00005030       0xb8 ./lwip-1.4.1/core/tcp.o
                0x00005030                tcp_abandon
 .text.tcp_abort
                0x000050e8        0x6 ./lwip-1.4.1/core/tcp.o
                0x000050e8                tcp_abort
 *fill*         0x000050ee        0x2 
 .text.tcp_next_iss
                0x000050f0       0x18 ./lwip-1.4.1/core/tcp.o
                0x000050f0                tcp_next_iss
 .text.tcp_alloc
                0x00005108      0x104 ./lwip-1.4.1/core/tcp.o
                0x00005108                tcp_alloc
 .text.tcp_new  0x0000520c        0x6 ./lwip-1.4.1/core/tcp.o
                0x0000520c                tcp_new
 .text.tcp_eff_send_mss
                0x00005212       0x1e ./lwip-1.4.1/core/tcp.o
                0x00005212                tcp_eff_send_mss
 .text.tcp_oos_insert_segment
                0x00005230       0x78 ./lwip-1.4.1/core/tcp_in.o
 .text.ITM_SendChar
                0x000052a8       0x28 ./lwip-1.4.1/core/tcp_in.o
 .text.tcp_receive
                0x000052d0      0x9c8 ./lwip-1.4.1/core/tcp_in.o
 .text.tcp_parseopt.isra.1
                0x00005c98       0x7c ./lwip-1.4.1/core/tcp_in.o
 .text.tcp_input
                0x00005d14      0x9f0 ./lwip-1.4.1/core/tcp_in.o
                0x00005d14                tcp_input
 .text.tcp_create_segment
                0x00006704       0xba ./lwip-1.4.1/core/tcp_out.o
 .text.ITM_SendChar
                0x000067be       0x28 ./lwip-1.4.1/core/tcp_out.o
 *fill*         0x000067e6        0x2 
 .text.tcp_pbuf_prealloc
                0x000067e8       0x6c ./lwip-1.4.1/core/tcp_out.o
 .text.tcp_output_alloc_header.constprop.1
                0x00006854       0x70 ./lwip-1.4.1/core/tcp_out.o
 .text.tcp_write
                0x000068c4      0x474 ./lwip-1.4.1/core/tcp_out.o
                0x000068c4                tcp_write
 .text.tcp_enqueue_flags
                0x00006d38      0x130 ./lwip-1.4.1/core/tcp_out.o
                0x00006d38                tcp_enqueue_flags
 .text.tcp_send_fin
                0x00006e68       0x44 ./lwip-1.4.1/core/tcp_out.o
                0x00006e68                tcp_send_fin
 .text.tcp_send_empty_ack
                0x00006eac       0x5a ./lwip-1.4.1/core/tcp_out.o
                0x00006eac                tcp_send_empty_ack
 *fill*         0x00006f06        0x2 
 .text.tcp_output
                0x00006f08      0x2c8 ./lwip-1.4.1/core/tcp_out.o
                0x00006f08                tcp_output
 .text.tcp_rst  0x000071d0       0xac ./lwip-1.4.1/core/tcp_out.o
                0x000071d0                tcp_rst
 .text.tcp_rexmit_rto
                0x0000727c       0x2e ./lwip-1.4.1/core/tcp_out.o
                0x0000727c                tcp_rexmit_rto
 .text.tcp_rexmit
                0x000072aa       0x50 ./lwip-1.4.1/core/tcp_out.o
                0x000072aa                tcp_rexmit
 .text.tcp_rexmit_fast
                0x000072fa       0x50 ./lwip-1.4.1/core/tcp_out.o
                0x000072fa                tcp_rexmit_fast
 .text.tcp_keepalive
                0x0000734a       0x52 ./lwip-1.4.1/core/tcp_out.o
                0x0000734a                tcp_keepalive
 .text.tcp_zero_window_probe
                0x0000739c       0xaa ./lwip-1.4.1/core/tcp_out.o
                0x0000739c                tcp_zero_window_probe
 .text.ITM_SendChar
                0x00007446       0x28 ./lwip-1.4.1/core/udp.o
 .text.udp_init
                0x0000746e        0x2 ./lwip-1.4.1/core/udp.o
                0x0000746e                udp_init
 .text.udp_input
                0x00007470      0x1b8 ./lwip-1.4.1/core/udp.o
                0x00007470                udp_input
 .text.udp_bind
                0x00007628       0xc4 ./lwip-1.4.1/core/udp.o
                0x00007628                udp_bind
 .text.udp_sendto_if
                0x000076ec      0x114 ./lwip-1.4.1/core/udp.o
                0x000076ec                udp_sendto_if
 .text.udp_connect
                0x00007800       0x4c ./lwip-1.4.1/core/udp.o
                0x00007800                udp_connect
 .text.udp_recv
                0x0000784c        0x6 ./lwip-1.4.1/core/udp.o
                0x0000784c                udp_recv
 *fill*         0x00007852        0x2 
 .text.udp_remove
                0x00007854       0x2c ./lwip-1.4.1/core/udp.o
                0x00007854                udp_remove
 .text.udp_new  0x00007880       0x1c ./lwip-1.4.1/core/udp.o
                0x00007880                udp_new
 .text.ITM_SendChar
                0x0000789c       0x28 ./lwip-1.4.1/api/api_lib.o
 .text.netconn_recv_data
                0x000078c4      0x118 ./lwip-1.4.1/api/api_lib.o
 .text.netconn_close_shutdown
                0x000079dc       0x50 ./lwip-1.4.1/api/api_lib.o
 .text.netconn_new_with_proto_and_callback
                0x00007a2c       0xc0 ./lwip-1.4.1/api/api_lib.o
                0x00007a2c                netconn_new_with_proto_and_callback
 .text.netconn_delete
                0x00007aec       0x24 ./lwip-1.4.1/api/api_lib.o
                0x00007aec                netconn_delete
 .text.netconn_bind
                0x00007b10       0x54 ./lwip-1.4.1/api/api_lib.o
                0x00007b10                netconn_bind
 .text.netconn_listen_with_backlog
                0x00007b64       0x4c ./lwip-1.4.1/api/api_lib.o
                0x00007b64                netconn_listen_with_backlog
 .text.netconn_accept
                0x00007bb0       0xb8 ./lwip-1.4.1/api/api_lib.o
                0x00007bb0                netconn_accept
 .text.netconn_recv
                0x00007c68       0xd0 ./lwip-1.4.1/api/api_lib.o
                0x00007c68                netconn_recv
 .text.netconn_write_partly
                0x00007d38       0xa8 ./lwip-1.4.1/api/api_lib.o
                0x00007d38                netconn_write_partly
 .text.netconn_close
                0x00007de0        0x6 ./lwip-1.4.1/api/api_lib.o
                0x00007de0                netconn_close
 *fill*         0x00007de6        0x2 
 .text.recv_raw
                0x00007de8       0x7c ./lwip-1.4.1/api/api_msg.o
 .text.setup_tcp
                0x00007e64       0x44 ./lwip-1.4.1/api/api_msg.o
 .text.ITM_SendChar
                0x00007ea8       0x28 ./lwip-1.4.1/api/api_msg.o
 .text.recv_udp
                0x00007ed0       0xb4 ./lwip-1.4.1/api/api_msg.o
 .text.err_tcp  0x00007f84       0xdc ./lwip-1.4.1/api/api_msg.o
 .text.do_writemore
                0x00008060      0x190 ./lwip-1.4.1/api/api_msg.o
 .text.do_close_internal
                0x000081f0      0x18c ./lwip-1.4.1/api/api_msg.o
 .text.poll_tcp
                0x0000837c       0x6c ./lwip-1.4.1/api/api_msg.o
 .text.recv_tcp
                0x000083e8       0xb8 ./lwip-1.4.1/api/api_msg.o
 .text.sent_tcp
                0x000084a0       0x68 ./lwip-1.4.1/api/api_msg.o
 .text.do_newconn
                0x00008508       0x90 ./lwip-1.4.1/api/api_msg.o
                0x00008508                do_newconn
 .text.netconn_alloc
                0x00008598       0x68 ./lwip-1.4.1/api/api_msg.o
                0x00008598                netconn_alloc
 .text.netconn_free
                0x00008600       0x74 ./lwip-1.4.1/api/api_msg.o
                0x00008600                netconn_free
 .text.netconn_drain
                0x00008674       0xb0 ./lwip-1.4.1/api/api_msg.o
 .text.accept_function
                0x00008724       0x9c ./lwip-1.4.1/api/api_msg.o
 .text.do_delconn
                0x000087c0       0xe8 ./lwip-1.4.1/api/api_msg.o
                0x000087c0                do_delconn
 .text.do_bind  0x000088a8       0x54 ./lwip-1.4.1/api/api_msg.o
                0x000088a8                do_bind
 .text.do_listen
                0x000088fc       0xb0 ./lwip-1.4.1/api/api_msg.o
                0x000088fc                do_listen
 .text.do_recv  0x000089ac       0x40 ./lwip-1.4.1/api/api_msg.o
                0x000089ac                do_recv
 .text.do_write
                0x000089ec       0x7c ./lwip-1.4.1/api/api_msg.o
                0x000089ec                do_write
 .text.do_close
                0x00008a68       0x8c ./lwip-1.4.1/api/api_msg.o
                0x00008a68                do_close
 .text.ITM_SendChar
                0x00008af4       0x28 ./lwip-1.4.1/api/netbuf.o
 .text.netbuf_delete
                0x00008b1c       0x22 ./lwip-1.4.1/api/netbuf.o
                0x00008b1c                netbuf_delete
 *fill*         0x00008b3e        0x2 
 .text.netbuf_data
                0x00008b40       0x5c ./lwip-1.4.1/api/netbuf.o
                0x00008b40                netbuf_data
 .text.lwip_socket_init
                0x00008b9c        0x2 ./lwip-1.4.1/api/sockets.o
                0x00008b9c                lwip_socket_init
 .text.ITM_SendChar
                0x00008b9e       0x28 ./lwip-1.4.1/api/tcpip.o
 *fill*         0x00008bc6        0x2 
 .text.tcpip_thread
                0x00008bc8       0xa0 ./lwip-1.4.1/api/tcpip.o
 .text.tcpip_input
                0x00008c68       0x44 ./lwip-1.4.1/api/tcpip.o
                0x00008c68                tcpip_input
 .text.tcpip_callback_with_block
                0x00008cac       0x50 ./lwip-1.4.1/api/tcpip.o
                0x00008cac                tcpip_callback_with_block
 .text.tcpip_apimsg
                0x00008cfc       0x38 ./lwip-1.4.1/api/tcpip.o
                0x00008cfc                tcpip_apimsg
 .text.tcpip_init
                0x00008d34       0x5c ./lwip-1.4.1/api/tcpip.o
                0x00008d34                tcpip_init
 .text.set_bit_reg8
                0x00008d90       0x18 ./drivers/mss_uart/mss_uart.o
 .text.clear_bit_reg8
                0x00008da8       0x18 ./drivers/mss_uart/mss_uart.o
 .text.read_bit_reg8
                0x00008dc0       0x18 ./drivers/mss_uart/mss_uart.o
 .text.default_tx_handler
                0x00008dd8       0x84 ./drivers/mss_uart/mss_uart.o
 .text.MSS_UART_isr.part.0
                0x00008e5c       0xac ./drivers/mss_uart/mss_uart.o
 .text.global_init
                0x00008f08      0x1e8 ./drivers/mss_uart/mss_uart.o
 .text.MSS_UART_init
                0x000090f0       0x48 ./drivers/mss_uart/mss_uart.o
                0x000090f0                MSS_UART_init
 .text.MSS_UART_polled_tx
                0x00009138       0x68 ./drivers/mss_uart/mss_uart.o
                0x00009138                MSS_UART_polled_tx
 .text.UART0_IRQHandler
                0x000091a0       0x1c ./drivers/mss_uart/mss_uart.o
                0x000091a0                UART0_IRQHandler
 .text.UART1_IRQHandler
                0x000091bc       0x1c ./drivers/mss_uart/mss_uart.o
                0x000091bc                UART1_IRQHandler
 .text.complete_request
                0x000091d8       0x28 ./drivers/mss_sys_services/mss_comblk.o
 .text.fill_tx_fifo
                0x00009200       0x40 ./drivers/mss_sys_services/mss_comblk.o
 .text.process_sys_ctrl_command
                0x00009240       0x10 ./drivers/mss_sys_services/mss_comblk.o
 .text.abort_current_cmd
                0x00009250       0x30 ./drivers/mss_sys_services/mss_comblk.o
 .text.ComBlk_IRQHandler
                0x00009280      0x228 ./drivers/mss_sys_services/mss_comblk.o
                0x00009280                ComBlk_IRQHandler
 .text.fill_slave_tx_fifo
                0x000094a8       0x66 ./drivers/mss_spi/mss_spi.o
 .text.read_slave_rx_fifo
                0x0000950e       0x5e ./drivers/mss_spi/mss_spi.o
 .text.recover_from_rx_overflow
                0x0000956c       0xc0 ./drivers/mss_spi/mss_spi.o
 .text.mss_spi_isr
                0x0000962c      0x17c ./drivers/mss_spi/mss_spi.o
 .text.SPI0_IRQHandler
                0x000097a8       0x1c ./drivers/mss_spi/mss_spi.o
                0x000097a8                SPI0_IRQHandler
 .text.SPI1_IRQHandler
                0x000097c4       0x1c ./drivers/mss_spi/mss_spi.o
                0x000097c4                SPI1_IRQHandler
 .text.MSS_RTC_set_calendar_count
                0x000097e0       0xd0 ./drivers/mss_rtc/mss_rtc.o
                0x000097e0                MSS_RTC_set_calendar_count
 .text.MSS_RTC_get_calendar_count
                0x000098b0       0x38 ./drivers/mss_rtc/mss_rtc.o
                0x000098b0                MSS_RTC_get_calendar_count
 .text.MSS_RTC_start
                0x000098e8        0xc ./drivers/mss_rtc/mss_rtc.o
                0x000098e8                MSS_RTC_start
 .text.MSS_RTC_stop
                0x000098f4       0x14 ./drivers/mss_rtc/mss_rtc.o
                0x000098f4                MSS_RTC_stop
 .text.MSS_RTC_reset_counter
                0x00009908       0x14 ./drivers/mss_rtc/mss_rtc.o
                0x00009908                MSS_RTC_reset_counter
 .text.MSS_RTC_get_update_flag
                0x0000991c       0x10 ./drivers/mss_rtc/mss_rtc.o
                0x0000991c                MSS_RTC_get_update_flag
 .text.MSS_RTC_clear_update_flag
                0x0000992c       0x10 ./drivers/mss_rtc/mss_rtc.o
                0x0000992c                MSS_RTC_clear_update_flag
 .text.MSS_RTC_clear_irq
                0x0000993c       0x1c ./drivers/mss_rtc/mss_rtc.o
                0x0000993c                MSS_RTC_clear_irq
 .text.MSS_RTC_init
                0x00009958       0x60 ./drivers/mss_rtc/mss_rtc.o
                0x00009958                MSS_RTC_init
 .text.start_transfer
                0x000099b8       0xa0 ./drivers/mss_hpdma/mss_hpdma.o
 .text.HPDMA_Complete_IRQHandler
                0x00009a58       0x98 ./drivers/mss_hpdma/mss_hpdma.o
                0x00009a58                HPDMA_Complete_IRQHandler
 .text.HPDMA_Error_IRQHandler
                0x00009af0       0xb0 ./drivers/mss_hpdma/mss_hpdma.o
                0x00009af0                HPDMA_Error_IRQHandler
 .text.MSS_GPIO_init
                0x00009ba0       0x60 ./drivers/mss_gpio/mss_gpio.o
                0x00009ba0                MSS_GPIO_init
 .text.MSS_GPIO_config
                0x00009c00       0x18 ./drivers/mss_gpio/mss_gpio.o
                0x00009c00                MSS_GPIO_config
 .text.MSS_MAC_phy_init
                0x00009c18       0x3c ./drivers/mss_ethernet_mac/m88e1340_phy.o
                0x00009c18                MSS_MAC_phy_init
 .text.MSS_MAC_phy_set_link_speed
                0x00009c54       0x74 ./drivers/mss_ethernet_mac/m88e1340_phy.o
                0x00009c54                MSS_MAC_phy_set_link_speed
 .text.MSS_MAC_phy_autonegotiate
                0x00009cc8       0x58 ./drivers/mss_ethernet_mac/m88e1340_phy.o
                0x00009cc8                MSS_MAC_phy_autonegotiate
 .text.MSS_MAC_phy_get_link_status
                0x00009d20       0x58 ./drivers/mss_ethernet_mac/m88e1340_phy.o
                0x00009d20                MSS_MAC_phy_get_link_status
 .text.MSS_MAC_get_link_status
                0x00009d78       0xd4 ./drivers/mss_ethernet_mac/mss_ethernet_mac.o
                0x00009d78                MSS_MAC_get_link_status
 .text.MSS_MAC_cfg_struct_def_init
                0x00009e4c       0x6c ./drivers/mss_ethernet_mac/mss_ethernet_mac.o
                0x00009e4c                MSS_MAC_cfg_struct_def_init
 .text.MSS_MAC_write_phy_reg
                0x00009eb8       0x30 ./drivers/mss_ethernet_mac/mss_ethernet_mac.o
                0x00009eb8                MSS_MAC_write_phy_reg
 .text.MSS_MAC_read_phy_reg
                0x00009ee8       0x64 ./drivers/mss_ethernet_mac/mss_ethernet_mac.o
                0x00009ee8                MSS_MAC_read_phy_reg
 .text.MSS_MAC_init
                0x00009f4c      0x3b0 ./drivers/mss_ethernet_mac/mss_ethernet_mac.o
                0x00009f4c                MSS_MAC_init
 .text.MSS_MAC_receive_pkt
                0x0000a2fc       0xa4 ./drivers/mss_ethernet_mac/mss_ethernet_mac.o
                0x0000a2fc                MSS_MAC_receive_pkt
 .text.MSS_MAC_send_pkt
                0x0000a3a0       0xa4 ./drivers/mss_ethernet_mac/mss_ethernet_mac.o
                0x0000a3a0                MSS_MAC_send_pkt
 .text.EthernetMAC_IRQHandler
                0x0000a444       0xf0 ./drivers/mss_ethernet_mac/mss_ethernet_mac.o
                0x0000a444                EthernetMAC_IRQHandler
 .text.MSS_MAC_set_tx_callback
                0x0000a534        0xc ./drivers/mss_ethernet_mac/mss_ethernet_mac.o
                0x0000a534                MSS_MAC_set_tx_callback
 .text.MSS_MAC_set_rx_callback
                0x0000a540        0xc ./drivers/mss_ethernet_mac/mss_ethernet_mac.o
                0x0000a540                MSS_MAC_set_rx_callback
 .text.pvPortMalloc
                0x0000a54c       0xb8 ./FreeRTOS/portable/MemMang/heap_2.o
                0x0000a54c                pvPortMalloc
 .text.vPortFree
                0x0000a604       0x40 ./FreeRTOS/portable/MemMang/heap_2.o
                0x0000a604                vPortFree
 .text.xPortGetFreeHeapSize
                0x0000a644        0xc ./FreeRTOS/portable/MemMang/heap_2.o
                0x0000a644                xPortGetFreeHeapSize
 .text.pxPortInitialiseStack
                0x0000a650       0x16 ./FreeRTOS/portable/GCC/ARM_CM3/port.o
                0x0000a650                pxPortInitialiseStack
 *fill*         0x0000a666        0x2 
 .text.SVC_Handler
                0x0000a668       0x20 ./FreeRTOS/portable/GCC/ARM_CM3/port.o
                0x0000a668                SVC_Handler
 .text.vPortStartFirstTask
                0x0000a688       0x14 ./FreeRTOS/portable/GCC/ARM_CM3/port.o
                0x0000a688                vPortStartFirstTask
 .text.xPortStartScheduler
                0x0000a69c       0x50 ./FreeRTOS/portable/GCC/ARM_CM3/port.o
                0x0000a69c                xPortStartScheduler
 .text.vPortYieldFromISR
                0x0000a6ec       0x10 ./FreeRTOS/portable/GCC/ARM_CM3/port.o
                0x0000a6ec                vPortYieldFromISR
 .text.vPortEnterCritical
                0x0000a6fc       0x18 ./FreeRTOS/portable/GCC/ARM_CM3/port.o
                0x0000a6fc                vPortEnterCritical
 .text.vPortExitCritical
                0x0000a714       0x18 ./FreeRTOS/portable/GCC/ARM_CM3/port.o
                0x0000a714                vPortExitCritical
 .text.PendSV_Handler
                0x0000a72c       0x3c ./FreeRTOS/portable/GCC/ARM_CM3/port.o
                0x0000a72c                PendSV_Handler
 .text.SysTick_Handler
                0x0000a768       0x24 ./FreeRTOS/portable/GCC/ARM_CM3/port.o
                0x0000a768                SysTick_Handler
 .text.vListInitialise
                0x0000a78c       0x16 ./FreeRTOS/list.o
                0x0000a78c                vListInitialise
 .text.vListInitialiseItem
                0x0000a7a2        0x6 ./FreeRTOS/list.o
                0x0000a7a2                vListInitialiseItem
 .text.vListInsertEnd
                0x0000a7a8       0x1a ./FreeRTOS/list.o
                0x0000a7a8                vListInsertEnd
 .text.vListInsert
                0x0000a7c2       0x30 ./FreeRTOS/list.o
                0x0000a7c2                vListInsert
 .text.vListRemove
                0x0000a7f2       0x20 ./FreeRTOS/list.o
                0x0000a7f2                vListRemove
 .text.unlikely.prvCopyDataToQueue
                0x0000a812       0x58 ./FreeRTOS/queue.o
 .text.unlikely.prvCopyDataFromQueue
                0x0000a86a       0x26 ./FreeRTOS/queue.o
 .text.prvUnlockQueue
                0x0000a890       0x64 ./FreeRTOS/queue.o
 .text.xQueueCreate
                0x0000a8f4       0x60 ./FreeRTOS/queue.o
                0x0000a8f4                xQueueCreate
 .text.xQueueGenericSend
                0x0000a954       0xf6 ./FreeRTOS/queue.o
                0x0000a954                xQueueGenericSend
 .text.xQueueGenericSendFromISR
                0x0000aa4a       0x78 ./FreeRTOS/queue.o
                0x0000aa4a                xQueueGenericSendFromISR
 .text.xQueueGenericReceive
                0x0000aac2      0x12e ./FreeRTOS/queue.o
                0x0000aac2                xQueueGenericReceive
 .text.uxQueueMessagesWaiting
                0x0000abf0       0x1e ./FreeRTOS/queue.o
                0x0000abf0                uxQueueMessagesWaiting
 .text.vQueueDelete
                0x0000ac0e       0x20 ./FreeRTOS/queue.o
                0x0000ac0e                vQueueDelete
 .text.vQueueWaitForMessageRestricted
                0x0000ac2e       0x3a ./FreeRTOS/queue.o
                0x0000ac2e                vQueueWaitForMessageRestricted
 .text.prvDeleteTCB
                0x0000ac68       0x14 ./FreeRTOS/tasks.o
 .text.prvAddCurrentTaskToDelayedList
                0x0000ac7c       0x50 ./FreeRTOS/tasks.o
 .text.unlikely.xTaskGenericCreate.part.2
                0x0000accc      0x1a0 ./FreeRTOS/tasks.o
 .text.xTaskGenericCreate
                0x0000ae6c       0x30 ./FreeRTOS/tasks.o
                0x0000ae6c                xTaskGenericCreate
 .text.vTaskStartScheduler
                0x0000ae9c       0x64 ./FreeRTOS/tasks.o
                0x0000ae9c                vTaskStartScheduler
 .text.vTaskSuspendAll
                0x0000af00       0x10 ./FreeRTOS/tasks.o
                0x0000af00                vTaskSuspendAll
 .text.xTaskGetTickCount
                0x0000af10       0x18 ./FreeRTOS/tasks.o
                0x0000af10                xTaskGetTickCount
 .text.vTaskIncrementTick
                0x0000af28       0xdc ./FreeRTOS/tasks.o
                0x0000af28                vTaskIncrementTick
 .text.xTaskResumeAll
                0x0000b004       0xd0 ./FreeRTOS/tasks.o
                0x0000b004                xTaskResumeAll
 .text.vTaskDelay
                0x0000b0d4       0x3c ./FreeRTOS/tasks.o
                0x0000b0d4                vTaskDelay
 .text.prvIdleTask
                0x0000b110       0x60 ./FreeRTOS/tasks.o
 .text.vTaskSwitchContext
                0x0000b170      0x118 ./FreeRTOS/tasks.o
                0x0000b170                vTaskSwitchContext
 .text.vTaskPlaceOnEventList
                0x0000b288       0x50 ./FreeRTOS/tasks.o
                0x0000b288                vTaskPlaceOnEventList
 .text.vTaskPlaceOnEventListRestricted
                0x0000b2d8       0x38 ./FreeRTOS/tasks.o
                0x0000b2d8                vTaskPlaceOnEventListRestricted
 .text.xTaskRemoveFromEventList
                0x0000b310       0x70 ./FreeRTOS/tasks.o
                0x0000b310                xTaskRemoveFromEventList
 .text.vTaskSetTimeOutState
                0x0000b380       0x24 ./FreeRTOS/tasks.o
                0x0000b380                vTaskSetTimeOutState
 .text.xTaskCheckForTimeOut
                0x0000b3a4       0x6c ./FreeRTOS/tasks.o
                0x0000b3a4                xTaskCheckForTimeOut
 .text.vTaskMissedYield
                0x0000b410        0xc ./FreeRTOS/tasks.o
                0x0000b410                vTaskMissedYield
 .text.xTaskGetCurrentTaskHandle
                0x0000b41c        0xc ./FreeRTOS/tasks.o
                0x0000b41c                xTaskGetCurrentTaskHandle
 .text.xTaskGetSchedulerState
                0x0000b428       0x1c ./FreeRTOS/tasks.o
                0x0000b428                xTaskGetSchedulerState
 .text.vTaskPriorityInherit
                0x0000b444       0x74 ./FreeRTOS/tasks.o
                0x0000b444                vTaskPriorityInherit
 .text.vTaskPriorityDisinherit
                0x0000b4b8       0x48 ./FreeRTOS/tasks.o
                0x0000b4b8                vTaskPriorityDisinherit
 .text.prvCheckForValidListAndQueue
                0x0000b500       0x4c ./FreeRTOS/timers.o
 .text.prvInsertTimerInActiveList
                0x0000b54c       0x3c ./FreeRTOS/timers.o
 .text.xTimerCreateTimerTask
                0x0000b588       0x40 ./FreeRTOS/timers.o
                0x0000b588                xTimerCreateTimerTask
 .text.xTimerGenericCommand
                0x0000b5c8       0x44 ./FreeRTOS/timers.o
                0x0000b5c8                xTimerGenericCommand
 .text.prvSwitchTimerLists.isra.1
                0x0000b60c       0x6c ./FreeRTOS/timers.o
 .text.prvTimerTask
                0x0000b678      0x160 ./FreeRTOS/timers.o
 .text._close   0x0000b7d8        0x6 ./CMSIS/startup_gcc/newlib_stubs.o
                0x0000b7d8                _close
 .text._exit    0x0000b7de        0x2 ./CMSIS/startup_gcc/newlib_stubs.o
                0x0000b7de                _exit
 .text._fstat   0x0000b7e0        0xa ./CMSIS/startup_gcc/newlib_stubs.o
                0x0000b7e0                _fstat
 .text._getpid  0x0000b7ea        0x4 ./CMSIS/startup_gcc/newlib_stubs.o
                0x0000b7ea                _getpid
 .text._isatty  0x0000b7ee        0x4 ./CMSIS/startup_gcc/newlib_stubs.o
                0x0000b7ee                _isatty
 .text._kill    0x0000b7f2       0x10 ./CMSIS/startup_gcc/newlib_stubs.o
                0x0000b7f2                _kill
 .text._lseek   0x0000b802        0x4 ./CMSIS/startup_gcc/newlib_stubs.o
                0x0000b802                _lseek
 .text._read    0x0000b806        0x4 ./CMSIS/startup_gcc/newlib_stubs.o
                0x0000b806                _read
 *fill*         0x0000b80a        0x2 
 .text._write_r
                0x0000b80c       0x34 ./CMSIS/startup_gcc/newlib_stubs.o
                0x0000b80c                _write_r
 .text._sbrk    0x0000b840       0x58 ./CMSIS/startup_gcc/newlib_stubs.o
                0x0000b840                _sbrk
 .text.set_clock_frequency_globals
                0x0000b898       0x40 ./CMSIS/system_m2sxxx.o
 .text.SystemInit
                0x0000b8d8       0x40 ./CMSIS/system_m2sxxx.o
                0x0000b8d8                SystemInit
 .text.SystemCoreClockUpdate
                0x0000b918       0xac ./CMSIS/system_m2sxxx.o
                0x0000b918                SystemCoreClockUpdate
 .text.hex_digits_to_byte
                0x0000b9c4       0x1c ./Application/httpserver-netconn.o
                0x0000b9c4                hex_digits_to_byte
 .text.handle_trigger_request
                0x0000b9e0       0xba ./Application/httpserver-netconn.o
                0x0000b9e0                handle_trigger_request
 *fill*         0x0000ba9a        0x2 
 .text.http_server_netconn_thread
                0x0000ba9c      0x5c0 ./Application/httpserver-netconn.o
                0x0000ba9c                http_server_netconn_thread
 .text.prvEthernetConfigureInterface
                0x0000c05c       0x4c ./main.o
 .text.startup.main
                0x0000c0a8       0xc4 ./main.o
                0x0000c0a8                main
 .text.vApplicationMallocFailedHook
                0x0000c16c        0x2 ./main.o
                0x0000c16c                vApplicationMallocFailedHook
 .text.vApplicationStackOverflowHook
                0x0000c16e        0xa ./main.o
                0x0000c16e                vApplicationStackOverflowHook
 .text.vApplicationIdleHook
                0x0000c178       0x10 ./main.o
                0x0000c178                vApplicationIdleHook
 .text.vMainConfigureTimerForRunTimeStats
                0x0000c188       0x5c ./main.o
                0x0000c188                vMainConfigureTimerForRunTimeStats
 .text.ulGetRunTimeCounterValue
                0x0000c1e4       0x28 ./main.o
                0x0000c1e4                ulGetRunTimeCounterValue
 .text.get_ip_address
                0x0000c20c        0xc ./main.o
                0x0000c20c                get_ip_address
 .text.get_mac_address
                0x0000c218       0x18 ./main.o
                0x0000c218                get_mac_address
 .text.delay    0x0000c230       0x14 ./main.o
                0x0000c230                delay
 .text.led_test
                0x0000c244       0x2c ./main.o
                0x0000c244                led_test
 .text.sys_cfg_get_mac_address
                0x0000c270       0x20 ./sys_cfg.o
                0x0000c270                sys_cfg_get_mac_address
 .text.__assert_func
                0x0000c290       0x38 c:/microsemi/softconsole_v4.0/arm-none-eabi-gcc/bin/../lib/gcc/arm-none-eabi/4.9.3/../../../../arm-none-eabi/lib/armv7-m\libg_nano.a(lib_a-assert.o)
                0x0000c290                __assert_func
 .text.__errno  0x0000c2c8        0xc c:/microsemi/softconsole_v4.0/arm-none-eabi-gcc/bin/../lib/gcc/arm-none-eabi/4.9.3/../../../../arm-none-eabi/lib/armv7-m\libg_nano.a(lib_a-errno.o)
                0x0000c2c8                __errno
 .text.fprintf  0x0000c2d4       0x24 c:/microsemi/softconsole_v4.0/arm-none-eabi-gcc/bin/../lib/gcc/arm-none-eabi/4.9.3/../../../../arm-none-eabi/lib/armv7-m\libg_nano.a(lib_a-fprintf.o)
                0x0000c2d4                fiprintf
                0x0000c2d4                fprintf
 .text.__libc_init_array
                0x0000c2f8       0x4c c:/microsemi/softconsole_v4.0/arm-none-eabi-gcc/bin/../lib/gcc/arm-none-eabi/4.9.3/../../../../arm-none-eabi/lib/armv7-m\libg_nano.a(lib_a-init.o)
                0x0000c2f8                __libc_init_array
 .text.memcmp   0x0000c344       0x20 c:/microsemi/softconsole_v4.0/arm-none-eabi-gcc/bin/../lib/gcc/arm-none-eabi/4.9.3/../../../../arm-none-eabi/lib/armv7-m\libg_nano.a(lib_a-memcmp.o)
                0x0000c344                memcmp
 .text.memcpy   0x0000c364       0x16 c:/microsemi/softconsole_v4.0/arm-none-eabi-gcc/bin/../lib/gcc/arm-none-eabi/4.9.3/../../../../arm-none-eabi/lib/armv7-m\libg_nano.a(lib_a-memcpy.o)
                0x0000c364                memcpy
 .text.memset   0x0000c37a       0x10 c:/microsemi/softconsole_v4.0/arm-none-eabi-gcc/bin/../lib/gcc/arm-none-eabi/4.9.3/../../../../arm-none-eabi/lib/armv7-m\libg_nano.a(lib_a-memset.o)
                0x0000c37a                memset
 .text.__sfputc_r
                0x0000c38a       0x2c c:/microsemi/softconsole_v4.0/arm-none-eabi-gcc/bin/../lib/gcc/arm-none-eabi/4.9.3/../../../../arm-none-eabi/lib/armv7-m\libg_nano.a(lib_a-nano-vfprintf.o)
 .text.__sfputs_r
                0x0000c3b6       0x24 c:/microsemi/softconsole_v4.0/arm-none-eabi-gcc/bin/../lib/gcc/arm-none-eabi/4.9.3/../../../../arm-none-eabi/lib/armv7-m\libg_nano.a(lib_a-nano-vfprintf.o)
                0x0000c3b6                __sfputs_r
 *fill*         0x0000c3da        0x2 
 .text._vfprintf_r
                0x0000c3dc      0x210 c:/microsemi/softconsole_v4.0/arm-none-eabi-gcc/bin/../lib/gcc/arm-none-eabi/4.9.3/../../../../arm-none-eabi/lib/armv7-m\libg_nano.a(lib_a-nano-vfprintf.o)
                0x0000c3dc                _vfprintf_r
                0x0000c3dc                _vfiprintf_r
 .text._printf_common
                0x0000c5ec       0xea c:/microsemi/softconsole_v4.0/arm-none-eabi-gcc/bin/../lib/gcc/arm-none-eabi/4.9.3/../../../../arm-none-eabi/lib/armv7-m\libg_nano.a(lib_a-nano-vfprintf_i.o)
                0x0000c5ec                _printf_common
 *fill*         0x0000c6d6        0x2 
 .text._printf_i
                0x0000c6d8      0x240 c:/microsemi/softconsole_v4.0/arm-none-eabi-gcc/bin/../lib/gcc/arm-none-eabi/4.9.3/../../../../arm-none-eabi/lib/armv7-m\libg_nano.a(lib_a-nano-vfprintf_i.o)
                0x0000c6d8                _printf_i
 .text.printf   0x0000c918       0x30 c:/microsemi/softconsole_v4.0/arm-none-eabi-gcc/bin/../lib/gcc/arm-none-eabi/4.9.3/../../../../arm-none-eabi/lib/armv7-m\libg_nano.a(lib_a-printf.o)
                0x0000c918                iprintf
                0x0000c918                printf
 .text.snprintf
                0x0000c948       0x64 c:/microsemi/softconsole_v4.0/arm-none-eabi-gcc/bin/../lib/gcc/arm-none-eabi/4.9.3/../../../../arm-none-eabi/lib/armv7-m\libg_nano.a(lib_a-snprintf.o)
                0x0000c948                sniprintf
                0x0000c948                snprintf
 .text.strncmp  0x0000c9ac       0x32 c:/microsemi/softconsole_v4.0/arm-none-eabi-gcc/bin/../lib/gcc/arm-none-eabi/4.9.3/../../../../arm-none-eabi/lib/armv7-m\libg_nano.a(lib_a-strncmp.o)
                0x0000c9ac                strncmp
 .text.strncpy  0x0000c9de       0x24 c:/microsemi/softconsole_v4.0/arm-none-eabi-gcc/bin/../lib/gcc/arm-none-eabi/4.9.3/../../../../arm-none-eabi/lib/armv7-m\libg_nano.a(lib_a-strncpy.o)
                0x0000c9de                strncpy
 *fill*         0x0000ca02        0x2 
 .text.__swbuf_r
                0x0000ca04       0xa8 c:/microsemi/softconsole_v4.0/arm-none-eabi-gcc/bin/../lib/gcc/arm-none-eabi/4.9.3/../../../../arm-none-eabi/lib/armv7-m\libg_nano.a(lib_a-wbuf.o)
                0x0000ca04                __swbuf_r
 .text.__swsetup_r
                0x0000caac       0xd8 c:/microsemi/softconsole_v4.0/arm-none-eabi-gcc/bin/../lib/gcc/arm-none-eabi/4.9.3/../../../../arm-none-eabi/lib/armv7-m\libg_nano.a(lib_a-wsetup.o)
                0x0000caac                __swsetup_r
 .text.abort    0x0000cb84        0xe c:/microsemi/softconsole_v4.0/arm-none-eabi-gcc/bin/../lib/gcc/arm-none-eabi/4.9.3/../../../../arm-none-eabi/lib/armv7-m\libg_nano.a(lib_a-abort.o)
                0x0000cb84                abort
 .text.__sflush_r
                0x0000cb92      0x106 c:/microsemi/softconsole_v4.0/arm-none-eabi-gcc/bin/../lib/gcc/arm-none-eabi/4.9.3/../../../../arm-none-eabi/lib/armv7-m\libg_nano.a(lib_a-fflush.o)
                0x0000cb92                __sflush_r
 .text._fflush_r
                0x0000cc98       0x54 c:/microsemi/softconsole_v4.0/arm-none-eabi-gcc/bin/../lib/gcc/arm-none-eabi/4.9.3/../../../../arm-none-eabi/lib/armv7-m\libg_nano.a(lib_a-fflush.o)
                0x0000cc98                _fflush_r
 .text._cleanup_r
                0x0000ccec        0xc c:/microsemi/softconsole_v4.0/arm-none-eabi-gcc/bin/../lib/gcc/arm-none-eabi/4.9.3/../../../../arm-none-eabi/lib/armv7-m\libg_nano.a(lib_a-findfp.o)
                0x0000ccec                _cleanup_r
 .text.std.isra.0
                0x0000ccf8       0x48 c:/microsemi/softconsole_v4.0/arm-none-eabi-gcc/bin/../lib/gcc/arm-none-eabi/4.9.3/../../../../arm-none-eabi/lib/armv7-m\libg_nano.a(lib_a-findfp.o)
 .text.__sfmoreglue
                0x0000cd40       0x2c c:/microsemi/softconsole_v4.0/arm-none-eabi-gcc/bin/../lib/gcc/arm-none-eabi/4.9.3/../../../../arm-none-eabi/lib/armv7-m\libg_nano.a(lib_a-findfp.o)
                0x0000cd40                __sfmoreglue
 .text.__sinit  0x0000cd6c       0x60 c:/microsemi/softconsole_v4.0/arm-none-eabi-gcc/bin/../lib/gcc/arm-none-eabi/4.9.3/../../../../arm-none-eabi/lib/armv7-m\libg_nano.a(lib_a-findfp.o)
                0x0000cd6c                __sinit
 .text.__sfp    0x0000cdcc       0x74 c:/microsemi/softconsole_v4.0/arm-none-eabi-gcc/bin/../lib/gcc/arm-none-eabi/4.9.3/../../../../arm-none-eabi/lib/armv7-m\libg_nano.a(lib_a-findfp.o)
                0x0000cdcc                __sfp
 .text._fwalk_reent
                0x0000ce40       0x3c c:/microsemi/softconsole_v4.0/arm-none-eabi-gcc/bin/../lib/gcc/arm-none-eabi/4.9.3/../../../../arm-none-eabi/lib/armv7-m\libg_nano.a(lib_a-fwalk.o)
                0x0000ce40                _fwalk_reent
 .text.__smakebuf_r
                0x0000ce7c       0x98 c:/microsemi/softconsole_v4.0/arm-none-eabi-gcc/bin/../lib/gcc/arm-none-eabi/4.9.3/../../../../arm-none-eabi/lib/armv7-m\libg_nano.a(lib_a-makebuf.o)
                0x0000ce7c                __smakebuf_r
 .text.memchr   0x0000cf14       0x1c c:/microsemi/softconsole_v4.0/arm-none-eabi-gcc/bin/../lib/gcc/arm-none-eabi/4.9.3/../../../../arm-none-eabi/lib/armv7-m\libg_nano.a(lib_a-memchr.o)
                0x0000cf14                memchr
 .text.memmove  0x0000cf30       0x36 c:/microsemi/softconsole_v4.0/arm-none-eabi-gcc/bin/../lib/gcc/arm-none-eabi/4.9.3/../../../../arm-none-eabi/lib/armv7-m\libg_nano.a(lib_a-memmove.o)
                0x0000cf30                memmove
 *fill*         0x0000cf66        0x2 
 .text._free_r  0x0000cf68       0x88 c:/microsemi/softconsole_v4.0/arm-none-eabi-gcc/bin/../lib/gcc/arm-none-eabi/4.9.3/../../../../arm-none-eabi/lib/armv7-m\libg_nano.a(lib_a-nano-freer.o)
                0x0000cf68                _free_r
 .text._malloc_r
                0x0000cff0       0xac c:/microsemi/softconsole_v4.0/arm-none-eabi-gcc/bin/../lib/gcc/arm-none-eabi/4.9.3/../../../../arm-none-eabi/lib/armv7-m\libg_nano.a(lib_a-nano-mallocr.o)
                0x0000cff0                _malloc_r
 .text._realloc_r
                0x0000d09c       0x4c c:/microsemi/softconsole_v4.0/arm-none-eabi-gcc/bin/../lib/gcc/arm-none-eabi/4.9.3/../../../../arm-none-eabi/lib/armv7-m\libg_nano.a(lib_a-nano-reallocr.o)
                0x0000d09c                _realloc_r
 .text.__ssputs_r
                0x0000d0e8       0xb2 c:/microsemi/softconsole_v4.0/arm-none-eabi-gcc/bin/../lib/gcc/arm-none-eabi/4.9.3/../../../../arm-none-eabi/lib/armv7-m\libg_nano.a(lib_a-nano-svfprintf.o)
                0x0000d0e8                __ssputs_r
 *fill*         0x0000d19a        0x2 
 .text._svfprintf_r
                0x0000d19c      0x1e4 c:/microsemi/softconsole_v4.0/arm-none-eabi-gcc/bin/../lib/gcc/arm-none-eabi/4.9.3/../../../../arm-none-eabi/lib/armv7-m\libg_nano.a(lib_a-nano-svfprintf.o)
                0x0000d19c                _svfiprintf_r
                0x0000d19c                _svfprintf_r
 .text._sbrk_r  0x0000d380       0x20 c:/microsemi/softconsole_v4.0/arm-none-eabi-gcc/bin/../lib/gcc/arm-none-eabi/4.9.3/../../../../arm-none-eabi/lib/armv7-m\libg_nano.a(lib_a-sbrkr.o)
                0x0000d380                _sbrk_r
 .text._raise_r
                0x0000d3a0       0x50 c:/microsemi/softconsole_v4.0/arm-none-eabi-gcc/bin/../lib/gcc/arm-none-eabi/4.9.3/../../../../arm-none-eabi/lib/armv7-m\libg_nano.a(lib_a-signal.o)
                0x0000d3a0                _raise_r
 .text.raise    0x0000d3f0       0x10 c:/microsemi/softconsole_v4.0/arm-none-eabi-gcc/bin/../lib/gcc/arm-none-eabi/4.9.3/../../../../arm-none-eabi/lib/armv7-m\libg_nano.a(lib_a-signal.o)
                0x0000d3f0                raise
 .text._kill_r  0x0000d400       0x24 c:/microsemi/softconsole_v4.0/arm-none-eabi-gcc/bin/../lib/gcc/arm-none-eabi/4.9.3/../../../../arm-none-eabi/lib/armv7-m\libg_nano.a(lib_a-signalr.o)
                0x0000d400                _kill_r
 .text._getpid_r
                0x0000d424        0x4 c:/microsemi/softconsole_v4.0/arm-none-eabi-gcc/bin/../lib/gcc/arm-none-eabi/4.9.3/../../../../arm-none-eabi/lib/armv7-m\libg_nano.a(lib_a-signalr.o)
                0x0000d424                _getpid_r
 .text.__sread  0x0000d428       0x22 c:/microsemi/softconsole_v4.0/arm-none-eabi-gcc/bin/../lib/gcc/arm-none-eabi/4.9.3/../../../../arm-none-eabi/lib/armv7-m\libg_nano.a(lib_a-stdio.o)
                0x0000d428                __sread
 .text.__swrite
                0x0000d44a       0x38 c:/microsemi/softconsole_v4.0/arm-none-eabi-gcc/bin/../lib/gcc/arm-none-eabi/4.9.3/../../../../arm-none-eabi/lib/armv7-m\libg_nano.a(lib_a-stdio.o)
                0x0000d44a                __swrite
 .text.__sseek  0x0000d482       0x24 c:/microsemi/softconsole_v4.0/arm-none-eabi-gcc/bin/../lib/gcc/arm-none-eabi/4.9.3/../../../../arm-none-eabi/lib/armv7-m\libg_nano.a(lib_a-stdio.o)
                0x0000d482                __sseek
 .text.__sclose
                0x0000d4a6        0x8 c:/microsemi/softconsole_v4.0/arm-none-eabi-gcc/bin/../lib/gcc/arm-none-eabi/4.9.3/../../../../arm-none-eabi/lib/armv7-m\libg_nano.a(lib_a-stdio.o)
                0x0000d4a6                __sclose
 *fill*         0x0000d4ae        0x2 
 .text._close_r
                0x0000d4b0       0x20 c:/microsemi/softconsole_v4.0/arm-none-eabi-gcc/bin/../lib/gcc/arm-none-eabi/4.9.3/../../../../arm-none-eabi/lib/armv7-m\libg_nano.a(lib_a-closer.o)
                0x0000d4b0                _close_r
 .text._fstat_r
                0x0000d4d0       0x24 c:/microsemi/softconsole_v4.0/arm-none-eabi-gcc/bin/../lib/gcc/arm-none-eabi/4.9.3/../../../../arm-none-eabi/lib/armv7-m\libg_nano.a(lib_a-fstatr.o)
                0x0000d4d0                _fstat_r
 .text._isatty_r
                0x0000d4f4       0x20 c:/microsemi/softconsole_v4.0/arm-none-eabi-gcc/bin/../lib/gcc/arm-none-eabi/4.9.3/../../../../arm-none-eabi/lib/armv7-m\libg_nano.a(lib_a-isattyr.o)
                0x0000d4f4                _isatty_r
 .text._lseek_r
                0x0000d514       0x24 c:/microsemi/softconsole_v4.0/arm-none-eabi-gcc/bin/../lib/gcc/arm-none-eabi/4.9.3/../../../../arm-none-eabi/lib/armv7-m\libg_nano.a(lib_a-lseekr.o)
                0x0000d514                _lseek_r
 .text._malloc_usable_size_r
                0x0000d538       0x14 c:/microsemi/softconsole_v4.0/arm-none-eabi-gcc/bin/../lib/gcc/arm-none-eabi/4.9.3/../../../../arm-none-eabi/lib/armv7-m\libg_nano.a(lib_a-nano-msizer.o)
                0x0000d538                _malloc_usable_size_r
 .text._read_r  0x0000d54c       0x24 c:/microsemi/softconsole_v4.0/arm-none-eabi-gcc/bin/../lib/gcc/arm-none-eabi/4.9.3/../../../../arm-none-eabi/lib/armv7-m\libg_nano.a(lib_a-readr.o)
                0x0000d54c                _read_r
 *(.plt)
 *(.gnu.warning)
 *(.glue_7t)
 .glue_7t       0x00000000        0x0 linker stubs
 *(.glue_7)
 .glue_7        0x00000000        0x0 linker stubs
 *(.vfp11_veneer)
 .vfp11_veneer  0x00000000        0x0 linker stubs
                0x0000d570                . = ALIGN (0x4)
 *crtbegin.o(.ctors)
 *(EXCLUDE_FILE(*crtend.o) .ctors)
 *(SORT(.ctors.*))
 *crtend.o(.ctors)
 *crtbegin.o(.dtors)
 *(EXCLUDE_FILE(*crtend.o) .dtors)
 *(SORT(.dtors.*))
 *crtend.o(.dtors)
 *(.rodata .rodata.* .gnu.linkonce.r.*)
 .rodata.ethbroadcast
                0x0000d570        0x6 ./lwip-1.4.1/netif/etharp.o
                0x0000d570                ethbroadcast
 .rodata.str1.1
                0x0000d576      0x1b3 ./lwip-1.4.1/netif/etharp.o
                                0x1cb (size before relaxing)
 .rodata.ethzero
                0x0000d729        0x6 ./lwip-1.4.1/netif/etharp.o
                0x0000d729                ethzero
 .rodata.str1.1
                0x0000d72f       0xef ./lwip-1.4.1/core/ipv4/icmp.o
                                0x110 (size before relaxing)
 .rodata.str1.1
                0x0000d81e      0x110 ./lwip-1.4.1/core/ipv4/igmp.o
 .rodata.str1.1
                0x0000d92e       0x39 ./lwip-1.4.1/core/ipv4/ip.o
 *fill*         0x0000d967        0x1 
 .rodata.ip_addr_broadcast
                0x0000d968        0x4 ./lwip-1.4.1/core/ipv4/ip_addr.o
                0x0000d968                ip_addr_broadcast
 .rodata.ip_addr_any
                0x0000d96c        0x4 ./lwip-1.4.1/core/ipv4/ip_addr.o
                0x0000d96c                ip_addr_any
 .rodata.str1.1
                0x0000d970      0x14c ./lwip-1.4.1/core/ipv4/ip_frag.o
                                0x156 (size before relaxing)
 .rodata.str1.1
                0x0000dabc      0x3cc ./lwip-1.4.1/core/dhcp.o
                                0x3f4 (size before relaxing)
 .rodata.str1.1
                0x0000de88       0x3d ./lwip-1.4.1/core/lwip_timers.o
 .rodata.str1.1
                0x0000dec5      0x1af ./lwip-1.4.1/core/mem.o
 .rodata.memp_num
                0x0000e074       0x1e ./lwip-1.4.1/core/memp.o
 .rodata.str1.1
                0x0000e092       0x6c ./lwip-1.4.1/core/memp.o
 .rodata.memp_sizes
                0x0000e0fe       0x1e ./lwip-1.4.1/core/memp.o
 .rodata.str1.1
                0x0000e11c       0x17 ./lwip-1.4.1/core/netif.o
 .rodata.str1.1
                0x0000e133      0x3b2 ./lwip-1.4.1/core/pbuf.o
                                0x3bc (size before relaxing)
 *fill*         0x0000e4e5        0x3 
 .rodata.tcp_pcb_lists
                0x0000e4e8       0x10 ./lwip-1.4.1/core/tcp.o
                0x0000e4e8                tcp_pcb_lists
 .rodata.tcp_backoff
                0x0000e4f8        0xd ./lwip-1.4.1/core/tcp.o
                0x0000e4f8                tcp_backoff
 .rodata.str1.1
                0x0000e505      0x3ae ./lwip-1.4.1/core/tcp.o
                                0x3bc (size before relaxing)
 .rodata.tcp_persist_backoff
                0x0000e8b3        0x7 ./lwip-1.4.1/core/tcp.o
                0x0000e8b3                tcp_persist_backoff
 .rodata.str1.1
                0x0000e8ba      0x2b7 ./lwip-1.4.1/core/tcp_in.o
 .rodata.str1.1
                0x0000eb71      0x314 ./lwip-1.4.1/core/tcp_out.o
 .rodata.str1.1
                0x0000ee85       0x62 ./lwip-1.4.1/core/udp.o
 .rodata.str1.1
                0x0000eee7      0x2a3 ./lwip-1.4.1/api/api_lib.o
                                0x2ad (size before relaxing)
 .rodata.str1.1
                0x0000f18a      0x3bc ./lwip-1.4.1/api/api_msg.o
                                0x3c9 (size before relaxing)
 .rodata.str1.1
                0x0000f546       0xf2 ./lwip-1.4.1/api/netbuf.o
 .rodata.str1.1
                0x0000f638       0x4e ./lwip-1.4.1/api/tcpip.o
 .rodata.g_gpio_irqn_lut
                0x0000f686       0x20 ./drivers/mss_gpio/mss_gpio.o
 *fill*         0x0000f6a6        0x2 
 .rodata.g_config_reg_lut
                0x0000f6a8       0x80 ./drivers/mss_gpio/mss_gpio.o
 .rodata        0x0000f728        0x8 ./drivers/mss_ethernet_mac/m88e1340_phy.o
 .rodata.str1.1
                0x0000f730       0x42 ./FreeRTOS/tasks.o
                                 0x45 (size before relaxing)
 .rodata.ucExpectedStackBytes.6066
                0x0000f772       0x14 ./FreeRTOS/tasks.o
 .rodata.str1.1
                0x0000f786        0x8 ./FreeRTOS/timers.o
 .rodata.str1.1
                0x0000f78e       0x2e ./CMSIS/startup_gcc/newlib_stubs.o
 .rodata        0x0000f7bc        0x8 ./CMSIS/system_m2sxxx.o
 .rodata        0x0000f7c4       0x10 ./Application/httpserver-netconn.o
 .rodata.http_index_html
                0x0000f7d4      0xe23 ./Application/httpserver-netconn.o
 .rodata.data_google_htm
                0x000105f7      0x3c9 ./Application/httpserver-netconn.o
 .rodata.data_Gadgets_html.8601
                0x000109c0      0x633 ./Application/httpserver-netconn.o
 .rodata.str1.1
                0x00010ff3      0x861 ./Application/httpserver-netconn.o
 .rodata.data_google_search_htm
                0x00011854      0x321 ./Application/httpserver-netconn.o
 .rodata.http_index_html2
                0x00011b75     0x1f8a ./Application/httpserver-netconn.o
 .rodata.http_json_hdr
                0x00013aff       0x3b ./Application/httpserver-netconn.o
 .rodata.http_html_ok_hdr
                0x00013b3a       0x14 ./Application/httpserver-netconn.o
 .rodata.__func__.8592
                0x00013b4e       0x1a ./Application/httpserver-netconn.o
 .rodata.http_html_hdr
                0x00013b68       0x2d ./Application/httpserver-netconn.o
 .rodata.http_post_resp_hdr
                0x00013b95       0x1c ./Application/httpserver-netconn.o
 .rodata.mscc_jpg_logo
                0x00013bb1     0x1e62 ./Application/mscc_logo.o
                0x00013bb1                mscc_jpg_logo
 .rodata.psr_jpg_logo
                0x00015a13     0x2005 ./Application/psr_actel.o
                0x00015a13                psr_jpg_logo
 .rodata.str1.1
                0x00017a18       0xf0 ./main.o
 .rodata.str1.1
                0x00017b08       0x3c c:/microsemi/softconsole_v4.0/arm-none-eabi-gcc/bin/../lib/gcc/arm-none-eabi/4.9.3/../../../../arm-none-eabi/lib/armv7-m\libg_nano.a(lib_a-assert.o)
                                 0x3d (size before relaxing)
 .rodata.str1.1
                0x00017b44        0x2 c:/microsemi/softconsole_v4.0/arm-none-eabi-gcc/bin/../lib/gcc/arm-none-eabi/4.9.3/../../../../arm-none-eabi/lib/armv7-m\libg_nano.a(lib_a-impure.o)
 *fill*         0x00017b46        0x2 
 .rodata._global_impure_ptr
                0x00017b48        0x4 c:/microsemi/softconsole_v4.0/arm-none-eabi-gcc/bin/../lib/gcc/arm-none-eabi/4.9.3/../../../../arm-none-eabi/lib/armv7-m\libg_nano.a(lib_a-impure.o)
                0x00017b48                _global_impure_ptr
 .rodata.str1.1
                0x00017b4c       0x11 c:/microsemi/softconsole_v4.0/arm-none-eabi-gcc/bin/../lib/gcc/arm-none-eabi/4.9.3/../../../../arm-none-eabi/lib/armv7-m\libg_nano.a(lib_a-nano-vfprintf.o)
 .rodata.str1.1
                0x00017b5d       0x22 c:/microsemi/softconsole_v4.0/arm-none-eabi-gcc/bin/../lib/gcc/arm-none-eabi/4.9.3/../../../../arm-none-eabi/lib/armv7-m\libg_nano.a(lib_a-nano-vfprintf_i.o)
 *fill*         0x00017b7f        0x1 
 .rodata.__sf_fake_stdin
                0x00017b80       0x20 c:/microsemi/softconsole_v4.0/arm-none-eabi-gcc/bin/../lib/gcc/arm-none-eabi/4.9.3/../../../../arm-none-eabi/lib/armv7-m\libg_nano.a(lib_a-findfp.o)
                0x00017b80                __sf_fake_stdin
 .rodata.__sf_fake_stdout
                0x00017ba0       0x20 c:/microsemi/softconsole_v4.0/arm-none-eabi-gcc/bin/../lib/gcc/arm-none-eabi/4.9.3/../../../../arm-none-eabi/lib/armv7-m\libg_nano.a(lib_a-findfp.o)
                0x00017ba0                __sf_fake_stdout
 .rodata.__sf_fake_stderr
                0x00017bc0       0x20 c:/microsemi/softconsole_v4.0/arm-none-eabi-gcc/bin/../lib/gcc/arm-none-eabi/4.9.3/../../../../arm-none-eabi/lib/armv7-m\libg_nano.a(lib_a-findfp.o)
                0x00017bc0                __sf_fake_stderr
 .rodata.str1.1
                0x00000000       0x11 c:/microsemi/softconsole_v4.0/arm-none-eabi-gcc/bin/../lib/gcc/arm-none-eabi/4.9.3/../../../../arm-none-eabi/lib/armv7-m\libg_nano.a(lib_a-nano-svfprintf.o)
 *(.ARM.extab* .gnu.linkonce.armextab.*)
 *(.gcc_except_table)
 *(.eh_frame_hdr)
 *(.eh_frame)
 .eh_frame      0x00017be0        0x0 c:/microsemi/softconsole_v4.0/arm-none-eabi-gcc/bin/../lib/gcc/arm-none-eabi/4.9.3/armv7-m/crtbegin.o
 *(.vector_table)
 *(.init)
 .init          0x00017be0        0x4 c:/microsemi/softconsole_v4.0/arm-none-eabi-gcc/bin/../lib/gcc/arm-none-eabi/4.9.3/armv7-m/crti.o
                0x00017be0                _init
 .init          0x00017be4        0x8 c:/microsemi/softconsole_v4.0/arm-none-eabi-gcc/bin/../lib/gcc/arm-none-eabi/4.9.3/armv7-m/crtn.o
 *(.fini)
 .fini          0x00017bec        0x4 c:/microsemi/softconsole_v4.0/arm-none-eabi-gcc/bin/../lib/gcc/arm-none-eabi/4.9.3/armv7-m/crti.o
                0x00017bec                _fini
 .fini          0x00017bf0        0x8 c:/microsemi/softconsole_v4.0/arm-none-eabi-gcc/bin/../lib/gcc/arm-none-eabi/4.9.3/armv7-m/crtn.o
                0x00017bf8                PROVIDE (__preinit_array_start, .)
 *(.preinit_array)
                0x00017bf8                PROVIDE (__preinit_array_end, .)
                0x00017bf8                PROVIDE (__init_array_start, .)
 *(SORT(.init_array.*))
 *(.init_array)
 .init_array    0x00017bf8        0x4 c:/microsemi/softconsole_v4.0/arm-none-eabi-gcc/bin/../lib/gcc/arm-none-eabi/4.9.3/armv7-m/crtbegin.o
                0x00017bfc                PROVIDE (__init_array_end, .)
                0x00017bfc                PROVIDE (__fini_array_start, .)
 *(.fini_array)
 .fini_array    0x00017bfc        0x4 c:/microsemi/softconsole_v4.0/arm-none-eabi-gcc/bin/../lib/gcc/arm-none-eabi/4.9.3/armv7-m/crtbegin.o
 *(SORT(.fini_array.*))
                0x00017c00                PROVIDE (__fini_array_end, .)
                0x00017c00                . = ALIGN (0x10)
                0x00017c00                __exidx_start = .

.v4_bx          0x00017c00        0x0
 .v4_bx         0x00000000        0x0 linker stubs

.iplt           0x00017c00        0x0
 .iplt          0x00000000        0x0 c:/microsemi/softconsole_v4.0/arm-none-eabi-gcc/bin/../lib/gcc/arm-none-eabi/4.9.3/armv7-m/crtbegin.o

.rel.dyn        0x00017c00        0x0
 .rel.iplt      0x00000000        0x0 c:/microsemi/softconsole_v4.0/arm-none-eabi-gcc/bin/../lib/gcc/arm-none-eabi/4.9.3/armv7-m/crtbegin.o

.ARM.exidx
 *(.ARM.exidx* .gnu.linkonce.armexidx.*)
                0x00017c00                __exidx_end = .
                0x00017c00                _etext = .

.data           0x20000000       0xa0 load address 0x00017c00
                0x00017c00                __data_load = LOADADDR (.data)
                0x00017c00                _sidata = LOADADDR (.data)
                0x20000000                __data_start = .
                0x20000000                _sdata = .
 *(.jcr)
 .jcr           0x20000000        0x0 c:/microsemi/softconsole_v4.0/arm-none-eabi-gcc/bin/../lib/gcc/arm-none-eabi/4.9.3/armv7-m/crtbegin.o
 .jcr           0x20000000        0x4 c:/microsemi/softconsole_v4.0/arm-none-eabi-gcc/bin/../lib/gcc/arm-none-eabi/4.9.3/armv7-m/crtend.o
 *(.got.plt)
 *(.got)
 *(.shdata)
 *(.data .data.* .gnu.linkonce.d.*)
 .data.tcp_port
                0x20000004        0x2 ./lwip-1.4.1/core/tcp.o
 *fill*         0x20000006        0x2 
 .data.iss.8501
                0x20000008        0x4 ./lwip-1.4.1/core/tcp.o
 .data.udp_port
                0x2000000c        0x2 ./lwip-1.4.1/core/udp.o
 .data.previous_speed.6267
                0x2000000e        0x1 ./drivers/mss_ethernet_mac/mss_ethernet_mac.o
 .data.previous_duplex.6268
                0x2000000f        0x1 ./drivers/mss_ethernet_mac/mss_ethernet_mac.o
 .data.xFreeBytesRemaining
                0x20000010        0x4 ./FreeRTOS/portable/MemMang/heap_2.o
 .data.uxCriticalNesting
                0x20000014        0x4 ./FreeRTOS/portable/GCC/ARM_CM3/port.o
 .data.uxPreviousTask
                0x20000018        0x4 ./FreeRTOS/tasks.o
 .data.xNextTaskUnblockTime
                0x2000001c        0x4 ./FreeRTOS/tasks.o
 .data.g_FrequencyFIC64
                0x20000020        0x4 ./CMSIS/system_m2sxxx.o
                0x20000020                g_FrequencyFIC64
 .data.g_FrequencyPCLK2
                0x20000024        0x4 ./CMSIS/system_m2sxxx.o
                0x20000024                g_FrequencyPCLK2
 .data.g_FrequencyFIC0
                0x20000028        0x4 ./CMSIS/system_m2sxxx.o
                0x20000028                g_FrequencyFIC0
 .data.g_FrequencyFIC1
                0x2000002c        0x4 ./CMSIS/system_m2sxxx.o
                0x2000002c                g_FrequencyFIC1
 .data.g_FrequencyPCLK0
                0x20000030        0x4 ./CMSIS/system_m2sxxx.o
                0x20000030                g_FrequencyPCLK0
 .data.g_FrequencyPCLK1
                0x20000034        0x4 ./CMSIS/system_m2sxxx.o
                0x20000034                g_FrequencyPCLK1
 .data.SystemCoreClock
                0x20000038        0x4 ./CMSIS/system_m2sxxx.o
                0x20000038                SystemCoreClock
 .data.impure_data
                0x2000003c       0x60 c:/microsemi/softconsole_v4.0/arm-none-eabi-gcc/bin/../lib/gcc/arm-none-eabi/4.9.3/../../../../arm-none-eabi/lib/armv7-m\libg_nano.a(lib_a-impure.o)
 .data._impure_ptr
                0x2000009c        0x4 c:/microsemi/softconsole_v4.0/arm-none-eabi-gcc/bin/../lib/gcc/arm-none-eabi/4.9.3/../../../../arm-none-eabi/lib/armv7-m\libg_nano.a(lib_a-impure.o)
                0x2000009c                _impure_ptr
                0x200000a0                . = ALIGN (0x10)
                0x200000a0                _edata = .

.igot.plt       0x200000a0        0x0 load address 0x00017ca0
 .igot.plt      0x00000000        0x0 c:/microsemi/softconsole_v4.0/arm-none-eabi-gcc/bin/../lib/gcc/arm-none-eabi/4.9.3/armv7-m/crtbegin.o

.bss            0x200000a0     0x9840 load address 0x00017ca0
                0x200000a0                __bss_start__ = .
                0x200000a0                _sbss = .
 *(.shbss)
 *(.bss .bss.* .gnu.linkonce.b.*)
 .bss           0x200000a0       0x1c c:/microsemi/softconsole_v4.0/arm-none-eabi-gcc/bin/../lib/gcc/arm-none-eabi/4.9.3/armv7-m/crtbegin.o
 .bss.etharp_cached_entry
                0x200000bc        0x1 ./lwip-1.4.1/netif/etharp.o
 *fill*         0x200000bd        0x3 
 .bss.arp_table
                0x200000c0       0xc8 ./lwip-1.4.1/netif/etharp.o
 .bss.g_p_mac_netif
                0x20000188        0x4 ./lwip-1.4.1/netif/m2sxxx_ethernetif.o
                0x20000188                g_p_mac_netif
 .bss.g_rx_paused
                0x2000018c        0x1 ./lwip-1.4.1/netif/m2sxxx_ethernetif.o
 .bss.prev_packetset
                0x2000018d        0x6 ./lwip-1.4.1/netif/m2sxxx_ethernetif.o
 .bss.r_mac_addr
                0x20000193       0x3c ./lwip-1.4.1/netif/m2sxxx_ethernetif.o
 *fill*         0x200001cf        0x1 
 .bss.g_mac_rx_buffer_data_valid
                0x200001d0        0x4 ./lwip-1.4.1/netif/m2sxxx_ethernetif.o
 .bss.r_mac_length
                0x200001d4        0x1 ./lwip-1.4.1/netif/m2sxxx_ethernetif.o
 *fill*         0x200001d5        0x3 
 .bss.g_mac_tx_buffer
                0x200001d8      0x5ee ./lwip-1.4.1/netif/m2sxxx_ethernetif.o
 *fill*         0x200007c6        0x2 
 .bss.g_mac_rx_buffer
                0x200007c8      0x5ee ./lwip-1.4.1/netif/m2sxxx_ethernetif.o
 *fill*         0x20000db6        0x2 
 .bss.g_mac_tx_buffer_used
                0x20000db8        0x4 ./lwip-1.4.1/netif/m2sxxx_ethernetif.o
 .bss.allsystems
                0x20000dbc        0x4 ./lwip-1.4.1/core/ipv4/igmp.o
 .bss.allrouters
                0x20000dc0        0x4 ./lwip-1.4.1/core/ipv4/igmp.o
 .bss.igmp_group_list
                0x20000dc4        0x4 ./lwip-1.4.1/core/ipv4/igmp.o
 .bss.ip_id     0x20000dc8        0x2 ./lwip-1.4.1/core/ipv4/ip.o
 *fill*         0x20000dca        0x2 
 .bss.reassdatagrams
                0x20000dcc        0x4 ./lwip-1.4.1/core/ipv4/ip_frag.o
 .bss.ip_reass_pbufcount
                0x20000dd0        0x2 ./lwip-1.4.1/core/ipv4/ip_frag.o
 *fill*         0x20000dd2        0x2 
 .bss.xid.8354  0x20000dd4        0x4 ./lwip-1.4.1/core/dhcp.o
 .bss.tcpip_tcp_timer_active
                0x20000dd8        0x4 ./lwip-1.4.1/core/lwip_timers.o
 .bss.next_timeout
                0x20000ddc        0x4 ./lwip-1.4.1/core/lwip_timers.o
 .bss.lfree     0x20000de0        0x4 ./lwip-1.4.1/core/mem.o
 .bss.ram_end   0x20000de4        0x4 ./lwip-1.4.1/core/mem.o
 .bss.mem_mutex
                0x20000de8        0x4 ./lwip-1.4.1/core/mem.o
 .bss.ram       0x20000dec        0x4 ./lwip-1.4.1/core/mem.o
 .bss.memp_memory
                0x20000df0     0x1f57 ./lwip-1.4.1/core/memp.o
 *fill*         0x20002d47        0x1 
 .bss.memp_tab  0x20002d48       0x3c ./lwip-1.4.1/core/memp.o
 .bss.netif_num
                0x20002d84        0x1 ./lwip-1.4.1/core/netif.o
 *fill*         0x20002d85        0x3 
 .bss.raw_pcbs  0x20002d88        0x4 ./lwip-1.4.1/core/raw.o
 .bss.tcp_timer
                0x20002d8c        0x1 ./lwip-1.4.1/core/tcp.o
 .bss.tcp_timer_ctr
                0x20002d8d        0x1 ./lwip-1.4.1/core/tcp.o
 *fill*         0x20002d8e        0x2 
 .bss.seqno     0x20002d90        0x4 ./lwip-1.4.1/core/tcp_in.o
 .bss.iphdr     0x20002d94        0x4 ./lwip-1.4.1/core/tcp_in.o
 .bss.tcplen    0x20002d98        0x2 ./lwip-1.4.1/core/tcp_in.o
 *fill*         0x20002d9a        0x2 
 .bss.ackno     0x20002d9c        0x4 ./lwip-1.4.1/core/tcp_in.o
 .bss.flags     0x20002da0        0x1 ./lwip-1.4.1/core/tcp_in.o
 .bss.recv_flags
                0x20002da1        0x1 ./lwip-1.4.1/core/tcp_in.o
 *fill*         0x20002da2        0x2 
 .bss.tcphdr    0x20002da4        0x4 ./lwip-1.4.1/core/tcp_in.o
 .bss.recv_data
                0x20002da8        0x4 ./lwip-1.4.1/core/tcp_in.o
 .bss.inseg     0x20002dac       0x10 ./lwip-1.4.1/core/tcp_in.o
 .bss.mbox      0x20002dbc        0x4 ./lwip-1.4.1/api/tcpip.o
 .bss.tcpip_init_done_arg
                0x20002dc0        0x4 ./lwip-1.4.1/api/tcpip.o
 .bss.tcpip_init_done
                0x20002dc4        0x4 ./lwip-1.4.1/api/tcpip.o
 .bss.g_comblk_response_size
                0x20002dc8        0x2 ./drivers/mss_sys_services/mss_comblk.o
 *fill*         0x20002dca        0x2 
 .bss.g_comblk_page_handler
                0x20002dcc        0x4 ./drivers/mss_sys_services/mss_comblk.o
 .bss.g_comblk_p_cmd
                0x20002dd0        0x4 ./drivers/mss_sys_services/mss_comblk.o
 .bss.g_request_in_progress
                0x20002dd4        0x1 ./drivers/mss_sys_services/mss_comblk.o
 *fill*         0x20002dd5        0x3 
 .bss.g_async_event_handler
                0x20002dd8        0x4 ./drivers/mss_sys_services/mss_comblk.o
 .bss.g_comblk_cmd_size
                0x20002ddc        0x2 ./drivers/mss_sys_services/mss_comblk.o
 *fill*         0x20002dde        0x2 
 .bss.g_comblk_p_data
                0x20002de0        0x4 ./drivers/mss_sys_services/mss_comblk.o
 .bss.g_comblk_completion_handler
                0x20002de4        0x4 ./drivers/mss_sys_services/mss_comblk.o
 .bss.g_comblk_response_idx
                0x20002de8        0x2 ./drivers/mss_sys_services/mss_comblk.o
 *fill*         0x20002dea        0x2 
 .bss.g_comblk_data_size
                0x20002dec        0x4 ./drivers/mss_sys_services/mss_comblk.o
 .bss.g_comblk_p_response
                0x20002df0        0x4 ./drivers/mss_sys_services/mss_comblk.o
 .bss.g_comblk_state
                0x20002df4        0x1 ./drivers/mss_sys_services/mss_comblk.o
 .bss.g_comblk_cmd_opcode
                0x20002df5        0x1 ./drivers/mss_sys_services/mss_comblk.o
 *fill*         0x20002df6        0x2 
 .bss.g_transfer
                0x20002df8       0x18 ./drivers/mss_hpdma/mss_hpdma.o
 .bss.g_hpdma_current_desc
                0x20002e10        0x4 ./drivers/mss_hpdma/mss_hpdma.o
 .bss.g_hpdma_end_desc
                0x20002e14        0x4 ./drivers/mss_hpdma/mss_hpdma.o
 .bss.g_phy_addr