Archive member included because of file (symbol)

E:\Projects\Actel\ActelKit\RefDes\5\SoC\M2S010_I2C_UART\SoftConsole\M2S010_I2C_UART_MSS_CM3\M2S010_I2C_UART_MSS_CM3_hw_platform\Debug\libM2S010_I2C_UART_MSS_CM3_hw_platform.a(mss_uart.o)
                              ./main.o (g_mss_uart0)
E:\Projects\Actel\ActelKit\RefDes\5\SoC\M2S010_I2C_UART\SoftConsole\M2S010_I2C_UART_MSS_CM3\M2S010_I2C_UART_MSS_CM3_hw_platform\Debug\libM2S010_I2C_UART_MSS_CM3_hw_platform.a(mss_i2c.o)
                              ./main.o (g_mss_i2c0)
E:\Projects\Actel\ActelKit\RefDes\5\SoC\M2S010_I2C_UART\SoftConsole\M2S010_I2C_UART_MSS_CM3\M2S010_I2C_UART_MSS_CM3_hw_platform\Debug\libM2S010_I2C_UART_MSS_CM3_hw_platform.a(system_m2sxxx.o)
                              E:\Projects\Actel\ActelKit\RefDes\5\SoC\M2S010_I2C_UART\SoftConsole\M2S010_I2C_UART_MSS_CM3\M2S010_I2C_UART_MSS_CM3_hw_platform\Debug\libM2S010_I2C_UART_MSS_CM3_hw_platform.a(mss_uart.o) (g_FrequencyPCLK0)
c:/microsemi/libero_soc_v11.7/softconsole/sourcery-g++/bin/../lib/gcc/arm-none-eabi/4.4.1/../../../../arm-none-eabi/lib/thumb2\libc.a(lib_a-errno.o)
                              E:/Projects/Actel/ActelKit/RefDes/5/SoC/M2S010_I2C_UART/SoftConsole/M2S010_I2C_UART_MSS_CM3/M2S010_I2C_UART_MSS_CM3_hw_platform/Debug/CMSIS/startup_gcc/newlib_stubs.o (__errno)
c:/microsemi/libero_soc_v11.7/softconsole/sourcery-g++/bin/../lib/gcc/arm-none-eabi/4.4.1/../../../../arm-none-eabi/lib/thumb2\libc.a(lib_a-impure.o)
                              c:/microsemi/libero_soc_v11.7/softconsole/sourcery-g++/bin/../lib/gcc/arm-none-eabi/4.4.1/../../../../arm-none-eabi/lib/thumb2\libc.a(lib_a-errno.o) (_impure_ptr)
c:/microsemi/libero_soc_v11.7/softconsole/sourcery-g++/bin/../lib/gcc/arm-none-eabi/4.4.1/../../../../arm-none-eabi/lib/thumb2\libc.a(lib_a-init.o)
                              E:/Projects/Actel/ActelKit/RefDes/5/SoC/M2S010_I2C_UART/SoftConsole/M2S010_I2C_UART_MSS_CM3/M2S010_I2C_UART_MSS_CM3_hw_platform/Debug/CMSIS/startup_gcc/startup_m2sxxx.o (__libc_init_array)
c:/microsemi/libero_soc_v11.7/softconsole/sourcery-g++/bin/../lib/gcc/arm-none-eabi/4.4.1/../../../../arm-none-eabi/lib/thumb2\libc.a(lib_a-memset.o)
                              E:\Projects\Actel\ActelKit\RefDes\5\SoC\M2S010_I2C_UART\SoftConsole\M2S010_I2C_UART_MSS_CM3\M2S010_I2C_UART_MSS_CM3_hw_platform\Debug\libM2S010_I2C_UART_MSS_CM3_hw_platform.a(mss_i2c.o) (memset)

Allocating common symbols
Common symbol       size              file

AG_buf              0xe               ./main.o
uart_tx_buf         0x18              ./main.o
slave_address       0x1               ./main.o
Comp_buf            0xc               ./main.o
g_mss_uart1         0x40              E:\Projects\Actel\ActelKit\RefDes\5\SoC\M2S010_I2C_UART\SoftConsole\M2S010_I2C_UART_MSS_CM3\M2S010_I2C_UART_MSS_CM3_hw_platform\Debug\libM2S010_I2C_UART_MSS_CM3_hw_platform.a(mss_uart.o)
mss_instance        0x1               ./main.o
g_mss_i2c0          0x74              E:\Projects\Actel\ActelKit\RefDes\5\SoC\M2S010_I2C_UART\SoftConsole\M2S010_I2C_UART_MSS_CM3\M2S010_I2C_UART_MSS_CM3_hw_platform\Debug\libM2S010_I2C_UART_MSS_CM3_hw_platform.a(mss_i2c.o)
g_mss_uart0         0x40              E:\Projects\Actel\ActelKit\RefDes\5\SoC\M2S010_I2C_UART\SoftConsole\M2S010_I2C_UART_MSS_CM3\M2S010_I2C_UART_MSS_CM3_hw_platform\Debug\libM2S010_I2C_UART_MSS_CM3_hw_platform.a(mss_uart.o)
uart_rx_buf         0x2               ./main.o
g_mss_i2c1          0x74              E:\Projects\Actel\ActelKit\RefDes\5\SoC\M2S010_I2C_UART\SoftConsole\M2S010_I2C_UART_MSS_CM3\M2S010_I2C_UART_MSS_CM3_hw_platform\Debug\libM2S010_I2C_UART_MSS_CM3_hw_platform.a(mss_i2c.o)

Discarded input sections

 .text          0x00000000        0x0 c:/microsemi/libero_soc_v11.7/softconsole/sourcery-g++/bin/../lib/gcc/arm-none-eabi/4.4.1/thumb2/crti.o
 .data          0x00000000        0x0 c:/microsemi/libero_soc_v11.7/softconsole/sourcery-g++/bin/../lib/gcc/arm-none-eabi/4.4.1/thumb2/crti.o
 .bss           0x00000000        0x0 c:/microsemi/libero_soc_v11.7/softconsole/sourcery-g++/bin/../lib/gcc/arm-none-eabi/4.4.1/thumb2/crti.o
 .data          0x00000000        0x4 c:/microsemi/libero_soc_v11.7/softconsole/sourcery-g++/bin/../lib/gcc/arm-none-eabi/4.4.1/thumb2/crtbegin.o
 .text          0x00000000        0x0 ./main.o
 .data          0x00000000        0x0 ./main.o
 .bss           0x00000000        0x0 ./main.o
 .text.mss_read_transaction
                0x00000000       0x4c ./main.o
 .text          0x00000000        0x0 E:/Projects/Actel/ActelKit/RefDes/5/SoC/M2S010_I2C_UART/SoftConsole/M2S010_I2C_UART_MSS_CM3/M2S010_I2C_UART_MSS_CM3_hw_platform/Debug/CMSIS/startup_gcc/startup_m2sxxx.o
 .data          0x00000000        0x0 E:/Projects/Actel/ActelKit/RefDes/5/SoC/M2S010_I2C_UART/SoftConsole/M2S010_I2C_UART_MSS_CM3/M2S010_I2C_UART_MSS_CM3_hw_platform/Debug/CMSIS/startup_gcc/startup_m2sxxx.o
 .bss           0x00000000        0x0 E:/Projects/Actel/ActelKit/RefDes/5/SoC/M2S010_I2C_UART/SoftConsole/M2S010_I2C_UART_MSS_CM3/M2S010_I2C_UART_MSS_CM3_hw_platform/Debug/CMSIS/startup_gcc/startup_m2sxxx.o
 .text          0x00000000        0x0 E:/Projects/Actel/ActelKit/RefDes/5/SoC/M2S010_I2C_UART/SoftConsole/M2S010_I2C_UART_MSS_CM3/M2S010_I2C_UART_MSS_CM3_hw_platform/Debug/CMSIS/startup_gcc/newlib_stubs.o
 .data          0x00000000        0x0 E:/Projects/Actel/ActelKit/RefDes/5/SoC/M2S010_I2C_UART/SoftConsole/M2S010_I2C_UART_MSS_CM3/M2S010_I2C_UART_MSS_CM3_hw_platform/Debug/CMSIS/startup_gcc/newlib_stubs.o
 .bss           0x00000000        0x0 E:/Projects/Actel/ActelKit/RefDes/5/SoC/M2S010_I2C_UART/SoftConsole/M2S010_I2C_UART_MSS_CM3/M2S010_I2C_UART_MSS_CM3_hw_platform/Debug/CMSIS/startup_gcc/newlib_stubs.o
 .bss.__env     0x00000000        0x4 E:/Projects/Actel/ActelKit/RefDes/5/SoC/M2S010_I2C_UART/SoftConsole/M2S010_I2C_UART_MSS_CM3/M2S010_I2C_UART_MSS_CM3_hw_platform/Debug/CMSIS/startup_gcc/newlib_stubs.o
 .data.environ  0x00000000        0x4 E:/Projects/Actel/ActelKit/RefDes/5/SoC/M2S010_I2C_UART/SoftConsole/M2S010_I2C_UART_MSS_CM3/M2S010_I2C_UART_MSS_CM3_hw_platform/Debug/CMSIS/startup_gcc/newlib_stubs.o
 .text._close   0x00000000       0x18 E:/Projects/Actel/ActelKit/RefDes/5/SoC/M2S010_I2C_UART/SoftConsole/M2S010_I2C_UART_MSS_CM3/M2S010_I2C_UART_MSS_CM3_hw_platform/Debug/CMSIS/startup_gcc/newlib_stubs.o
 .text._execve  0x00000000       0x28 E:/Projects/Actel/ActelKit/RefDes/5/SoC/M2S010_I2C_UART/SoftConsole/M2S010_I2C_UART_MSS_CM3/M2S010_I2C_UART_MSS_CM3_hw_platform/Debug/CMSIS/startup_gcc/newlib_stubs.o
 .text._exit    0x00000000        0xc E:/Projects/Actel/ActelKit/RefDes/5/SoC/M2S010_I2C_UART/SoftConsole/M2S010_I2C_UART_MSS_CM3/M2S010_I2C_UART_MSS_CM3_hw_platform/Debug/CMSIS/startup_gcc/newlib_stubs.o
 .text._fork    0x00000000       0x18 E:/Projects/Actel/ActelKit/RefDes/5/SoC/M2S010_I2C_UART/SoftConsole/M2S010_I2C_UART_MSS_CM3/M2S010_I2C_UART_MSS_CM3_hw_platform/Debug/CMSIS/startup_gcc/newlib_stubs.o
 .text._fstat   0x00000000       0x24 E:/Projects/Actel/ActelKit/RefDes/5/SoC/M2S010_I2C_UART/SoftConsole/M2S010_I2C_UART_MSS_CM3/M2S010_I2C_UART_MSS_CM3_hw_platform/Debug/CMSIS/startup_gcc/newlib_stubs.o
 .text._getpid  0x00000000       0x10 E:/Projects/Actel/ActelKit/RefDes/5/SoC/M2S010_I2C_UART/SoftConsole/M2S010_I2C_UART_MSS_CM3/M2S010_I2C_UART_MSS_CM3_hw_platform/Debug/CMSIS/startup_gcc/newlib_stubs.o
 .text._isatty  0x00000000       0x18 E:/Projects/Actel/ActelKit/RefDes/5/SoC/M2S010_I2C_UART/SoftConsole/M2S010_I2C_UART_MSS_CM3/M2S010_I2C_UART_MSS_CM3_hw_platform/Debug/CMSIS/startup_gcc/newlib_stubs.o
 .text._kill    0x00000000       0x24 E:/Projects/Actel/ActelKit/RefDes/5/SoC/M2S010_I2C_UART/SoftConsole/M2S010_I2C_UART_MSS_CM3/M2S010_I2C_UART_MSS_CM3_hw_platform/Debug/CMSIS/startup_gcc/newlib_stubs.o
 .text._link    0x00000000       0x24 E:/Projects/Actel/ActelKit/RefDes/5/SoC/M2S010_I2C_UART/SoftConsole/M2S010_I2C_UART_MSS_CM3/M2S010_I2C_UART_MSS_CM3_hw_platform/Debug/CMSIS/startup_gcc/newlib_stubs.o
 .text._lseek   0x00000000       0x1c E:/Projects/Actel/ActelKit/RefDes/5/SoC/M2S010_I2C_UART/SoftConsole/M2S010_I2C_UART_MSS_CM3/M2S010_I2C_UART_MSS_CM3_hw_platform/Debug/CMSIS/startup_gcc/newlib_stubs.o
 .text._open    0x00000000       0x1c E:/Projects/Actel/ActelKit/RefDes/5/SoC/M2S010_I2C_UART/SoftConsole/M2S010_I2C_UART_MSS_CM3/M2S010_I2C_UART_MSS_CM3_hw_platform/Debug/CMSIS/startup_gcc/newlib_stubs.o
 .text._read    0x00000000       0x1c E:/Projects/Actel/ActelKit/RefDes/5/SoC/M2S010_I2C_UART/SoftConsole/M2S010_I2C_UART_MSS_CM3/M2S010_I2C_UART_MSS_CM3_hw_platform/Debug/CMSIS/startup_gcc/newlib_stubs.o
 .text._write_r
                0x00000000       0x20 E:/Projects/Actel/ActelKit/RefDes/5/SoC/M2S010_I2C_UART/SoftConsole/M2S010_I2C_UART_MSS_CM3/M2S010_I2C_UART_MSS_CM3_hw_platform/Debug/CMSIS/startup_gcc/newlib_stubs.o
 .rodata        0x00000000       0x30 E:/Projects/Actel/ActelKit/RefDes/5/SoC/M2S010_I2C_UART/SoftConsole/M2S010_I2C_UART_MSS_CM3/M2S010_I2C_UART_MSS_CM3_hw_platform/Debug/CMSIS/startup_gcc/newlib_stubs.o
 .text._sbrk    0x00000000       0xe4 E:/Projects/Actel/ActelKit/RefDes/5/SoC/M2S010_I2C_UART/SoftConsole/M2S010_I2C_UART_MSS_CM3/M2S010_I2C_UART_MSS_CM3_hw_platform/Debug/CMSIS/startup_gcc/newlib_stubs.o
 .text._stat    0x00000000       0x24 E:/Projects/Actel/ActelKit/RefDes/5/SoC/M2S010_I2C_UART/SoftConsole/M2S010_I2C_UART_MSS_CM3/M2S010_I2C_UART_MSS_CM3_hw_platform/Debug/CMSIS/startup_gcc/newlib_stubs.o
 .text._times   0x00000000       0x18 E:/Projects/Actel/ActelKit/RefDes/5/SoC/M2S010_I2C_UART/SoftConsole/M2S010_I2C_UART_MSS_CM3/M2S010_I2C_UART_MSS_CM3_hw_platform/Debug/CMSIS/startup_gcc/newlib_stubs.o
 .text._unlink  0x00000000       0x24 E:/Projects/Actel/ActelKit/RefDes/5/SoC/M2S010_I2C_UART/SoftConsole/M2S010_I2C_UART_MSS_CM3/M2S010_I2C_UART_MSS_CM3_hw_platform/Debug/CMSIS/startup_gcc/newlib_stubs.o
 .text._wait    0x00000000       0x24 E:/Projects/Actel/ActelKit/RefDes/5/SoC/M2S010_I2C_UART/SoftConsole/M2S010_I2C_UART_MSS_CM3/M2S010_I2C_UART_MSS_CM3_hw_platform/Debug/CMSIS/startup_gcc/newlib_stubs.o
 .bss.heap_end.2220
                0x00000000        0x4 E:/Projects/Actel/ActelKit/RefDes/5/SoC/M2S010_I2C_UART/SoftConsole/M2S010_I2C_UART_MSS_CM3/M2S010_I2C_UART_MSS_CM3_hw_platform/Debug/CMSIS/startup_gcc/newlib_stubs.o
 .text          0x00000000        0x0 E:\Projects\Actel\ActelKit\RefDes\5\SoC\M2S010_I2C_UART\SoftConsole\M2S010_I2C_UART_MSS_CM3\M2S010_I2C_UART_MSS_CM3_hw_platform\Debug\libM2S010_I2C_UART_MSS_CM3_hw_platform.a(mss_uart.o)
 .data          0x00000000        0x0 E:\Projects\Actel\ActelKit\RefDes\5\SoC\M2S010_I2C_UART\SoftConsole\M2S010_I2C_UART_MSS_CM3\M2S010_I2C_UART_MSS_CM3_hw_platform\Debug\libM2S010_I2C_UART_MSS_CM3_hw_platform.a(mss_uart.o)
 .bss           0x00000000        0x0 E:\Projects\Actel\ActelKit\RefDes\5\SoC\M2S010_I2C_UART\SoftConsole\M2S010_I2C_UART_MSS_CM3\M2S010_I2C_UART_MSS_CM3_hw_platform\Debug\libM2S010_I2C_UART_MSS_CM3_hw_platform.a(mss_uart.o)
 .text.NVIC_EnableIRQ
                0x00000000       0x38 E:\Projects\Actel\ActelKit\RefDes\5\SoC\M2S010_I2C_UART\SoftConsole\M2S010_I2C_UART_MSS_CM3\M2S010_I2C_UART_MSS_CM3_hw_platform\Debug\libM2S010_I2C_UART_MSS_CM3_hw_platform.a(mss_uart.o)
 .text.NVIC_DisableIRQ
                0x00000000       0x3c E:\Projects\Actel\ActelKit\RefDes\5\SoC\M2S010_I2C_UART\SoftConsole\M2S010_I2C_UART_MSS_CM3\M2S010_I2C_UART_MSS_CM3_hw_platform\Debug\libM2S010_I2C_UART_MSS_CM3_hw_platform.a(mss_uart.o)
 .text.MSS_UART_lin_init
                0x00000000       0x78 E:\Projects\Actel\ActelKit\RefDes\5\SoC\M2S010_I2C_UART\SoftConsole\M2S010_I2C_UART_MSS_CM3\M2S010_I2C_UART_MSS_CM3_hw_platform\Debug\libM2S010_I2C_UART_MSS_CM3_hw_platform.a(mss_uart.o)
 .text.MSS_UART_irda_init
                0x00000000       0xfc E:\Projects\Actel\ActelKit\RefDes\5\SoC\M2S010_I2C_UART\SoftConsole\M2S010_I2C_UART_MSS_CM3\M2S010_I2C_UART_MSS_CM3_hw_platform\Debug\libM2S010_I2C_UART_MSS_CM3_hw_platform.a(mss_uart.o)
 .text.MSS_UART_smartcard_init
                0x00000000       0x94 E:\Projects\Actel\ActelKit\RefDes\5\SoC\M2S010_I2C_UART\SoftConsole\M2S010_I2C_UART_MSS_CM3\M2S010_I2C_UART_MSS_CM3_hw_platform\Debug\libM2S010_I2C_UART_MSS_CM3_hw_platform.a(mss_uart.o)
 .text.MSS_UART_polled_tx_string
                0x00000000       0xcc E:\Projects\Actel\ActelKit\RefDes\5\SoC\M2S010_I2C_UART\SoftConsole\M2S010_I2C_UART_MSS_CM3\M2S010_I2C_UART_MSS_CM3_hw_platform\Debug\libM2S010_I2C_UART_MSS_CM3_hw_platform.a(mss_uart.o)
 .text.MSS_UART_irq_tx
                0x00000000       0xb4 E:\Projects\Actel\ActelKit\RefDes\5\SoC\M2S010_I2C_UART\SoftConsole\M2S010_I2C_UART_MSS_CM3\M2S010_I2C_UART_MSS_CM3_hw_platform\Debug\libM2S010_I2C_UART_MSS_CM3_hw_platform.a(mss_uart.o)
 .text.MSS_UART_tx_complete
                0x00000000       0x90 E:\Projects\Actel\ActelKit\RefDes\5\SoC\M2S010_I2C_UART\SoftConsole\M2S010_I2C_UART_MSS_CM3\M2S010_I2C_UART_MSS_CM3_hw_platform\Debug\libM2S010_I2C_UART_MSS_CM3_hw_platform.a(mss_uart.o)
 .text.MSS_UART_get_rx
                0x00000000       0xdc E:\Projects\Actel\ActelKit\RefDes\5\SoC\M2S010_I2C_UART\SoftConsole\M2S010_I2C_UART_MSS_CM3\M2S010_I2C_UART_MSS_CM3_hw_platform\Debug\libM2S010_I2C_UART_MSS_CM3_hw_platform.a(mss_uart.o)
 .text.MSS_UART_enable_irq
                0x00000000       0xbc E:\Projects\Actel\ActelKit\RefDes\5\SoC\M2S010_I2C_UART\SoftConsole\M2S010_I2C_UART_MSS_CM3\M2S010_I2C_UART_MSS_CM3_hw_platform\Debug\libM2S010_I2C_UART_MSS_CM3_hw_platform.a(mss_uart.o)
 .text.MSS_UART_disable_irq
                0x00000000       0xb8 E:\Projects\Actel\ActelKit\RefDes\5\SoC\M2S010_I2C_UART\SoftConsole\M2S010_I2C_UART_MSS_CM3\M2S010_I2C_UART_MSS_CM3_hw_platform\Debug\libM2S010_I2C_UART_MSS_CM3_hw_platform.a(mss_uart.o)
 .text.MSS_UART_set_rx_handler
                0x00000000       0xc0 E:\Projects\Actel\ActelKit\RefDes\5\SoC\M2S010_I2C_UART\SoftConsole\M2S010_I2C_UART_MSS_CM3\M2S010_I2C_UART_MSS_CM3_hw_platform\Debug\libM2S010_I2C_UART_MSS_CM3_hw_platform.a(mss_uart.o)
 .text.MSS_UART_set_loopback
                0x00000000       0xec E:\Projects\Actel\ActelKit\RefDes\5\SoC\M2S010_I2C_UART\SoftConsole\M2S010_I2C_UART_MSS_CM3\M2S010_I2C_UART_MSS_CM3_hw_platform\Debug\libM2S010_I2C_UART_MSS_CM3_hw_platform.a(mss_uart.o)
 .text.MSS_UART_set_rxstatus_handler
                0x00000000       0x8c E:\Projects\Actel\ActelKit\RefDes\5\SoC\M2S010_I2C_UART\SoftConsole\M2S010_I2C_UART_MSS_CM3\M2S010_I2C_UART_MSS_CM3_hw_platform\Debug\libM2S010_I2C_UART_MSS_CM3_hw_platform.a(mss_uart.o)
 .text.MSS_UART_set_tx_handler
                0x00000000       0x9c E:\Projects\Actel\ActelKit\RefDes\5\SoC\M2S010_I2C_UART\SoftConsole\M2S010_I2C_UART_MSS_CM3\M2S010_I2C_UART_MSS_CM3_hw_platform\Debug\libM2S010_I2C_UART_MSS_CM3_hw_platform.a(mss_uart.o)
 .text.MSS_UART_set_modemstatus_handler
                0x00000000       0x8c E:\Projects\Actel\ActelKit\RefDes\5\SoC\M2S010_I2C_UART\SoftConsole\M2S010_I2C_UART_MSS_CM3\M2S010_I2C_UART_MSS_CM3_hw_platform\Debug\libM2S010_I2C_UART_MSS_CM3_hw_platform.a(mss_uart.o)
 .text.MSS_UART_fill_tx_fifo
                0x00000000       0xd4 E:\Projects\Actel\ActelKit\RefDes\5\SoC\M2S010_I2C_UART\SoftConsole\M2S010_I2C_UART_MSS_CM3\M2S010_I2C_UART_MSS_CM3_hw_platform\Debug\libM2S010_I2C_UART_MSS_CM3_hw_platform.a(mss_uart.o)
 .text.MSS_UART_get_rx_status
                0x00000000       0x80 E:\Projects\Actel\ActelKit\RefDes\5\SoC\M2S010_I2C_UART\SoftConsole\M2S010_I2C_UART_MSS_CM3\M2S010_I2C_UART_MSS_CM3_hw_platform\Debug\libM2S010_I2C_UART_MSS_CM3_hw_platform.a(mss_uart.o)
 .text.MSS_UART_get_modem_status
                0x00000000       0x60 E:\Projects\Actel\ActelKit\RefDes\5\SoC\M2S010_I2C_UART\SoftConsole\M2S010_I2C_UART_MSS_CM3\M2S010_I2C_UART_MSS_CM3_hw_platform\Debug\libM2S010_I2C_UART_MSS_CM3_hw_platform.a(mss_uart.o)
 .text.MSS_UART_get_tx_status
                0x00000000       0x78 E:\Projects\Actel\ActelKit\RefDes\5\SoC\M2S010_I2C_UART\SoftConsole\M2S010_I2C_UART_MSS_CM3\M2S010_I2C_UART_MSS_CM3_hw_platform\Debug\libM2S010_I2C_UART_MSS_CM3_hw_platform.a(mss_uart.o)
 .text.MSS_UART_set_break
                0x00000000       0x5c E:\Projects\Actel\ActelKit\RefDes\5\SoC\M2S010_I2C_UART\SoftConsole\M2S010_I2C_UART_MSS_CM3\M2S010_I2C_UART_MSS_CM3_hw_platform\Debug\libM2S010_I2C_UART_MSS_CM3_hw_platform.a(mss_uart.o)
 .text.MSS_UART_clear_break
                0x00000000       0x5c E:\Projects\Actel\ActelKit\RefDes\5\SoC\M2S010_I2C_UART\SoftConsole\M2S010_I2C_UART_MSS_CM3\M2S010_I2C_UART_MSS_CM3_hw_platform\Debug\libM2S010_I2C_UART_MSS_CM3_hw_platform.a(mss_uart.o)
 .text.MSS_UART_set_pidpei_handler
                0x00000000       0x8c E:\Projects\Actel\ActelKit\RefDes\5\SoC\M2S010_I2C_UART\SoftConsole\M2S010_I2C_UART_MSS_CM3\M2S010_I2C_UART_MSS_CM3_hw_platform\Debug\libM2S010_I2C_UART_MSS_CM3_hw_platform.a(mss_uart.o)
 .text.MSS_UART_set_linbreak_handler
                0x00000000       0x8c E:\Projects\Actel\ActelKit\RefDes\5\SoC\M2S010_I2C_UART\SoftConsole\M2S010_I2C_UART_MSS_CM3\M2S010_I2C_UART_MSS_CM3_hw_platform\Debug\libM2S010_I2C_UART_MSS_CM3_hw_platform.a(mss_uart.o)
 .text.MSS_UART_set_linsync_handler
                0x00000000       0x8c E:\Projects\Actel\ActelKit\RefDes\5\SoC\M2S010_I2C_UART\SoftConsole\M2S010_I2C_UART_MSS_CM3\M2S010_I2C_UART_MSS_CM3_hw_platform\Debug\libM2S010_I2C_UART_MSS_CM3_hw_platform.a(mss_uart.o)
 .text.MSS_UART_set_nack_handler
                0x00000000       0x8c E:\Projects\Actel\ActelKit\RefDes\5\SoC\M2S010_I2C_UART\SoftConsole\M2S010_I2C_UART_MSS_CM3\M2S010_I2C_UART_MSS_CM3_hw_platform\Debug\libM2S010_I2C_UART_MSS_CM3_hw_platform.a(mss_uart.o)
 .text.MSS_UART_set_rx_timeout_handler
                0x00000000       0x8c E:\Projects\Actel\ActelKit\RefDes\5\SoC\M2S010_I2C_UART\SoftConsole\M2S010_I2C_UART_MSS_CM3\M2S010_I2C_UART_MSS_CM3_hw_platform\Debug\libM2S010_I2C_UART_MSS_CM3_hw_platform.a(mss_uart.o)
 .text.MSS_UART_enable_half_duplex
                0x00000000       0x5c E:\Projects\Actel\ActelKit\RefDes\5\SoC\M2S010_I2C_UART\SoftConsole\M2S010_I2C_UART_MSS_CM3\M2S010_I2C_UART_MSS_CM3_hw_platform\Debug\libM2S010_I2C_UART_MSS_CM3_hw_platform.a(mss_uart.o)
 .text.MSS_UART_disable_half_duplex
                0x00000000       0x5c E:\Projects\Actel\ActelKit\RefDes\5\SoC\M2S010_I2C_UART\SoftConsole\M2S010_I2C_UART_MSS_CM3\M2S010_I2C_UART_MSS_CM3_hw_platform\Debug\libM2S010_I2C_UART_MSS_CM3_hw_platform.a(mss_uart.o)
 .text.MSS_UART_set_rx_endian
                0x00000000       0x88 E:\Projects\Actel\ActelKit\RefDes\5\SoC\M2S010_I2C_UART\SoftConsole\M2S010_I2C_UART_MSS_CM3\M2S010_I2C_UART_MSS_CM3_hw_platform\Debug\libM2S010_I2C_UART_MSS_CM3_hw_platform.a(mss_uart.o)
 .text.MSS_UART_set_tx_endian
                0x00000000       0x88 E:\Projects\Actel\ActelKit\RefDes\5\SoC\M2S010_I2C_UART\SoftConsole\M2S010_I2C_UART_MSS_CM3\M2S010_I2C_UART_MSS_CM3_hw_platform\Debug\libM2S010_I2C_UART_MSS_CM3_hw_platform.a(mss_uart.o)
 .text.MSS_UART_set_filter_length
                0x00000000       0x68 E:\Projects\Actel\ActelKit\RefDes\5\SoC\M2S010_I2C_UART\SoftConsole\M2S010_I2C_UART_MSS_CM3\M2S010_I2C_UART_MSS_CM3_hw_platform\Debug\libM2S010_I2C_UART_MSS_CM3_hw_platform.a(mss_uart.o)
 .text.MSS_UART_enable_afm
                0x00000000       0x5c E:\Projects\Actel\ActelKit\RefDes\5\SoC\M2S010_I2C_UART\SoftConsole\M2S010_I2C_UART_MSS_CM3\M2S010_I2C_UART_MSS_CM3_hw_platform\Debug\libM2S010_I2C_UART_MSS_CM3_hw_platform.a(mss_uart.o)
 .text.MSS_UART_disable_afm
                0x00000000       0x5c E:\Projects\Actel\ActelKit\RefDes\5\SoC\M2S010_I2C_UART\SoftConsole\M2S010_I2C_UART_MSS_CM3\M2S010_I2C_UART_MSS_CM3_hw_platform\Debug\libM2S010_I2C_UART_MSS_CM3_hw_platform.a(mss_uart.o)
 .text.MSS_UART_enable_afclear
                0x00000000       0x5c E:\Projects\Actel\ActelKit\RefDes\5\SoC\M2S010_I2C_UART\SoftConsole\M2S010_I2C_UART_MSS_CM3\M2S010_I2C_UART_MSS_CM3_hw_platform\Debug\libM2S010_I2C_UART_MSS_CM3_hw_platform.a(mss_uart.o)
 .text.MSS_UART_disable_afclear
                0x00000000       0x5c E:\Projects\Actel\ActelKit\RefDes\5\SoC\M2S010_I2C_UART\SoftConsole\M2S010_I2C_UART_MSS_CM3\M2S010_I2C_UART_MSS_CM3_hw_platform\Debug\libM2S010_I2C_UART_MSS_CM3_hw_platform.a(mss_uart.o)
 .text.MSS_UART_enable_rx_timeout
                0x00000000       0x6c E:\Projects\Actel\ActelKit\RefDes\5\SoC\M2S010_I2C_UART\SoftConsole\M2S010_I2C_UART_MSS_CM3\M2S010_I2C_UART_MSS_CM3_hw_platform\Debug\libM2S010_I2C_UART_MSS_CM3_hw_platform.a(mss_uart.o)
 .text.MSS_UART_disable_rx_timeout
                0x00000000       0x5c E:\Projects\Actel\ActelKit\RefDes\5\SoC\M2S010_I2C_UART\SoftConsole\M2S010_I2C_UART_MSS_CM3\M2S010_I2C_UART_MSS_CM3_hw_platform\Debug\libM2S010_I2C_UART_MSS_CM3_hw_platform.a(mss_uart.o)
 .text.MSS_UART_enable_tx_time_guard
                0x00000000       0x6c E:\Projects\Actel\ActelKit\RefDes\5\SoC\M2S010_I2C_UART\SoftConsole\M2S010_I2C_UART_MSS_CM3\M2S010_I2C_UART_MSS_CM3_hw_platform\Debug\libM2S010_I2C_UART_MSS_CM3_hw_platform.a(mss_uart.o)
 .text.MSS_UART_disable_tx_time_guard
                0x00000000       0x5c E:\Projects\Actel\ActelKit\RefDes\5\SoC\M2S010_I2C_UART\SoftConsole\M2S010_I2C_UART_MSS_CM3\M2S010_I2C_UART_MSS_CM3_hw_platform\Debug\libM2S010_I2C_UART_MSS_CM3_hw_platform.a(mss_uart.o)
 .text.MSS_UART_set_address
                0x00000000       0x5c E:\Projects\Actel\ActelKit\RefDes\5\SoC\M2S010_I2C_UART\SoftConsole\M2S010_I2C_UART_MSS_CM3\M2S010_I2C_UART_MSS_CM3_hw_platform\Debug\libM2S010_I2C_UART_MSS_CM3_hw_platform.a(mss_uart.o)
 .text.MSS_UART_set_ready_mode
                0x00000000       0x88 E:\Projects\Actel\ActelKit\RefDes\5\SoC\M2S010_I2C_UART\SoftConsole\M2S010_I2C_UART_MSS_CM3\M2S010_I2C_UART_MSS_CM3_hw_platform\Debug\libM2S010_I2C_UART_MSS_CM3_hw_platform.a(mss_uart.o)
 .text.MSS_UART_set_usart_mode
                0x00000000       0x90 E:\Projects\Actel\ActelKit\RefDes\5\SoC\M2S010_I2C_UART\SoftConsole\M2S010_I2C_UART_MSS_CM3\M2S010_I2C_UART_MSS_CM3_hw_platform\Debug\libM2S010_I2C_UART_MSS_CM3_hw_platform.a(mss_uart.o)
 .text          0x00000000        0x0 E:\Projects\Actel\ActelKit\RefDes\5\SoC\M2S010_I2C_UART\SoftConsole\M2S010_I2C_UART_MSS_CM3\M2S010_I2C_UART_MSS_CM3_hw_platform\Debug\libM2S010_I2C_UART_MSS_CM3_hw_platform.a(mss_i2c.o)
 .data          0x00000000        0x0 E:\Projects\Actel\ActelKit\RefDes\5\SoC\M2S010_I2C_UART\SoftConsole\M2S010_I2C_UART_MSS_CM3\M2S010_I2C_UART_MSS_CM3_hw_platform\Debug\libM2S010_I2C_UART_MSS_CM3_hw_platform.a(mss_i2c.o)
 .bss           0x00000000        0x0 E:\Projects\Actel\ActelKit\RefDes\5\SoC\M2S010_I2C_UART\SoftConsole\M2S010_I2C_UART_MSS_CM3\M2S010_I2C_UART_MSS_CM3_hw_platform\Debug\libM2S010_I2C_UART_MSS_CM3_hw_platform.a(mss_i2c.o)
 .text.MSS_I2C_read
                0x00000000       0xf4 E:\Projects\Actel\ActelKit\RefDes\5\SoC\M2S010_I2C_UART\SoftConsole\M2S010_I2C_UART_MSS_CM3\M2S010_I2C_UART_MSS_CM3_hw_platform\Debug\libM2S010_I2C_UART_MSS_CM3_hw_platform.a(mss_i2c.o)
 .text.MSS_I2C_get_status
                0x00000000       0x3c E:\Projects\Actel\ActelKit\RefDes\5\SoC\M2S010_I2C_UART\SoftConsole\M2S010_I2C_UART_MSS_CM3\M2S010_I2C_UART_MSS_CM3_hw_platform\Debug\libM2S010_I2C_UART_MSS_CM3_hw_platform.a(mss_i2c.o)
 .text.MSS_I2C_system_tick
                0x00000000       0x5c E:\Projects\Actel\ActelKit\RefDes\5\SoC\M2S010_I2C_UART\SoftConsole\M2S010_I2C_UART_MSS_CM3\M2S010_I2C_UART_MSS_CM3_hw_platform\Debug\libM2S010_I2C_UART_MSS_CM3_hw_platform.a(mss_i2c.o)
 .text.MSS_I2C_set_slave_tx_buffer
                0x00000000       0x58 E:\Projects\Actel\ActelKit\RefDes\5\SoC\M2S010_I2C_UART\SoftConsole\M2S010_I2C_UART_MSS_CM3\M2S010_I2C_UART_MSS_CM3_hw_platform\Debug\libM2S010_I2C_UART_MSS_CM3_hw_platform.a(mss_i2c.o)
 .text.MSS_I2C_set_slave_rx_buffer
                0x00000000       0x58 E:\Projects\Actel\ActelKit\RefDes\5\SoC\M2S010_I2C_UART\SoftConsole\M2S010_I2C_UART_MSS_CM3\M2S010_I2C_UART_MSS_CM3_hw_platform\Debug\libM2S010_I2C_UART_MSS_CM3_hw_platform.a(mss_i2c.o)
 .text.MSS_I2C_set_slave_mem_offset_length
                0x00000000       0x54 E:\Projects\Actel\ActelKit\RefDes\5\SoC\M2S010_I2C_UART\SoftConsole\M2S010_I2C_UART_MSS_CM3\M2S010_I2C_UART_MSS_CM3_hw_platform\Debug\libM2S010_I2C_UART_MSS_CM3_hw_platform.a(mss_i2c.o)
 .text.MSS_I2C_register_write_handler
                0x00000000       0x38 E:\Projects\Actel\ActelKit\RefDes\5\SoC\M2S010_I2C_UART\SoftConsole\M2S010_I2C_UART_MSS_CM3\M2S010_I2C_UART_MSS_CM3_hw_platform\Debug\libM2S010_I2C_UART_MSS_CM3_hw_platform.a(mss_i2c.o)
 .text.MSS_I2C_enable_slave
                0x00000000       0x5c E:\Projects\Actel\ActelKit\RefDes\5\SoC\M2S010_I2C_UART\SoftConsole\M2S010_I2C_UART_MSS_CM3\M2S010_I2C_UART_MSS_CM3_hw_platform\Debug\libM2S010_I2C_UART_MSS_CM3_hw_platform.a(mss_i2c.o)
 .text.MSS_I2C_disable_slave
                0x00000000       0x50 E:\Projects\Actel\ActelKit\RefDes\5\SoC\M2S010_I2C_UART\SoftConsole\M2S010_I2C_UART_MSS_CM3\M2S010_I2C_UART_MSS_CM3_hw_platform\Debug\libM2S010_I2C_UART_MSS_CM3_hw_platform.a(mss_i2c.o)
 .text.MSS_I2C_smbus_init
                0x00000000       0x28 E:\Projects\Actel\ActelKit\RefDes\5\SoC\M2S010_I2C_UART\SoftConsole\M2S010_I2C_UART_MSS_CM3\M2S010_I2C_UART_MSS_CM3_hw_platform\Debug\libM2S010_I2C_UART_MSS_CM3_hw_platform.a(mss_i2c.o)
 .text.MSS_I2C_enable_smbus_irq
                0x00000000       0xe4 E:\Projects\Actel\ActelKit\RefDes\5\SoC\M2S010_I2C_UART\SoftConsole\M2S010_I2C_UART_MSS_CM3\M2S010_I2C_UART_MSS_CM3_hw_platform\Debug\libM2S010_I2C_UART_MSS_CM3_hw_platform.a(mss_i2c.o)
 .text.MSS_I2C_disable_smbus_irq
                0x00000000       0xc4 E:\Projects\Actel\ActelKit\RefDes\5\SoC\M2S010_I2C_UART\SoftConsole\M2S010_I2C_UART_MSS_CM3\M2S010_I2C_UART_MSS_CM3_hw_platform\Debug\libM2S010_I2C_UART_MSS_CM3_hw_platform.a(mss_i2c.o)
 .text.MSS_I2C_suspend_smbus_slave
                0x00000000       0x20 E:\Projects\Actel\ActelKit\RefDes\5\SoC\M2S010_I2C_UART\SoftConsole\M2S010_I2C_UART_MSS_CM3\M2S010_I2C_UART_MSS_CM3_hw_platform\Debug\libM2S010_I2C_UART_MSS_CM3_hw_platform.a(mss_i2c.o)
 .text.MSS_I2C_resume_smbus_slave
                0x00000000       0x20 E:\Projects\Actel\ActelKit\RefDes\5\SoC\M2S010_I2C_UART\SoftConsole\M2S010_I2C_UART_MSS_CM3\M2S010_I2C_UART_MSS_CM3_hw_platform\Debug\libM2S010_I2C_UART_MSS_CM3_hw_platform.a(mss_i2c.o)
 .text.MSS_I2C_reset_smbus
                0x00000000       0x20 E:\Projects\Actel\ActelKit\RefDes\5\SoC\M2S010_I2C_UART\SoftConsole\M2S010_I2C_UART_MSS_CM3\M2S010_I2C_UART_MSS_CM3_hw_platform\Debug\libM2S010_I2C_UART_MSS_CM3_hw_platform.a(mss_i2c.o)
 .text.MSS_I2C_set_smbus_alert
                0x00000000       0x20 E:\Projects\Actel\ActelKit\RefDes\5\SoC\M2S010_I2C_UART\SoftConsole\M2S010_I2C_UART_MSS_CM3\M2S010_I2C_UART_MSS_CM3_hw_platform\Debug\libM2S010_I2C_UART_MSS_CM3_hw_platform.a(mss_i2c.o)
 .text.MSS_I2C_clear_smbus_alert
                0x00000000       0x20 E:\Projects\Actel\ActelKit\RefDes\5\SoC\M2S010_I2C_UART\SoftConsole\M2S010_I2C_UART_MSS_CM3\M2S010_I2C_UART_MSS_CM3_hw_platform\Debug\libM2S010_I2C_UART_MSS_CM3_hw_platform.a(mss_i2c.o)
 .text.MSS_I2C_set_gca
                0x00000000       0x20 E:\Projects\Actel\ActelKit\RefDes\5\SoC\M2S010_I2C_UART\SoftConsole\M2S010_I2C_UART_MSS_CM3\M2S010_I2C_UART_MSS_CM3_hw_platform\Debug\libM2S010_I2C_UART_MSS_CM3_hw_platform.a(mss_i2c.o)
 .text.MSS_I2C_clear_gca
                0x00000000       0x20 E:\Projects\Actel\ActelKit\RefDes\5\SoC\M2S010_I2C_UART\SoftConsole\M2S010_I2C_UART_MSS_CM3\M2S010_I2C_UART_MSS_CM3_hw_platform\Debug\libM2S010_I2C_UART_MSS_CM3_hw_platform.a(mss_i2c.o)
 .text.MSS_I2C_set_user_data
                0x00000000       0x1c E:\Projects\Actel\ActelKit\RefDes\5\SoC\M2S010_I2C_UART\SoftConsole\M2S010_I2C_UART_MSS_CM3\M2S010_I2C_UART_MSS_CM3_hw_platform\Debug\libM2S010_I2C_UART_MSS_CM3_hw_platform.a(mss_i2c.o)
 .text.MSS_I2C_get_user_data
                0x00000000       0x18 E:\Projects\Actel\ActelKit\RefDes\5\SoC\M2S010_I2C_UART\SoftConsole\M2S010_I2C_UART_MSS_CM3\M2S010_I2C_UART_MSS_CM3_hw_platform\Debug\libM2S010_I2C_UART_MSS_CM3_hw_platform.a(mss_i2c.o)
 .text          0x00000000        0x0 E:\Projects\Actel\ActelKit\RefDes\5\SoC\M2S010_I2C_UART\SoftConsole\M2S010_I2C_UART_MSS_CM3\M2S010_I2C_UART_MSS_CM3_hw_platform\Debug\libM2S010_I2C_UART_MSS_CM3_hw_platform.a(system_m2sxxx.o)
 .data          0x00000000        0x0 E:\Projects\Actel\ActelKit\RefDes\5\SoC\M2S010_I2C_UART\SoftConsole\M2S010_I2C_UART_MSS_CM3\M2S010_I2C_UART_MSS_CM3_hw_platform\Debug\libM2S010_I2C_UART_MSS_CM3_hw_platform.a(system_m2sxxx.o)
 .bss           0x00000000        0x0 E:\Projects\Actel\ActelKit\RefDes\5\SoC\M2S010_I2C_UART\SoftConsole\M2S010_I2C_UART_MSS_CM3\M2S010_I2C_UART_MSS_CM3_hw_platform\Debug\libM2S010_I2C_UART_MSS_CM3_hw_platform.a(system_m2sxxx.o)
 .text          0x00000000        0xc c:/microsemi/libero_soc_v11.7/softconsole/sourcery-g++/bin/../lib/gcc/arm-none-eabi/4.4.1/../../../../arm-none-eabi/lib/thumb2\libc.a(lib_a-errno.o)
 .data          0x00000000        0x0 c:/microsemi/libero_soc_v11.7/softconsole/sourcery-g++/bin/../lib/gcc/arm-none-eabi/4.4.1/../../../../arm-none-eabi/lib/thumb2\libc.a(lib_a-errno.o)
 .bss           0x00000000        0x0 c:/microsemi/libero_soc_v11.7/softconsole/sourcery-g++/bin/../lib/gcc/arm-none-eabi/4.4.1/../../../../arm-none-eabi/lib/thumb2\libc.a(lib_a-errno.o)
 .text          0x00000000        0x0 c:/microsemi/libero_soc_v11.7/softconsole/sourcery-g++/bin/../lib/gcc/arm-none-eabi/4.4.1/../../../../arm-none-eabi/lib/thumb2\libc.a(lib_a-impure.o)
 .data          0x00000000       0xf4 c:/microsemi/libero_soc_v11.7/softconsole/sourcery-g++/bin/../lib/gcc/arm-none-eabi/4.4.1/../../../../arm-none-eabi/lib/thumb2\libc.a(lib_a-impure.o)
 .bss           0x00000000        0x0 c:/microsemi/libero_soc_v11.7/softconsole/sourcery-g++/bin/../lib/gcc/arm-none-eabi/4.4.1/../../../../arm-none-eabi/lib/thumb2\libc.a(lib_a-impure.o)
 .rodata        0x00000000        0x4 c:/microsemi/libero_soc_v11.7/softconsole/sourcery-g++/bin/../lib/gcc/arm-none-eabi/4.4.1/../../../../arm-none-eabi/lib/thumb2\libc.a(lib_a-impure.o)
 .rodata.str1.4
                0x00000000        0x4 c:/microsemi/libero_soc_v11.7/softconsole/sourcery-g++/bin/../lib/gcc/arm-none-eabi/4.4.1/../../../../arm-none-eabi/lib/thumb2\libc.a(lib_a-impure.o)
 .data          0x00000000        0x0 c:/microsemi/libero_soc_v11.7/softconsole/sourcery-g++/bin/../lib/gcc/arm-none-eabi/4.4.1/../../../../arm-none-eabi/lib/thumb2\libc.a(lib_a-init.o)
 .bss           0x00000000        0x0 c:/microsemi/libero_soc_v11.7/softconsole/sourcery-g++/bin/../lib/gcc/arm-none-eabi/4.4.1/../../../../arm-none-eabi/lib/thumb2\libc.a(lib_a-init.o)
 .data          0x00000000        0x0 c:/microsemi/libero_soc_v11.7/softconsole/sourcery-g++/bin/../lib/gcc/arm-none-eabi/4.4.1/../../../../arm-none-eabi/lib/thumb2\libc.a(lib_a-memset.o)
 .bss           0x00000000        0x0 c:/microsemi/libero_soc_v11.7/softconsole/sourcery-g++/bin/../lib/gcc/arm-none-eabi/4.4.1/../../../../arm-none-eabi/lib/thumb2\libc.a(lib_a-memset.o)
 .text          0x00000000        0x0 c:/microsemi/libero_soc_v11.7/softconsole/sourcery-g++/bin/../lib/gcc/arm-none-eabi/4.4.1/thumb2/crtend.o
 .data          0x00000000        0x0 c:/microsemi/libero_soc_v11.7/softconsole/sourcery-g++/bin/../lib/gcc/arm-none-eabi/4.4.1/thumb2/crtend.o
 .bss           0x00000000        0x0 c:/microsemi/libero_soc_v11.7/softconsole/sourcery-g++/bin/../lib/gcc/arm-none-eabi/4.4.1/thumb2/crtend.o
 .text          0x00000000        0x0 c:/microsemi/libero_soc_v11.7/softconsole/sourcery-g++/bin/../lib/gcc/arm-none-eabi/4.4.1/thumb2/crtn.o
 .data          0x00000000        0x0 c:/microsemi/libero_soc_v11.7/softconsole/sourcery-g++/bin/../lib/gcc/arm-none-eabi/4.4.1/thumb2/crtn.o
 .bss           0x00000000        0x0 c:/microsemi/libero_soc_v11.7/softconsole/sourcery-g++/bin/../lib/gcc/arm-none-eabi/4.4.1/thumb2/crtn.o

Memory Configuration

Name             Origin             Length             Attributes
ram              0x20000000         0x00010000         xrw
*default*        0x00000000         0xffffffff

Linker script and memory map

LOAD c:/microsemi/libero_soc_v11.7/softconsole/sourcery-g++/bin/../lib/gcc/arm-none-eabi/4.4.1/thumb2/crti.o
LOAD c:/microsemi/libero_soc_v11.7/softconsole/sourcery-g++/bin/../lib/gcc/arm-none-eabi/4.4.1/thumb2/crtbegin.o
LOAD ./main.o
LOAD E:/Projects/Actel/ActelKit/RefDes/5/SoC/M2S010_I2C_UART/SoftConsole/M2S010_I2C_UART_MSS_CM3/M2S010_I2C_UART_MSS_CM3_hw_platform/Debug/CMSIS/startup_gcc/startup_m2sxxx.o
LOAD E:/Projects/Actel/ActelKit/RefDes/5/SoC/M2S010_I2C_UART/SoftConsole/M2S010_I2C_UART_MSS_CM3/M2S010_I2C_UART_MSS_CM3_hw_platform/Debug/CMSIS/startup_gcc/newlib_stubs.o
LOAD E:\Projects\Actel\ActelKit\RefDes\5\SoC\M2S010_I2C_UART\SoftConsole\M2S010_I2C_UART_MSS_CM3\M2S010_I2C_UART_MSS_CM3_hw_platform\Debug\libM2S010_I2C_UART_MSS_CM3_hw_platform.a
START GROUP
LOAD c:/microsemi/libero_soc_v11.7/softconsole/sourcery-g++/bin/../lib/gcc/arm-none-eabi/4.4.1/thumb2\libgcc.a
LOAD c:/microsemi/libero_soc_v11.7/softconsole/sourcery-g++/bin/../lib/gcc/arm-none-eabi/4.4.1/../../../../arm-none-eabi/lib/thumb2\libc.a
END GROUP
LOAD c:/microsemi/libero_soc_v11.7/softconsole/sourcery-g++/bin/../lib/gcc/arm-none-eabi/4.4.1/thumb2/crtend.o
LOAD c:/microsemi/libero_soc_v11.7/softconsole/sourcery-g++/bin/../lib/gcc/arm-none-eabi/4.4.1/thumb2/crtn.o
START GROUP
LOAD c:/microsemi/libero_soc_v11.7/softconsole/sourcery-g++/bin/../lib/gcc/arm-none-eabi/4.4.1/../../../../arm-none-eabi/lib/thumb2\libc.a
LOAD c:/microsemi/libero_soc_v11.7/softconsole/sourcery-g++/bin/../lib/gcc/arm-none-eabi/4.4.1/thumb2\libgcc.a
LOAD c:/microsemi/libero_soc_v11.7/softconsole/sourcery-g++/bin/../lib/gcc/arm-none-eabi/4.4.1/../../../../arm-none-eabi/lib/thumb2\libm.a
END GROUP
                0x00000000                __DYNAMIC = 0x0
                0x20000000                RAM_START_ADDRESS = 0x20000000
                0x00010000                RAM_SIZE = 0x10000
                0x00001000                MAIN_STACK_SIZE = 0x1000
                0x00001000                MIN_SIZE_HEAP = 0x1000
                0x20010000                PROVIDE (__main_stack_start, (RAM_START_ADDRESS + RAM_SIZE))
                0x20010000                PROVIDE (_estack, __main_stack_start)
                0x00000000                PROVIDE (__mirrored_nvm, 0x0)
                0x00000000                PROVIDE (__smartfusion2_memory_remap, 0x0)

.vector_table   0x20000000      0x190
                0x20000000                __vector_table_load = LOADADDR (.vector_table)
                0x20000000                __vector_table_start = .
                0x20000000                __vector_table_vma_base_address = .
 *(.isr_vector)
 .isr_vector    0x20000000      0x190 E:/Projects/Actel/ActelKit/RefDes/5/SoC/M2S010_I2C_UART/SoftConsole/M2S010_I2C_UART_MSS_CM3/M2S010_I2C_UART_MSS_CM3_hw_platform/Debug/CMSIS/startup_gcc/startup_m2sxxx.o
                0x20000000                g_pfnVectors
                0x20000190                . = ALIGN (0x10)
                0x20000190                _evector_table = .

.boot_code      0x20000190      0x330
 *(.boot_code)
 .boot_code     0x20000190      0x330 E:/Projects/Actel/ActelKit/RefDes/5/SoC/M2S010_I2C_UART/SoftConsole/M2S010_I2C_UART_MSS_CM3/M2S010_I2C_UART_MSS_CM3_hw_platform/Debug/CMSIS/startup_gcc/startup_m2sxxx.o
                0x20000190                Reset_Handler
                0x2000037e                NMI_Handler
                0x20000380                HardFault_Handler
                0x20000382                MemManage_Handler
                0x20000384                BusFault_Handler
                0x20000386                UsageFault_Handler
                0x20000388                SVC_Handler
                0x2000038a                DebugMon_Handler
                0x2000038c                PendSV_Handler
                0x2000038e                SysTick_Handler
                0x20000390                WdogWakeup_IRQHandler
                0x20000392                RTC_Wakeup_IRQHandler
                0x20000394                SPI0_IRQHandler
                0x20000396                SPI1_IRQHandler
                0x2000039a                I2C0_SMBAlert_IRQHandler
                0x2000039c                I2C0_SMBus_IRQHandler
                0x200003a0                I2C1_SMBAlert_IRQHandler
                0x200003a2                I2C1_SMBus_IRQHandler
                0x200003a8                EthernetMAC_IRQHandler
                0x200003aa                DMA_IRQHandler
                0x200003ac                Timer1_IRQHandler
                0x200003ae                Timer2_IRQHandler
                0x200003b0                CAN_IRQHandler
                0x200003b2                ENVM0_IRQHandler
                0x200003b4                ENVM1_IRQHandler
                0x200003b6                ComBlk_IRQHandler
                0x200003b8                USB_IRQHandler
                0x200003ba                USB_DMA_IRQHandler
                0x200003bc                PLL_Lock_IRQHandler
                0x200003be                PLL_LockLost_IRQHandler
                0x200003c0                CommSwitchError_IRQHandler
                0x200003c2                CacheError_IRQHandler
                0x200003c4                DDR_IRQHandler
                0x200003c6                HPDMA_Complete_IRQHandler
                0x200003c8                HPDMA_Error_IRQHandler
                0x200003ca                ECC_Error_IRQHandler
                0x200003cc                MDDR_IOCalib_IRQHandler
                0x200003ce                FAB_PLL_Lock_IRQHandler
                0x200003d0                FAB_PLL_LockLost_IRQHandler
                0x200003d2                FIC64_IRQHandler
                0x200003d4                FabricIrq0_IRQHandler
                0x200003d6                FabricIrq1_IRQHandler
                0x200003d8                FabricIrq2_IRQHandler
                0x200003da                FabricIrq3_IRQHandler
                0x200003dc                FabricIrq4_IRQHandler
                0x200003de                FabricIrq5_IRQHandler
                0x200003e0                FabricIrq6_IRQHandler
                0x200003e2                FabricIrq7_IRQHandler
                0x200003e4                FabricIrq8_IRQHandler
                0x200003e6                FabricIrq9_IRQHandler
                0x200003e8                FabricIrq10_IRQHandler
                0x200003ea                FabricIrq11_IRQHandler
                0x200003ec                FabricIrq12_IRQHandler
                0x200003ee                FabricIrq13_IRQHandler
                0x200003f0                FabricIrq14_IRQHandler
                0x200003f2                FabricIrq15_IRQHandler
                0x200003f4                GPIO0_IRQHandler
                0x200003f6                GPIO1_IRQHandler
                0x200003f8                GPIO2_IRQHandler
                0x200003fa                GPIO3_IRQHandler
                0x200003fc                GPIO4_IRQHandler
                0x200003fe                GPIO5_IRQHandler
                0x20000400                GPIO6_IRQHandler
                0x20000402                GPIO7_IRQHandler
                0x20000404                GPIO8_IRQHandler
                0x20000406                GPIO9_IRQHandler
                0x20000408                GPIO10_IRQHandler
                0x2000040a                GPIO11_IRQHandler
                0x2000040c                GPIO12_IRQHandler
                0x2000040e                GPIO13_IRQHandler
                0x20000410                GPIO14_IRQHandler
                0x20000412                GPIO15_IRQHandler
                0x20000414                GPIO16_IRQHandler
                0x20000416                GPIO17_IRQHandler
                0x20000418                GPIO18_IRQHandler
                0x2000041a                GPIO19_IRQHandler
                0x2000041c                GPIO20_IRQHandler
                0x2000041e                GPIO21_IRQHandler
                0x20000420                GPIO22_IRQHandler
                0x20000422                GPIO23_IRQHandler
                0x20000424                GPIO24_IRQHandler
                0x20000426                GPIO25_IRQHandler
                0x20000428                GPIO26_IRQHandler
                0x2000042a                GPIO27_IRQHandler
                0x2000042c                GPIO28_IRQHandler
                0x2000042e                GPIO29_IRQHandler
                0x20000430                GPIO30_IRQHandler
                0x20000432                GPIO31_IRQHandler
                0x20000434                mscc_post_hw_cfg_init
                0x200004c0                . = ALIGN (0x10)

.text           0x200004c0     0x2200
 CREATE_OBJECT_SYMBOLS
                0x200004c0                __text_load = LOADADDR (.text)
                0x200004c0                __text_start = .
 *(.text .text.* .gnu.linkonce.t.*)
 .text          0x200004c0       0x30 c:/microsemi/libero_soc_v11.7/softconsole/sourcery-g++/bin/../lib/gcc/arm-none-eabi/4.4.1/thumb2/crtbegin.o
 .text.UART_Polled_Rx
                0x200004f0       0x58 ./main.o
                0x200004f0                UART_Polled_Rx
 .text.main     0x20000548      0x214 ./main.o
                0x20000548                main
 .text.mss_write_transaction
                0x2000075c       0x4c ./main.o
                0x2000075c                mss_write_transaction
 .text.mss_write_read_transaction
                0x200007a8       0x54 ./main.o
                0x200007a8                mss_write_read_transaction
 .text.I2C_writeU
                0x200007fc       0x40 ./main.o
                0x200007fc                I2C_writeU
 .text.readcompass
                0x2000083c       0x54 ./main.o
                0x2000083c                readcompass
 .text.fill_uart_tx_buf
                0x20000890      0x1b8 ./main.o
                0x20000890                fill_uart_tx_buf
 .text.delay    0x20000a48       0x24 ./main.o
                0x20000a48                delay
 .text.NVIC_ClearPendingIRQ
                0x20000a6c       0x3c E:\Projects\Actel\ActelKit\RefDes\5\SoC\M2S010_I2C_UART\SoftConsole\M2S010_I2C_UART_MSS_CM3\M2S010_I2C_UART_MSS_CM3_hw_platform\Debug\libM2S010_I2C_UART_MSS_CM3_hw_platform.a(mss_uart.o)
 .text.set_bit_reg8
                0x20000aa8       0x40 E:\Projects\Actel\ActelKit\RefDes\5\SoC\M2S010_I2C_UART\SoftConsole\M2S010_I2C_UART_MSS_CM3\M2S010_I2C_UART_MSS_CM3_hw_platform\Debug\libM2S010_I2C_UART_MSS_CM3_hw_platform.a(mss_uart.o)
 .text.clear_bit_reg8
                0x20000ae8       0x40 E:\Projects\Actel\ActelKit\RefDes\5\SoC\M2S010_I2C_UART\SoftConsole\M2S010_I2C_UART_MSS_CM3\M2S010_I2C_UART_MSS_CM3_hw_platform\Debug\libM2S010_I2C_UART_MSS_CM3_hw_platform.a(mss_uart.o)
 .text.read_bit_reg8
                0x20000b28       0x40 E:\Projects\Actel\ActelKit\RefDes\5\SoC\M2S010_I2C_UART\SoftConsole\M2S010_I2C_UART_MSS_CM3\M2S010_I2C_UART_MSS_CM3_hw_platform\Debug\libM2S010_I2C_UART_MSS_CM3_hw_platform.a(mss_uart.o)
 .text.MSS_UART_init
                0x20000b68       0x84 E:\Projects\Actel\ActelKit\RefDes\5\SoC\M2S010_I2C_UART\SoftConsole\M2S010_I2C_UART_MSS_CM3\M2S010_I2C_UART_MSS_CM3_hw_platform\Debug\libM2S010_I2C_UART_MSS_CM3_hw_platform.a(mss_uart.o)
                0x20000b68                MSS_UART_init
 .text.MSS_UART_polled_tx
                0x20000bec       0xe4 E:\Projects\Actel\ActelKit\RefDes\5\SoC\M2S010_I2C_UART\SoftConsole\M2S010_I2C_UART_MSS_CM3\M2S010_I2C_UART_MSS_CM3_hw_platform\Debug\libM2S010_I2C_UART_MSS_CM3_hw_platform.a(mss_uart.o)
                0x20000bec                MSS_UART_polled_tx
 .text.UART0_IRQHandler
                0x20000cd0       0x24 E:\Projects\Actel\ActelKit\RefDes\5\SoC\M2S010_I2C_UART\SoftConsole\M2S010_I2C_UART_MSS_CM3\M2S010_I2C_UART_MSS_CM3_hw_platform\Debug\libM2S010_I2C_UART_MSS_CM3_hw_platform.a(mss_uart.o)
                0x20000cd0                UART0_IRQHandler
 .text.UART1_IRQHandler
                0x20000cf4       0x24 E:\Projects\Actel\ActelKit\RefDes\5\SoC\M2S010_I2C_UART\SoftConsole\M2S010_I2C_UART_MSS_CM3\M2S010_I2C_UART_MSS_CM3_hw_platform\Debug\libM2S010_I2C_UART_MSS_CM3_hw_platform.a(mss_uart.o)
                0x20000cf4                UART1_IRQHandler
 .text.config_baud_divisors
                0x20000d18      0x198 E:\Projects\Actel\ActelKit\RefDes\5\SoC\M2S010_I2C_UART\SoftConsole\M2S010_I2C_UART_MSS_CM3\M2S010_I2C_UART_MSS_CM3_hw_platform\Debug\libM2S010_I2C_UART_MSS_CM3_hw_platform.a(mss_uart.o)
 .text.global_init
                0x20000eb0      0x26c E:\Projects\Actel\ActelKit\RefDes\5\SoC\M2S010_I2C_UART\SoftConsole\M2S010_I2C_UART_MSS_CM3\M2S010_I2C_UART_MSS_CM3_hw_platform\Debug\libM2S010_I2C_UART_MSS_CM3_hw_platform.a(mss_uart.o)
 .text.MSS_UART_isr
                0x2000111c      0x22c E:\Projects\Actel\ActelKit\RefDes\5\SoC\M2S010_I2C_UART\SoftConsole\M2S010_I2C_UART_MSS_CM3\M2S010_I2C_UART_MSS_CM3_hw_platform\Debug\libM2S010_I2C_UART_MSS_CM3_hw_platform.a(mss_uart.o)
 .text.default_tx_handler
                0x20001348      0x10c E:\Projects\Actel\ActelKit\RefDes\5\SoC\M2S010_I2C_UART\SoftConsole\M2S010_I2C_UART_MSS_CM3\M2S010_I2C_UART_MSS_CM3_hw_platform\Debug\libM2S010_I2C_UART_MSS_CM3_hw_platform.a(mss_uart.o)
 .text.NVIC_EnableIRQ
                0x20001454       0x38 E:\Projects\Actel\ActelKit\RefDes\5\SoC\M2S010_I2C_UART\SoftConsole\M2S010_I2C_UART_MSS_CM3\M2S010_I2C_UART_MSS_CM3_hw_platform\Debug\libM2S010_I2C_UART_MSS_CM3_hw_platform.a(mss_i2c.o)
 .text.NVIC_DisableIRQ
                0x2000148c       0x3c E:\Projects\Actel\ActelKit\RefDes\5\SoC\M2S010_I2C_UART\SoftConsole\M2S010_I2C_UART_MSS_CM3\M2S010_I2C_UART_MSS_CM3_hw_platform\Debug\libM2S010_I2C_UART_MSS_CM3_hw_platform.a(mss_i2c.o)
 .text.NVIC_ClearPendingIRQ
                0x200014c8       0x3c E:\Projects\Actel\ActelKit\RefDes\5\SoC\M2S010_I2C_UART\SoftConsole\M2S010_I2C_UART_MSS_CM3\M2S010_I2C_UART_MSS_CM3_hw_platform\Debug\libM2S010_I2C_UART_MSS_CM3_hw_platform.a(mss_i2c.o)
 .text.MSS_I2C_init
                0x20001504      0x16c E:\Projects\Actel\ActelKit\RefDes\5\SoC\M2S010_I2C_UART\SoftConsole\M2S010_I2C_UART_MSS_CM3\M2S010_I2C_UART_MSS_CM3_hw_platform\Debug\libM2S010_I2C_UART_MSS_CM3_hw_platform.a(mss_i2c.o)
                0x20001504                MSS_I2C_init
 .text.MSS_I2C_write
                0x20001670       0xf4 E:\Projects\Actel\ActelKit\RefDes\5\SoC\M2S010_I2C_UART\SoftConsole\M2S010_I2C_UART_MSS_CM3\M2S010_I2C_UART_MSS_CM3_hw_platform\Debug\libM2S010_I2C_UART_MSS_CM3_hw_platform.a(mss_i2c.o)
                0x20001670                MSS_I2C_write
 .text.MSS_I2C_write_read
                0x20001764      0x134 E:\Projects\Actel\ActelKit\RefDes\5\SoC\M2S010_I2C_UART\SoftConsole\M2S010_I2C_UART_MSS_CM3\M2S010_I2C_UART_MSS_CM3_hw_platform\Debug\libM2S010_I2C_UART_MSS_CM3_hw_platform.a(mss_i2c.o)
                0x20001764                MSS_I2C_write_read
 .text.MSS_I2C_wait_complete
                0x20001898       0x4c E:\Projects\Actel\ActelKit\RefDes\5\SoC\M2S010_I2C_UART\SoftConsole\M2S010_I2C_UART_MSS_CM3\M2S010_I2C_UART_MSS_CM3_hw_platform\Debug\libM2S010_I2C_UART_MSS_CM3_hw_platform.a(mss_i2c.o)
                0x20001898                MSS_I2C_wait_complete
 .text.enable_slave_if_required
                0x200018e4       0x28 E:\Projects\Actel\ActelKit\RefDes\5\SoC\M2S010_I2C_UART\SoftConsole\M2S010_I2C_UART_MSS_CM3\M2S010_I2C_UART_MSS_CM3_hw_platform\Debug\libM2S010_I2C_UART_MSS_CM3_hw_platform.a(mss_i2c.o)
 .text.mss_i2c_isr
                0x2000190c      0x8f4 E:\Projects\Actel\ActelKit\RefDes\5\SoC\M2S010_I2C_UART\SoftConsole\M2S010_I2C_UART_MSS_CM3\M2S010_I2C_UART_MSS_CM3_hw_platform\Debug\libM2S010_I2C_UART_MSS_CM3_hw_platform.a(mss_i2c.o)
 .text.disable_interrupts
                0x20002200       0x2c E:\Projects\Actel\ActelKit\RefDes\5\SoC\M2S010_I2C_UART\SoftConsole\M2S010_I2C_UART_MSS_CM3\M2S010_I2C_UART_MSS_CM3_hw_platform\Debug\libM2S010_I2C_UART_MSS_CM3_hw_platform.a(mss_i2c.o)
 .text.restore_interrupts
                0x2000222c       0x1c E:\Projects\Actel\ActelKit\RefDes\5\SoC\M2S010_I2C_UART\SoftConsole\M2S010_I2C_UART_MSS_CM3\M2S010_I2C_UART_MSS_CM3_hw_platform\Debug\libM2S010_I2C_UART_MSS_CM3_hw_platform.a(mss_i2c.o)
 .text.I2C0_IRQHandler
                0x20002248       0x24 E:\Projects\Actel\ActelKit\RefDes\5\SoC\M2S010_I2C_UART\SoftConsole\M2S010_I2C_UART_MSS_CM3\M2S010_I2C_UART_MSS_CM3_hw_platform\Debug\libM2S010_I2C_UART_MSS_CM3_hw_platform.a(mss_i2c.o)
                0x20002248                I2C0_IRQHandler
 .text.I2C1_IRQHandler
                0x2000226c       0x24 E:\Projects\Actel\ActelKit\RefDes\5\SoC\M2S010_I2C_UART\SoftConsole\M2S010_I2C_UART_MSS_CM3\M2S010_I2C_UART_MSS_CM3_hw_platform\Debug\libM2S010_I2C_UART_MSS_CM3_hw_platform.a(mss_i2c.o)
                0x2000226c                I2C1_IRQHandler
 .text.SystemInit
                0x20002290       0x28 E:\Projects\Actel\ActelKit\RefDes\5\SoC\M2S010_I2C_UART\SoftConsole\M2S010_I2C_UART_MSS_CM3\M2S010_I2C_UART_MSS_CM3_hw_platform\Debug\libM2S010_I2C_UART_MSS_CM3_hw_platform.a(system_m2sxxx.o)
                0x20002290                SystemInit
 .text.SystemCoreClockUpdate
                0x200022b8      0x14c E:\Projects\Actel\ActelKit\RefDes\5\SoC\M2S010_I2C_UART\SoftConsole\M2S010_I2C_UART_MSS_CM3\M2S010_I2C_UART_MSS_CM3_hw_platform\Debug\libM2S010_I2C_UART_MSS_CM3_hw_platform.a(system_m2sxxx.o)
                0x200022b8                SystemCoreClockUpdate
 .text.get_rcosc_25_50mhz_frequency
                0x20002404       0x44 E:\Projects\Actel\ActelKit\RefDes\5\SoC\M2S010_I2C_UART\SoftConsole\M2S010_I2C_UART_MSS_CM3\M2S010_I2C_UART_MSS_CM3_hw_platform\Debug\libM2S010_I2C_UART_MSS_CM3_hw_platform.a(system_m2sxxx.o)
 .text.set_clock_frequency_globals
                0x20002448       0x6c E:\Projects\Actel\ActelKit\RefDes\5\SoC\M2S010_I2C_UART\SoftConsole\M2S010_I2C_UART_MSS_CM3\M2S010_I2C_UART_MSS_CM3_hw_platform\Debug\libM2S010_I2C_UART_MSS_CM3_hw_platform.a(system_m2sxxx.o)
 .text.get_silicon_revision
                0x200024b4       0x50 E:\Projects\Actel\ActelKit\RefDes\5\SoC\M2S010_I2C_UART\SoftConsole\M2S010_I2C_UART_MSS_CM3\M2S010_I2C_UART_MSS_CM3_hw_platform\Debug\libM2S010_I2C_UART_MSS_CM3_hw_platform.a(system_m2sxxx.o)
 .text.silicon_workarounds
                0x20002504       0x20 E:\Projects\Actel\ActelKit\RefDes\5\SoC\M2S010_I2C_UART\SoftConsole\M2S010_I2C_UART_MSS_CM3\M2S010_I2C_UART_MSS_CM3_hw_platform\Debug\libM2S010_I2C_UART_MSS_CM3_hw_platform.a(system_m2sxxx.o)
 .text.m2s050_rev_a_workarounds
                0x20002524       0x44 E:\Projects\Actel\ActelKit\RefDes\5\SoC\M2S010_I2C_UART\SoftConsole\M2S010_I2C_UART_MSS_CM3\M2S010_I2C_UART_MSS_CM3_hw_platform\Debug\libM2S010_I2C_UART_MSS_CM3_hw_platform.a(system_m2sxxx.o)
 .text          0x20002568       0x50 c:/microsemi/libero_soc_v11.7/softconsole/sourcery-g++/bin/../lib/gcc/arm-none-eabi/4.4.1/../../../../arm-none-eabi/lib/thumb2\libc.a(lib_a-init.o)
                0x20002568                __libc_init_array
 .text          0x200025b8       0xd4 c:/microsemi/libero_soc_v11.7/softconsole/sourcery-g++/bin/../lib/gcc/arm-none-eabi/4.4.1/../../../../arm-none-eabi/lib/thumb2\libc.a(lib_a-memset.o)
                0x200025b8                memset
 *(.plt)
 *(.gnu.warning)
 *(.glue_7t)
 .glue_7t       0x00000000        0x0 linker stubs
 *(.glue_7)
 .glue_7        0x00000000        0x0 linker stubs
 *(.vfp11_veneer)
 .vfp11_veneer  0x00000000        0x0 linker stubs
                0x2000268c                . = ALIGN (0x4)
 *crtbegin.o(.ctors)
 *(EXCLUDE_FILE(*crtend.o) .ctors)
 *(SORT(.ctors.*))
 *crtend.o(.ctors)
 *crtbegin.o(.dtors)
 *(EXCLUDE_FILE(*crtend.o) .dtors)
 *(SORT(.dtors.*))
 *crtend.o(.dtors)
 *(.rodata .rodata.* .gnu.linkonce.r.*)
 .rodata.gp_my_uart
                0x2000268c        0x4 ./main.o
                0x2000268c                gp_my_uart
 .rodata        0x20002690        0x4 ./main.o
 .rodata.C.18.3527
                0x20002694        0x8 E:\Projects\Actel\ActelKit\RefDes\5\SoC\M2S010_I2C_UART\SoftConsole\M2S010_I2C_UART_MSS_CM3\M2S010_I2C_UART_MSS_CM3_hw_platform\Debug\libM2S010_I2C_UART_MSS_CM3_hw_platform.a(system_m2sxxx.o)
 *(.ARM.extab* .gnu.linkonce.armextab.*)
 *(.gcc_except_table)
 *(.eh_frame_hdr)
 *(.eh_frame)
 *(.vector_table)
 *(.init)
 .init          0x2000269c        0x4 c:/microsemi/libero_soc_v11.7/softconsole/sourcery-g++/bin/../lib/gcc/arm-none-eabi/4.4.1/thumb2/crti.o
                0x2000269c                _init
 .init          0x200026a0        0x8 c:/microsemi/libero_soc_v11.7/softconsole/sourcery-g++/bin/../lib/gcc/arm-none-eabi/4.4.1/thumb2/crtn.o
 *(.fini)
 .fini          0x200026a8        0x4 c:/microsemi/libero_soc_v11.7/softconsole/sourcery-g++/bin/../lib/gcc/arm-none-eabi/4.4.1/thumb2/crti.o
                0x200026a8                _fini
 .fini          0x200026ac        0x8 c:/microsemi/libero_soc_v11.7/softconsole/sourcery-g++/bin/../lib/gcc/arm-none-eabi/4.4.1/thumb2/crtn.o
                0x200026b4                PROVIDE (__preinit_array_start, .)
 *(.preinit_array)
                0x200026b4                PROVIDE (__preinit_array_end, .)
                0x200026b4                PROVIDE (__init_array_start, .)
 *(SORT(.init_array.*))
 *(.init_array)
 .init_array    0x200026b4        0x4 c:/microsemi/libero_soc_v11.7/softconsole/sourcery-g++/bin/../lib/gcc/arm-none-eabi/4.4.1/thumb2/crtbegin.o
                0x200026b8                PROVIDE (__init_array_end, .)
                0x200026b8                PROVIDE (__fini_array_start, .)
 *(.fini_array)
 .fini_array    0x200026b8        0x4 c:/microsemi/libero_soc_v11.7/softconsole/sourcery-g++/bin/../lib/gcc/arm-none-eabi/4.4.1/thumb2/crtbegin.o
 *(SORT(.fini_array.*))
                0x200026bc                PROVIDE (__fini_array_end, .)
                0x200026c0                . = ALIGN (0x10)
 *fill*         0x200026bc        0x4 00
                0x200026c0                __exidx_start = .

.v4_bx          0x200026c0        0x0
 .v4_bx         0x00000000        0x0 linker stubs

.ARM.exidx
 *(.ARM.exidx* .gnu.linkonce.armexidx.*)
                0x200026c0                __exidx_end = .
                0x200026c0                _etext = .
                0x200026c0                PROVIDE (__text_end, .)

.data           0x200026c0       0x30
                0x200026c0                __data_load = LOADADDR (.data)
                0x200026c0                _sidata = LOADADDR (.data)
                0x200026c0                __data_start = .
                0x200026c0                _sdata = .
 *(.jcr)
 .jcr           0x200026c0        0x0 c:/microsemi/libero_soc_v11.7/softconsole/sourcery-g++/bin/../lib/gcc/arm-none-eabi/4.4.1/thumb2/crtbegin.o
 .jcr           0x200026c0        0x4 c:/microsemi/libero_soc_v11.7/softconsole/sourcery-g++/bin/../lib/gcc/arm-none-eabi/4.4.1/thumb2/crtend.o
 *(.got.plt)
 *(.got)
 *(.shdata)
 *(.data .data.* .gnu.linkonce.d.*)
 .data.clock_speed
                0x200026c4        0x1 ./main.o
                0x200026c4                clock_speed
 *fill*         0x200026c5        0x3 00
 .data.SystemCoreClock
                0x200026c8        0x4 E:\Projects\Actel\ActelKit\RefDes\5\SoC\M2S010_I2C_UART\SoftConsole\M2S010_I2C_UART_MSS_CM3\M2S010_I2C_UART_MSS_CM3_hw_platform\Debug\libM2S010_I2C_UART_MSS_CM3_hw_platform.a(system_m2sxxx.o)
                0x200026c8                SystemCoreClock
 .data.g_FrequencyPCLK0
                0x200026cc        0x4 E:\Projects\Actel\ActelKit\RefDes\5\SoC\M2S010_I2C_UART\SoftConsole\M2S010_I2C_UART_MSS_CM3\M2S010_I2C_UART_MSS_CM3_hw_platform\Debug\libM2S010_I2C_UART_MSS_CM3_hw_platform.a(system_m2sxxx.o)
                0x200026cc                g_FrequencyPCLK0
 .data.g_FrequencyPCLK1
                0x200026d0        0x4 E:\Projects\Actel\ActelKit\RefDes\5\SoC\M2S010_I2C_UART\SoftConsole\M2S010_I2C_UART_MSS_CM3\M2S010_I2C_UART_MSS_CM3_hw_platform\Debug\libM2S010_I2C_UART_MSS_CM3_hw_platform.a(system_m2sxxx.o)
                0x200026d0                g_FrequencyPCLK1
 .data.g_FrequencyPCLK2
                0x200026d4        0x4 E:\Projects\Actel\ActelKit\RefDes\5\SoC\M2S010_I2C_UART\SoftConsole\M2S010_I2C_UART_MSS_CM3\M2S010_I2C_UART_MSS_CM3_hw_platform\Debug\libM2S010_I2C_UART_MSS_CM3_hw_platform.a(system_m2sxxx.o)
                0x200026d4                g_FrequencyPCLK2
 .data.g_FrequencyFIC0
                0x200026d8        0x4 E:\Projects\Actel\ActelKit\RefDes\5\SoC\M2S010_I2C_UART\SoftConsole\M2S010_I2C_UART_MSS_CM3\M2S010_I2C_UART_MSS_CM3_hw_platform\Debug\libM2S010_I2C_UART_MSS_CM3_hw_platform.a(system_m2sxxx.o)
                0x200026d8                g_FrequencyFIC0
 .data.g_FrequencyFIC1
                0x200026dc        0x4 E:\Projects\Actel\ActelKit\RefDes\5\SoC\M2S010_I2C_UART\SoftConsole\M2S010_I2C_UART_MSS_CM3\M2S010_I2C_UART_MSS_CM3_hw_platform\Debug\libM2S010_I2C_UART_MSS_CM3_hw_platform.a(system_m2sxxx.o)
                0x200026dc                g_FrequencyFIC1
 .data.g_FrequencyFIC64
                0x200026e0        0x4 E:\Projects\Actel\ActelKit\RefDes\5\SoC\M2S010_I2C_UART\SoftConsole\M2S010_I2C_UART_MSS_CM3\M2S010_I2C_UART_MSS_CM3_hw_platform\Debug\libM2S010_I2C_UART_MSS_CM3_hw_platform.a(system_m2sxxx.o)
                0x200026e0                g_FrequencyFIC64
                0x200026f0                . = ALIGN (0x10)
 *fill*         0x200026e4        0xc 00
                0x200026f0                _edata = .

.bss            0x200026f0      0x1b0
                0x200026f0                __bss_start__ = .
                0x200026f0                _sbss = .
 *(.shbss)
 *(.bss .bss.* .gnu.linkonce.b.*)
 .bss           0x200026f0        0x1 c:/microsemi/libero_soc_v11.7/softconsole/sourcery-g++/bin/../lib/gcc/arm-none-eabi/4.4.1/thumb2/crtbegin.o
 .bss.stateWorking.4065
                0x200026f1        0x1 ./main.o
 *(COMMON)
 *fill*         0x200026f2        0x2 00
 COMMON         0x200026f4       0x3e ./main.o
                0x200026f4                AG_buf
                0x20002704                uart_tx_buf
                0x2000271c                slave_address
                0x20002720                Comp_buf
                0x2000272c                mss_instance
                0x20002730                uart_rx_buf
 *fill*         0x20002732        0x2 00
 COMMON         0x20002734       0x80 E:\Projects\Actel\ActelKit\RefDes\5\SoC\M2S010_I2C_UART\SoftConsole\M2S010_I2C_UART_MSS_CM3\M2S010_I2C_UART_MSS_CM3_hw_platform\Debug\libM2S010_I2C_UART_MSS_CM3_hw_platform.a(mss_uart.o)
                0x20002734                g_mss_uart1
                0x20002774                g_mss_uart0
 COMMON         0x200027b4       0xe8 E:\Projects\Actel\ActelKit\RefDes\5\SoC\M2S010_I2C_UART\SoftConsole\M2S010_I2C_UART_MSS_CM3\M2S010_I2C_UART_MSS_CM3_hw_platform\Debug\libM2S010_I2C_UART_MSS_CM3_hw_platform.a(mss_i2c.o)
                0x200027b4                g_mss_i2c0
                0x20002828                g_mss_i2c1
                0x200028a0                . = ALIGN (0x10)
 *fill*         0x2000289c        0x4 00
                0x200028a0                __bss_end__ = .
                0x200028a0                _end = .
                0x200028a0                __end = _end
                0x200028a0                _ebss = .
                0x200028a0                PROVIDE (end, .)

.heap           0x200028a0     0xc760
                0x200028a0                __heap_start__ = .
                0x200038a0                . = (. + MIN_SIZE_HEAP)
 *fill*         0x200028a0     0x1000 00
                0x2000f000                . = (. + (((ABSOLUTE (RAM_START_ADDRESS) + RAM_SIZE) - MAIN_STACK_SIZE) - .))
 *fill*         0x200038a0     0xb760 00
                0x2000f000                _eheap = .

.stack          0x2000f000     0x1000
                0x2000f000                __stack_start__ = .
                0x20010000                . = (. + MAIN_STACK_SIZE)
 *fill*         0x2000f000     0x1000 00
                0x20010000                _estack = .

.stab
 *(.stab)

.stabstr
 *(.stabstr)

.debug
 *(.debug)

.line
 *(.line)

.debug_srcinfo
 *(.debug_srcinfo)

.debug_sfnames
 *(.debug_sfnames)

.comment        0x00000000       0xd7
 .comment       0x00000000       0x2b ./main.o
 .comment       0x0000002b       0x2b E:/Projects/Actel/ActelKit/RefDes/5/SoC/M2S010_I2C_UART/SoftConsole/M2S010_I2C_UART_MSS_CM3/M2S010_I2C_UART_MSS_CM3_hw_platform/Debug/CMSIS/startup_gcc/newlib_stubs.o
 .comment       0x00000056       0x2b E:\Projects\Actel\ActelKit\RefDes\5\SoC\M2S010_I2C_UART\SoftConsole\M2S010_I2C_UART_MSS_CM3\M2S010_I2C_UART_MSS_CM3_hw_platform\Debug\libM2S010_I2C_UART_MSS_CM3_hw_platform.a(mss_uart.o)
 .comment       0x00000081       0x2b E:\Projects\Actel\ActelKit\RefDes\5\SoC\M2S010_I2C_UART\SoftConsole\M2S010_I2C_UART_MSS_CM3\M2S010_I2C_UART_MSS_CM3_hw_platform\Debug\libM2S010_I2C_UART_MSS_CM3_hw_platform.a(mss_i2c.o)
 .comment       0x000000ac       0x2b E:\Projects\Actel\ActelKit\RefDes\5\SoC\M2S010_I2C_UART\SoftConsole\M2S010_I2C_UART_MSS_CM3\M2S010_I2C_UART_MSS_CM3_hw_platform\Debug\libM2S010_I2C_UART_MSS_CM3_hw_platform.a(system_m2sxxx.o)

.debug_aranges  0x00000000      0x450
 *(.debug_aranges)
 .debug_aranges
                0x00000000       0x60 ./main.o
 .debug_aranges
                0x00000060       0xa8 E:/Projects/Actel/ActelKit/RefDes/5/SoC/M2S010_I2C_UART/SoftConsole/M2S010_I2C_UART_MSS_CM3/M2S010_I2C_UART_MSS_CM3_hw_platform/Debug/CMSIS/startup_gcc/newlib_stubs.o
 .debug_aranges
                0x00000108      0x1d0 E:\Projects\Actel\ActelKit\RefDes\5\SoC\M2S010_I2C_UART\SoftConsole\M2S010_I2C_UART_MSS_CM3\M2S010_I2C_UART_MSS_CM3_hw_platform\Debug\libM2S010_I2C_UART_MSS_CM3_hw_platform.a(mss_uart.o)
 .debug_aranges
                0x000002d8      0x128 E:\Projects\Actel\ActelKit\RefDes\5\SoC\M2S010_I2C_UART\SoftConsole\M2S010_I2C_UART_MSS_CM3\M2S010_I2C_UART_MSS_CM3_hw_platform\Debug\libM2S010_I2C_UART_MSS_CM3_hw_platform.a(mss_i2c.o)
 .debug_aranges
                0x00000400       0x50 E:\Projects\Actel\ActelKit\RefDes\5\SoC\M2S010_I2C_UART\SoftConsole\M2S010_I2C_UART_MSS_CM3\M2S010_I2C_UART_MSS_CM3_hw_platform\Debug\libM2S010_I2C_UART_MSS_CM3_hw_platform.a(system_m2sxxx.o)

.debug_pubnames
                0x00000000      0xae8
 *(.debug_pubnames)
 .debug_pubnames
                0x00000000      0x138 ./main.o
 .debug_pubnames
                0x00000138       0xeb E:/Projects/Actel/ActelKit/RefDes/5/SoC/M2S010_I2C_UART/SoftConsole/M2S010_I2C_UART_MSS_CM3/M2S010_I2C_UART_MSS_CM3_hw_platform/Debug/CMSIS/startup_gcc/newlib_stubs.o
 .debug_pubnames
                0x00000223      0x50f E:\Projects\Actel\ActelKit\RefDes\5\SoC\M2S010_I2C_UART\SoftConsole\M2S010_I2C_UART_MSS_CM3\M2S010_I2C_UART_MSS_CM3_hw_platform\Debug\libM2S010_I2C_UART_MSS_CM3_hw_platform.a(mss_uart.o)
 .debug_pubnames
                0x00000732      0x2eb E:\Projects\Actel\ActelKit\RefDes\5\SoC\M2S010_I2C_UART\SoftConsole\M2S010_I2C_UART_MSS_CM3\M2S010_I2C_UART_MSS_CM3_hw_platform\Debug\libM2S010_I2C_UART_MSS_CM3_hw_platform.a(mss_i2c.o)
 .debug_pubnames
                0x00000a1d       0xcb E:\Projects\Actel\ActelKit\RefDes\5\SoC\M2S010_I2C_UART\SoftConsole\M2S010_I2C_UART_MSS_CM3\M2S010_I2C_UART_MSS_CM3_hw_platform\Debug\libM2S010_I2C_UART_MSS_CM3_hw_platform.a(system_m2sxxx.o)

.debug_info     0x00000000     0x5c77
 *(.debug_info .gnu.linkonce.wi.*)
 .debug_info    0x00000000     0x105c ./main.o
 .debug_info    0x0000105c      0x6ed E:/Projects/Actel/ActelKit/RefDes/5/SoC/M2S010_I2C_UART/SoftConsole/M2S010_I2C_UART_MSS_CM3/M2S010_I2C_UART_MSS_CM3_hw_platform/Debug/CMSIS/startup_gcc/newlib_stubs.o
 .debug_info    0x00001749     0x1ed4 E:\Projects\Actel\ActelKit\RefDes\5\SoC\M2S010_I2C_UART\SoftConsole\M2S010_I2C_UART_MSS_CM3\M2S010_I2C_UART_MSS_CM3_hw_platform\Debug\libM2S010_I2C_UART_MSS_CM3_hw_platform.a(mss_uart.o)
 .debug_info    0x0000361d     0x1a9b E:\Projects\Actel\ActelKit\RefDes\5\SoC\M2S010_I2C_UART\SoftConsole\M2S010_I2C_UART_MSS_CM3\M2S010_I2C_UART_MSS_CM3_hw_platform\Debug\libM2S010_I2C_UART_MSS_CM3_hw_platform.a(mss_i2c.o)
 .debug_info    0x000050b8      0xbbf E:\Projects\Actel\ActelKit\RefDes\5\SoC\M2S010_I2C_UART\SoftConsole\M2S010_I2C_UART_MSS_CM3\M2S010_I2C_UART_MSS_CM3_hw_platform\Debug\libM2S010_I2C_UART_MSS_CM3_hw_platform.a(system_m2sxxx.o)

.debug_abbrev   0x00000000      0x9da
 *(.debug_abbrev)
 .debug_abbrev  0x00000000      0x20e ./main.o
 .debug_abbrev  0x0000020e      0x170 E:/Projects/Actel/ActelKit/RefDes/5/SoC/M2S010_I2C_UART/SoftConsole/M2S010_I2C_UART_MSS_CM3/M2S010_I2C_UART_MSS_CM3_hw_platform/Debug/CMSIS/startup_gcc/newlib_stubs.o
 .debug_abbrev  0x0000037e      0x280 E:\Projects\Actel\ActelKit\RefDes\5\SoC\M2S010_I2C_UART\SoftConsole\M2S010_I2C_UART_MSS_CM3\M2S010_I2C_UART_MSS_CM3_hw_platform\Debug\libM2S010_I2C_UART_MSS_CM3_hw_platform.a(mss_uart.o)
 .debug_abbrev  0x000005fe      0x28c E:\Projects\Actel\ActelKit\RefDes\5\SoC\M2S010_I2C_UART\SoftConsole\M2S010_I2C_UART_MSS_CM3\M2S010_I2C_UART_MSS_CM3_hw_platform\Debug\libM2S010_I2C_UART_MSS_CM3_hw_platform.a(mss_i2c.o)
 .debug_abbrev  0x0000088a      0x150 E:\Projects\Actel\ActelKit\RefDes\5\SoC\M2S010_I2C_UART\SoftConsole\M2S010_I2C_UART_MSS_CM3\M2S010_I2C_UART_MSS_CM3_hw_platform\Debug\libM2S010_I2C_UART_MSS_CM3_hw_platform.a(system_m2sxxx.o)

.debug_line     0x00000000     0x1df0
 *(.debug_line)
 .debug_line    0x00000000      0x715 ./main.o
 .debug_line    0x00000715      0x496 E:/Projects/Actel/ActelKit/RefDes/5/SoC/M2S010_I2C_UART/SoftConsole/M2S010_I2C_UART_MSS_CM3/M2S010_I2C_UART_MSS_CM3_hw_platform/Debug/CMSIS/startup_gcc/newlib_stubs.o
 .debug_line    0x00000bab      0x8d8 E:\Projects\Actel\ActelKit\RefDes\5\SoC\M2S010_I2C_UART\SoftConsole\M2S010_I2C_UART_MSS_CM3\M2S010_I2C_UART_MSS_CM3_hw_platform\Debug\libM2S010_I2C_UART_MSS_CM3_hw_platform.a(mss_uart.o)
 .debug_line    0x00001483      0x74d E:\Projects\Actel\ActelKit\RefDes\5\SoC\M2S010_I2C_UART\SoftConsole\M2S010_I2C_UART_MSS_CM3\M2S010_I2C_UART_MSS_CM3_hw_platform\Debug\libM2S010_I2C_UART_MSS_CM3_hw_platform.a(mss_i2c.o)
 .debug_line    0x00001bd0      0x220 E:\Projects\Actel\ActelKit\RefDes\5\SoC\M2S010_I2C_UART\SoftConsole\M2S010_I2C_UART_MSS_CM3\M2S010_I2C_UART_MSS_CM3_hw_platform\Debug\libM2S010_I2C_UART_MSS_CM3_hw_platform.a(system_m2sxxx.o)

.debug_frame    0x00000000      0xf40
 *(.debug_frame)
 .debug_frame   0x00000000      0x120 ./main.o
 .debug_frame   0x00000120      0x21c E:/Projects/Actel/ActelKit/RefDes/5/SoC/M2S010_I2C_UART/SoftConsole/M2S010_I2C_UART_MSS_CM3/M2S010_I2C_UART_MSS_CM3_hw_platform/Debug/CMSIS/startup_gcc/newlib_stubs.o
 .debug_frame   0x0000033c      0x6b4 E:\Projects\Actel\ActelKit\RefDes\5\SoC\M2S010_I2C_UART\SoftConsole\M2S010_I2C_UART_MSS_CM3\M2S010_I2C_UART_MSS_CM3_hw_platform\Debug\libM2S010_I2C_UART_MSS_CM3_hw_platform.a(mss_uart.o)
 .debug_frame   0x000009f0      0x404 E:\Projects\Actel\ActelKit\RefDes\5\SoC\M2S010_I2C_UART\SoftConsole\M2S010_I2C_UART_MSS_CM3\M2S010_I2C_UART_MSS_CM3_hw_platform\Debug\libM2S010_I2C_UART_MSS_CM3_hw_platform.a(mss_i2c.o)
 .debug_frame   0x00000df4       0xd8 E:\Projects\Actel\ActelKit\RefDes\5\SoC\M2S010_I2C_UART\SoftConsole\M2S010_I2C_UART_MSS_CM3\M2S010_I2C_UART_MSS_CM3_hw_platform\Debug\libM2S010_I2C_UART_MSS_CM3_hw_platform.a(system_m2sxxx.o)
 .debug_frame   0x00000ecc       0x20 c:/microsemi/libero_soc_v11.7/softconsole/sourcery-g++/bin/../lib/gcc/arm-none-eabi/4.4.1/../../../../arm-none-eabi/lib/thumb2\libc.a(lib_a-errno.o)
 .debug_frame   0x00000eec       0x2c c:/microsemi/libero_soc_v11.7/softconsole/sourcery-g++/bin/../lib/gcc/arm-none-eabi/4.4.1/../../../../arm-none-eabi/lib/thumb2\libc.a(lib_a-init.o)
 .debug_frame   0x00000f18       0x28 c:/microsemi/libero_soc_v11.7/softconsole/sourcery-g++/bin/../lib/gcc/arm-none-eabi/4.4.1/../../../../arm-none-eabi/lib/thumb2\libc.a(lib_a-memset.o)

.debug_str      0x00000000     0x2642
 *(.debug_str)
 .debug_str     0x00000000      0xd1e ./main.o
                                0xe73 (size before relaxing)
 .debug_str     0x00000d1e      0x280 E:/Projects/Actel/ActelKit/RefDes/5/SoC/M2S010_I2C_UART/SoftConsole/M2S010_I2C_UART_MSS_CM3/M2S010_I2C_UART_MSS_CM3_hw_platform/Debug/CMSIS/startup_gcc/newlib_stubs.o
                                0x359 (size before relaxing)
 .debug_str     0x00000f9e     0x1133 E:\Projects\Actel\ActelKit\RefDes\5\SoC\M2S010_I2C_UART\SoftConsole\M2S010_I2C_UART_MSS_CM3\M2S010_I2C_UART_MSS_CM3_hw_platform\Debug\libM2S010_I2C_UART_MSS_CM3_hw_platform.a(mss_uart.o)
                               0x19bf (size before relaxing)
 .debug_str     0x000020d1      0x393 E:\Projects\Actel\ActelKit\RefDes\5\SoC\M2S010_I2C_UART\SoftConsole\M2S010_I2C_UART_MSS_CM3\M2S010_I2C_UART_MSS_CM3_hw_platform\Debug\libM2S010_I2C_UART_MSS_CM3_hw_platform.a(mss_i2c.o)
                               0x173b (size before relaxing)
 .debug_str     0x00002464      0x1de E:\Projects\Actel\ActelKit\RefDes\5\SoC\M2S010_I2C_UART\SoftConsole\M2S010_I2C_UART_MSS_CM3\M2S010_I2C_UART_MSS_CM3_hw_platform\Debug\libM2S010_I2C_UART_MSS_CM3_hw_platform.a(system_m2sxxx.o)
                                0xa39 (size before relaxing)

.debug_loc      0x00000000     0x1a01
 *(.debug_loc)
 .debug_loc     0x00000000      0x1e3 ./main.o
 .debug_loc     0x000001e3      0x3c6 E:/Projects/Actel/ActelKit/RefDes/5/SoC/M2S010_I2C_UART/SoftConsole/M2S010_I2C_UART_MSS_CM3/M2S010_I2C_UART_MSS_CM3_hw_platform/Debug/CMSIS/startup_gcc/newlib_stubs.o
 .debug_loc     0x000005a9      0xbb9 E:\Projects\Actel\ActelKit\RefDes\5\SoC\M2S010_I2C_UART\SoftConsole\M2S010_I2C_UART_MSS_CM3\M2S010_I2C_UART_MSS_CM3_hw_platform\Debug\libM2S010_I2C_UART_MSS_CM3_hw_platform.a(mss_uart.o)
 .debug_loc     0x00001162      0x736 E:\Projects\Actel\ActelKit\RefDes\5\SoC\M2S010_I2C_UART\SoftConsole\M2S010_I2C_UART_MSS_CM3\M2S010_I2C_UART_MSS_CM3_hw_platform\Debug\libM2S010_I2C_UART_MSS_CM3_hw_platform.a(mss_i2c.o)
 .debug_loc     0x00001898      0x169 E:\Projects\Actel\ActelKit\RefDes\5\SoC\M2S010_I2C_UART\SoftConsole\M2S010_I2C_UART_MSS_CM3\M2S010_I2C_UART_MSS_CM3_hw_platform\Debug\libM2S010_I2C_UART_MSS_CM3_hw_platform.a(system_m2sxxx.o)

.debug_macinfo  0x00000000    0x26958
 *(.debug_macinfo)
 .debug_macinfo
                0x00000000     0x987b ./main.o
 .debug_macinfo
                0x0000987b     0x4bf0 E:/Projects/Actel/ActelKit/RefDes/5/SoC/M2S010_I2C_UART/SoftConsole/M2S010_I2C_UART_MSS_CM3/M2S010_I2C_UART_MSS_CM3_hw_platform/Debug/CMSIS/startup_gcc/newlib_stubs.o
 .debug_macinfo
                0x0000e46b     0x8184 E:\Projects\Actel\ActelKit\RefDes\5\SoC\M2S010_I2C_UART\SoftConsole\M2S010_I2C_UART_MSS_CM3\M2S010_I2C_UART_MSS_CM3_hw_platform\Debug\libM2S010_I2C_UART_MSS_CM3_hw_platform.a(mss_uart.o)
 .debug_macinfo
                0x000165ef     0x8f97 E:\Projects\Actel\ActelKit\RefDes\5\SoC\M2S010_I2C_UART\SoftConsole\M2S010_I2C_UART_MSS_CM3\M2S010_I2C_UART_MSS_CM3_hw_platform\Debug\libM2S010_I2C_UART_MSS_CM3_hw_platform.a(mss_i2c.o)
 .debug_macinfo
                0x0001f586     0x73d2 E:\Projects\Actel\ActelKit\RefDes\5\SoC\M2S010_I2C_UART\SoftConsole\M2S010_I2C_UART_MSS_CM3\M2S010_I2C_UART_MSS_CM3_hw_platform\Debug\libM2S010_I2C_UART_MSS_CM3_hw_platform.a(system_m2sxxx.o)

.debug_weaknames
 *(.debug_weaknames)

.debug_funcnames
 *(.debug_funcnames)

.debug_typenames
 *(.debug_typenames)

.debug_varnames
 *(.debug_varnames)

.note.gnu.arm.ident
 *(.note.gnu.arm.ident)

.ARM.attributes
                0x00000000       0x25
 *(.ARM.attributes)
 .ARM.attributes
                0x00000000       0x19 c:/microsemi/libero_soc_v11.7/softconsole/sourcery-g++/bin/../lib/gcc/arm-none-eabi/4.4.1/thumb2/crti.o
 .ARM.attributes
                0x00000019       0x29 c:/microsemi/libero_soc_v11.7/softconsole/sourcery-g++/bin/../lib/gcc/arm-none-eabi/4.4.1/thumb2/crtbegin.o
 .ARM.attributes
                0x00000042       0x31 ./main.o
 .ARM.attributes
                0x00000073       0x21 E:/Projects/Actel/ActelKit/RefDes/5/SoC/M2S010_I2C_UART/SoftConsole/M2S010_I2C_UART_MSS_CM3/M2S010_I2C_UART_MSS_CM3_hw_platform/Debug/CMSIS/startup_gcc/startup_m2sxxx.o
 .ARM.attributes
                0x00000094       0x31 E:/Projects/Actel/ActelKit/RefDes/5/SoC/M2S010_I2C_UART/SoftConsole/M2S010_I2C_UART_MSS_CM3/M2S010_I2C_UART_MSS_CM3_hw_platform/Debug/CMSIS/startup_gcc/newlib_stubs.o
 .ARM.attributes
                0x000000c5       0x31 E:\Projects\Actel\ActelKit\RefDes\5\SoC\M2S010_I2C_UART\SoftConsole\M2S010_I2C_UART_MSS_CM3\M2S010_I2C_UART_MSS_CM3_hw_platform\Debug\libM2S010_I2C_UART_MSS_CM3_hw_platform.a(mss_uart.o)
 .ARM.attributes
                0x000000f6       0x31 E:\Projects\Actel\ActelKit\RefDes\5\SoC\M2S010_I2C_UART\SoftConsole\M2S010_I2C_UART_MSS_CM3\M2S010_I2C_UART_MSS_CM3_hw_platform\Debug\libM2S010_I2C_UART_MSS_CM3_hw_platform.a(mss_i2c.o)
 .ARM.attributes
                0x00000127       0x31 E:\Projects\Actel\ActelKit\RefDes\5\SoC\M2S010_I2C_UART\SoftConsole\M2S010_I2C_UART_MSS_CM3\M2S010_I2C_UART_MSS_CM3_hw_platform\Debug\libM2S010_I2C_UART_MSS_CM3_hw_platform.a(system_m2sxxx.o)
 .ARM.attributes
                0x00000158       0x29 c:/microsemi/libero_soc_v11.7/softconsole/sourcery-g++/bin/../lib/gcc/arm-none-eabi/4.4.1/../../../../arm-none-eabi/lib/thumb2\libc.a(lib_a-errno.o)
 .ARM.attributes
                0x00000181       0x29 c:/microsemi/libero_soc_v11.7/softconsole/sourcery-g++/bin/../lib/gcc/arm-none-eabi/4.4.1/../../../../arm-none-eabi/lib/thumb2\libc.a(lib_a-impure.o)
 .ARM.attributes
                0x000001aa       0x29 c:/microsemi/libero_soc_v11.7/softconsole/sourcery-g++/bin/../lib/gcc/arm-none-eabi/4.4.1/../../../../arm-none-eabi/lib/thumb2\libc.a(lib_a-init.o)
 .ARM.attributes
                0x000001d3       0x29 c:/microsemi/libero_soc_v11.7/softconsole/sourcery-g++/bin/../lib/gcc/arm-none-eabi/4.4.1/../../../../arm-none-eabi/lib/thumb2\libc.a(lib_a-memset.o)
 .ARM.attributes
                0x000001fc       0x29 c:/microsemi/libero_soc_v11.7/softconsole/sourcery-g++/bin/../lib/gcc/arm-none-eabi/4.4.1/thumb2/crtend.o
 .ARM.attributes
                0x00000225       0x19 c:/microsemi/libero_soc_v11.7/softconsole/sourcery-g++/bin/../lib/gcc/arm-none-eabi/4.4.1/thumb2/crtn.o

/DISCARD/
 *(.note.GNU-stack)
 *(.isr_vector)
OUTPUT(M2S010_I2C_UART_MSS_CM3_app elf32-littlearm)

.debug_ranges   0x00000000      0x440
 .debug_ranges  0x00000000       0x58 ./main.o
 .debug_ranges  0x00000058       0xa0 E:/Projects/Actel/ActelKit/RefDes/5/SoC/M2S010_I2C_UART/SoftConsole/M2S010_I2C_UART_MSS_CM3/M2S010_I2C_UART_MSS_CM3_hw_platform/Debug/CMSIS/startup_gcc/newlib_stubs.o
 .debug_ranges  0x000000f8      0x1c8 E:\Projects\Actel\ActelKit\RefDes\5\SoC\M2S010_I2C_UART\SoftConsole\M2S010_I2C_UART_MSS_CM3\M2S010_I2C_UART_MSS_CM3_hw_platform\Debug\libM2S010_I2C_UART_MSS_CM3_hw_platform.a(mss_uart.o)
 .debug_ranges  0x000002c0      0x138 E:\Projects\Actel\ActelKit\RefDes\5\SoC\M2S010_I2C_UART\SoftConsole\M2S010_I2C_UART_MSS_CM3\M2S010_I2C_UART_MSS_CM3_hw_platform\Debug\libM2S010_I2C_UART_MSS_CM3_hw_platform.a(mss_i2c.o)
 .debug_ranges  0x000003f8       0x48 E:\Projects\Actel\ActelKit\RefDes\5\SoC\M2S010_I2C_UART\SoftConsole\M2S010_I2C_UART_MSS_CM3\M2S010_I2C_UART_MSS_CM3_hw_platform\Debug\libM2S010_I2C_UART_MSS_CM3_hw_platform.a(system_m2sxxx.o)
