*****************************************************************
Pin Report - Date: Tue Jul 04 12:37:39 2017 Pinchecksum: NOT-AVAILABLE
Product: Designer
Release: v11.8
Version: 11.8.0.26
Design Name: M2S010_USB_vcp
Family: SmartFusion2
Die: M2S010
Package: 144 TQ
*****************************************************************

Port             |Pin |Fixed |Function             |Bank     |I/O Std   |Direction                      |I/O state in Flash*Freeze mode |Resistor Pull                      |I/O available in Flash*Freeze mode |Schmitt Trigger |Odt_Static    |Odt Imp (Ohm)  |Low Power Exit |Input Delay |Slew         |Pre-Emphasis      |Output Drive (mA) |Output Load (pF) |
-----------------|----|------|---------------------|---------|----------|-------------------------------|-------------------------------|-----------------------------------|-----------------------------------|----------------|--------------|---------------|---------------|------------|-------------|------------------|------------------|-----------------|
BtnReset          13   Yes    MSIO76NB7             Bank7     LVCMOS25   Input                           TRISTATE                        None                                No                                  Off              ---            ---             Off             Off          ---           ---                ---                ---               
DEVRST_N          72   Fixed  DEVRST_N              ---       
MMUART_0_RXD_F2M  9    Yes    MSIO72NB7             Bank7     LVCMOS25   Input                           TRISTATE                        None                                No                                  Off              ---            ---             Off             Off          ---           ---                ---                ---               
MMUART_0_TXD_M2F  10   Yes    MSIO73NB7             Bank7     LVCMOS25   Output                          TRISTATE                        None                                No                                  ---              ---            ---             ---             ---          SLOW          ---                4                  5                 
USB_ULPI_DATA[0]  88   Yes    MSIO3PB2/USB_DATA0_B  Bank2     LVCMOS25   Inout                           TRISTATE                        None                                No                                  Off              ---            ---             Off             Off          SLOW          ---                4                  5                 
USB_ULPI_DATA[1]  90   Yes    MSIO3NB2/USB_DATA1_B  Bank2     LVCMOS25   Inout                           TRISTATE                        None                                No                                  Off              ---            ---             Off             Off          SLOW          ---                4                  5                 
USB_ULPI_DATA[2]  89   Yes    MSIO4PB2/USB_DATA2_B  Bank2     LVCMOS25   Inout                           TRISTATE                        None                                No                                  Off              ---            ---             Off             Off          SLOW          ---                4                  5                 
USB_ULPI_DATA[3]  91   Yes    MSIO4NB2/USB_DATA3_B  Bank2     LVCMOS25   Inout                           TRISTATE                        None                                No                                  Off              ---            ---             Off             Off          SLOW          ---                4                  5                 
USB_ULPI_DATA[4]  92   Yes    MSIO5PB2/USB_DATA4_B  Bank2     LVCMOS25   Inout                           TRISTATE                        None                                No                                  Off              ---            ---             Off             Off          SLOW          ---                4                  5                 
USB_ULPI_DATA[5]  93   Yes    MSIO5NB2/USB_DATA5_B  Bank2     LVCMOS25   Inout                           TRISTATE                        None                                No                                  Off              ---            ---             Off             Off          SLOW          ---                4                  5                 
USB_ULPI_DATA[6]  94   Yes    MSIO6PB2/USB_DATA6_B  Bank2     LVCMOS25   Inout                           TRISTATE                        None                                No                                  Off              ---            ---             Off             Off          SLOW          ---                4                  5                 
USB_ULPI_DATA[7]  81   Yes    MSIO0NB2/USB_DATA7_B  Bank2     LVCMOS25   Inout                           TRISTATE                        None                                No                                  Off              ---            ---             Off             Off          SLOW          ---                4                  5                 
USB_ULPI_DIR      83   Yes    MSIO1NB2/USB_DIR_B    Bank2     LVCMOS25   Input                           TRISTATE                        None                                No                                  Off              ---            ---             Off             Off          ---           ---                ---                ---               
USB_ULPI_NXT      87   Yes    MSIO2NB2/USB_NXT_B    Bank2     LVCMOS25   Input                           TRISTATE                        None                                No                                  Off              ---            ---             Off             Off          ---           ---                ---                ---               
USB_ULPI_STP      85   Yes    MSIO2PB2/USB_STP_B    Bank2     LVCMOS25   Output                          TRISTATE                        None                                No                                  ---              ---            ---             ---             ---          SLOW          ---                4                  5                 
USB_ULPI_XCLK     82   Yes    MSIO1PB2/USB_XCLK_B   Bank2     LVCMOS25   Input                           TRISTATE                        None                                No                                  Off              ---            ---             Off             Off          ---           ---                ---                ---               
