Archive member included because of file (symbol)

E:\Projects\Actel\ActelKit\M2S\RefDes\1\MyFirstProject\SoftConsole\MyFirstProject_MSS_CM3\MyFirstProject_MSS_CM3_hw_platform\Debug\libMyFirstProject_MSS_CM3_hw_platform.a(mss_uart.o)
                              ./main.o (g_mss_uart0)
E:\Projects\Actel\ActelKit\M2S\RefDes\1\MyFirstProject\SoftConsole\MyFirstProject_MSS_CM3\MyFirstProject_MSS_CM3_hw_platform\Debug\libMyFirstProject_MSS_CM3_hw_platform.a(mss_gpio.o)
                              ./main.o (MSS_GPIO_init)
E:\Projects\Actel\ActelKit\M2S\RefDes\1\MyFirstProject\SoftConsole\MyFirstProject_MSS_CM3\MyFirstProject_MSS_CM3_hw_platform\Debug\libMyFirstProject_MSS_CM3_hw_platform.a(system_m2sxxx.o)
                              ./main.o (SystemCoreClock)
c:/microsemi/libero_soc_v11.7/softconsole/sourcery-g++/bin/../lib/gcc/arm-none-eabi/4.4.1/../../../../arm-none-eabi/lib/thumb2\libc.a(lib_a-errno.o)
                              E:/Projects/Actel/ActelKit/M2S/RefDes/1/MyFirstProject/SoftConsole/MyFirstProject_MSS_CM3/MyFirstProject_MSS_CM3_hw_platform/Debug/CMSIS/startup_gcc/newlib_stubs.o (__errno)
c:/microsemi/libero_soc_v11.7/softconsole/sourcery-g++/bin/../lib/gcc/arm-none-eabi/4.4.1/../../../../arm-none-eabi/lib/thumb2\libc.a(lib_a-impure.o)
                              c:/microsemi/libero_soc_v11.7/softconsole/sourcery-g++/bin/../lib/gcc/arm-none-eabi/4.4.1/../../../../arm-none-eabi/lib/thumb2\libc.a(lib_a-errno.o) (_impure_ptr)
c:/microsemi/libero_soc_v11.7/softconsole/sourcery-g++/bin/../lib/gcc/arm-none-eabi/4.4.1/../../../../arm-none-eabi/lib/thumb2\libc.a(lib_a-init.o)
                              E:/Projects/Actel/ActelKit/M2S/RefDes/1/MyFirstProject/SoftConsole/MyFirstProject_MSS_CM3/MyFirstProject_MSS_CM3_hw_platform/Debug/CMSIS/startup_gcc/startup_m2sxxx.o (__libc_init_array)

Allocating common symbols
Common symbol       size              file

g_mss_uart1         0x40              E:\Projects\Actel\ActelKit\M2S\RefDes\1\MyFirstProject\SoftConsole\MyFirstProject_MSS_CM3\MyFirstProject_MSS_CM3_hw_platform\Debug\libMyFirstProject_MSS_CM3_hw_platform.a(mss_uart.o)
g_mss_uart0         0x40              E:\Projects\Actel\ActelKit\M2S\RefDes\1\MyFirstProject\SoftConsole\MyFirstProject_MSS_CM3\MyFirstProject_MSS_CM3_hw_platform\Debug\libMyFirstProject_MSS_CM3_hw_platform.a(mss_uart.o)

Discarded input sections

 .text          0x00000000        0x0 c:/microsemi/libero_soc_v11.7/softconsole/sourcery-g++/bin/../lib/gcc/arm-none-eabi/4.4.1/thumb2/crti.o
 .data          0x00000000        0x0 c:/microsemi/libero_soc_v11.7/softconsole/sourcery-g++/bin/../lib/gcc/arm-none-eabi/4.4.1/thumb2/crti.o
 .bss           0x00000000        0x0 c:/microsemi/libero_soc_v11.7/softconsole/sourcery-g++/bin/../lib/gcc/arm-none-eabi/4.4.1/thumb2/crti.o
 .data          0x00000000        0x4 c:/microsemi/libero_soc_v11.7/softconsole/sourcery-g++/bin/../lib/gcc/arm-none-eabi/4.4.1/thumb2/crtbegin.o
 .text          0x00000000        0x0 ./main.o
 .data          0x00000000        0x0 ./main.o
 .bss           0x00000000        0x0 ./main.o
 .text          0x00000000        0x0 E:/Projects/Actel/ActelKit/M2S/RefDes/1/MyFirstProject/SoftConsole/MyFirstProject_MSS_CM3/MyFirstProject_MSS_CM3_hw_platform/Debug/CMSIS/startup_gcc/startup_m2sxxx.o
 .data          0x00000000        0x0 E:/Projects/Actel/ActelKit/M2S/RefDes/1/MyFirstProject/SoftConsole/MyFirstProject_MSS_CM3/MyFirstProject_MSS_CM3_hw_platform/Debug/CMSIS/startup_gcc/startup_m2sxxx.o
 .bss           0x00000000        0x0 E:/Projects/Actel/ActelKit/M2S/RefDes/1/MyFirstProject/SoftConsole/MyFirstProject_MSS_CM3/MyFirstProject_MSS_CM3_hw_platform/Debug/CMSIS/startup_gcc/startup_m2sxxx.o
 .text          0x00000000        0x0 E:/Projects/Actel/ActelKit/M2S/RefDes/1/MyFirstProject/SoftConsole/MyFirstProject_MSS_CM3/MyFirstProject_MSS_CM3_hw_platform/Debug/CMSIS/startup_gcc/newlib_stubs.o
 .data          0x00000000        0x0 E:/Projects/Actel/ActelKit/M2S/RefDes/1/MyFirstProject/SoftConsole/MyFirstProject_MSS_CM3/MyFirstProject_MSS_CM3_hw_platform/Debug/CMSIS/startup_gcc/newlib_stubs.o
 .bss           0x00000000        0x0 E:/Projects/Actel/ActelKit/M2S/RefDes/1/MyFirstProject/SoftConsole/MyFirstProject_MSS_CM3/MyFirstProject_MSS_CM3_hw_platform/Debug/CMSIS/startup_gcc/newlib_stubs.o
 .bss.__env     0x00000000        0x4 E:/Projects/Actel/ActelKit/M2S/RefDes/1/MyFirstProject/SoftConsole/MyFirstProject_MSS_CM3/MyFirstProject_MSS_CM3_hw_platform/Debug/CMSIS/startup_gcc/newlib_stubs.o
 .data.environ  0x00000000        0x4 E:/Projects/Actel/ActelKit/M2S/RefDes/1/MyFirstProject/SoftConsole/MyFirstProject_MSS_CM3/MyFirstProject_MSS_CM3_hw_platform/Debug/CMSIS/startup_gcc/newlib_stubs.o
 .text._close   0x00000000       0x18 E:/Projects/Actel/ActelKit/M2S/RefDes/1/MyFirstProject/SoftConsole/MyFirstProject_MSS_CM3/MyFirstProject_MSS_CM3_hw_platform/Debug/CMSIS/startup_gcc/newlib_stubs.o
 .text._execve  0x00000000       0x28 E:/Projects/Actel/ActelKit/M2S/RefDes/1/MyFirstProject/SoftConsole/MyFirstProject_MSS_CM3/MyFirstProject_MSS_CM3_hw_platform/Debug/CMSIS/startup_gcc/newlib_stubs.o
 .text._exit    0x00000000        0xc E:/Projects/Actel/ActelKit/M2S/RefDes/1/MyFirstProject/SoftConsole/MyFirstProject_MSS_CM3/MyFirstProject_MSS_CM3_hw_platform/Debug/CMSIS/startup_gcc/newlib_stubs.o
 .text._fork    0x00000000       0x18 E:/Projects/Actel/ActelKit/M2S/RefDes/1/MyFirstProject/SoftConsole/MyFirstProject_MSS_CM3/MyFirstProject_MSS_CM3_hw_platform/Debug/CMSIS/startup_gcc/newlib_stubs.o
 .text._fstat   0x00000000       0x24 E:/Projects/Actel/ActelKit/M2S/RefDes/1/MyFirstProject/SoftConsole/MyFirstProject_MSS_CM3/MyFirstProject_MSS_CM3_hw_platform/Debug/CMSIS/startup_gcc/newlib_stubs.o
 .text._getpid  0x00000000       0x10 E:/Projects/Actel/ActelKit/M2S/RefDes/1/MyFirstProject/SoftConsole/MyFirstProject_MSS_CM3/MyFirstProject_MSS_CM3_hw_platform/Debug/CMSIS/startup_gcc/newlib_stubs.o
 .text._isatty  0x00000000       0x18 E:/Projects/Actel/ActelKit/M2S/RefDes/1/MyFirstProject/SoftConsole/MyFirstProject_MSS_CM3/MyFirstProject_MSS_CM3_hw_platform/Debug/CMSIS/startup_gcc/newlib_stubs.o
 .text._kill    0x00000000       0x24 E:/Projects/Actel/ActelKit/M2S/RefDes/1/MyFirstProject/SoftConsole/MyFirstProject_MSS_CM3/MyFirstProject_MSS_CM3_hw_platform/Debug/CMSIS/startup_gcc/newlib_stubs.o
 .text._link    0x00000000       0x24 E:/Projects/Actel/ActelKit/M2S/RefDes/1/MyFirstProject/SoftConsole/MyFirstProject_MSS_CM3/MyFirstProject_MSS_CM3_hw_platform/Debug/CMSIS/startup_gcc/newlib_stubs.o
 .text._lseek   0x00000000       0x1c E:/Projects/Actel/ActelKit/M2S/RefDes/1/MyFirstProject/SoftConsole/MyFirstProject_MSS_CM3/MyFirstProject_MSS_CM3_hw_platform/Debug/CMSIS/startup_gcc/newlib_stubs.o
 .text._open    0x00000000       0x1c E:/Projects/Actel/ActelKit/M2S/RefDes/1/MyFirstProject/SoftConsole/MyFirstProject_MSS_CM3/MyFirstProject_MSS_CM3_hw_platform/Debug/CMSIS/startup_gcc/newlib_stubs.o
 .text._read    0x00000000       0x1c E:/Projects/Actel/ActelKit/M2S/RefDes/1/MyFirstProject/SoftConsole/MyFirstProject_MSS_CM3/MyFirstProject_MSS_CM3_hw_platform/Debug/CMSIS/startup_gcc/newlib_stubs.o
 .text._write_r
                0x00000000       0x20 E:/Projects/Actel/ActelKit/M2S/RefDes/1/MyFirstProject/SoftConsole/MyFirstProject_MSS_CM3/MyFirstProject_MSS_CM3_hw_platform/Debug/CMSIS/startup_gcc/newlib_stubs.o
 .rodata        0x00000000       0x30 E:/Projects/Actel/ActelKit/M2S/RefDes/1/MyFirstProject/SoftConsole/MyFirstProject_MSS_CM3/MyFirstProject_MSS_CM3_hw_platform/Debug/CMSIS/startup_gcc/newlib_stubs.o
 .text._sbrk    0x00000000       0xe4 E:/Projects/Actel/ActelKit/M2S/RefDes/1/MyFirstProject/SoftConsole/MyFirstProject_MSS_CM3/MyFirstProject_MSS_CM3_hw_platform/Debug/CMSIS/startup_gcc/newlib_stubs.o
 .text._stat    0x00000000       0x24 E:/Projects/Actel/ActelKit/M2S/RefDes/1/MyFirstProject/SoftConsole/MyFirstProject_MSS_CM3/MyFirstProject_MSS_CM3_hw_platform/Debug/CMSIS/startup_gcc/newlib_stubs.o
 .text._times   0x00000000       0x18 E:/Projects/Actel/ActelKit/M2S/RefDes/1/MyFirstProject/SoftConsole/MyFirstProject_MSS_CM3/MyFirstProject_MSS_CM3_hw_platform/Debug/CMSIS/startup_gcc/newlib_stubs.o
 .text._unlink  0x00000000       0x24 E:/Projects/Actel/ActelKit/M2S/RefDes/1/MyFirstProject/SoftConsole/MyFirstProject_MSS_CM3/MyFirstProject_MSS_CM3_hw_platform/Debug/CMSIS/startup_gcc/newlib_stubs.o
 .text._wait    0x00000000       0x24 E:/Projects/Actel/ActelKit/M2S/RefDes/1/MyFirstProject/SoftConsole/MyFirstProject_MSS_CM3/MyFirstProject_MSS_CM3_hw_platform/Debug/CMSIS/startup_gcc/newlib_stubs.o
 .bss.heap_end.2220
                0x00000000        0x4 E:/Projects/Actel/ActelKit/M2S/RefDes/1/MyFirstProject/SoftConsole/MyFirstProject_MSS_CM3/MyFirstProject_MSS_CM3_hw_platform/Debug/CMSIS/startup_gcc/newlib_stubs.o
 .text          0x00000000        0x0 E:\Projects\Actel\ActelKit\M2S\RefDes\1\MyFirstProject\SoftConsole\MyFirstProject_MSS_CM3\MyFirstProject_MSS_CM3_hw_platform\Debug\libMyFirstProject_MSS_CM3_hw_platform.a(mss_uart.o)
 .data          0x00000000        0x0 E:\Projects\Actel\ActelKit\M2S\RefDes\1\MyFirstProject\SoftConsole\MyFirstProject_MSS_CM3\MyFirstProject_MSS_CM3_hw_platform\Debug\libMyFirstProject_MSS_CM3_hw_platform.a(mss_uart.o)
 .bss           0x00000000        0x0 E:\Projects\Actel\ActelKit\M2S\RefDes\1\MyFirstProject\SoftConsole\MyFirstProject_MSS_CM3\MyFirstProject_MSS_CM3_hw_platform\Debug\libMyFirstProject_MSS_CM3_hw_platform.a(mss_uart.o)
 .text.NVIC_EnableIRQ
                0x00000000       0x38 E:\Projects\Actel\ActelKit\M2S\RefDes\1\MyFirstProject\SoftConsole\MyFirstProject_MSS_CM3\MyFirstProject_MSS_CM3_hw_platform\Debug\libMyFirstProject_MSS_CM3_hw_platform.a(mss_uart.o)
 .text.NVIC_DisableIRQ
                0x00000000       0x3c E:\Projects\Actel\ActelKit\M2S\RefDes\1\MyFirstProject\SoftConsole\MyFirstProject_MSS_CM3\MyFirstProject_MSS_CM3_hw_platform\Debug\libMyFirstProject_MSS_CM3_hw_platform.a(mss_uart.o)
 .text.MSS_UART_lin_init
                0x00000000       0x78 E:\Projects\Actel\ActelKit\M2S\RefDes\1\MyFirstProject\SoftConsole\MyFirstProject_MSS_CM3\MyFirstProject_MSS_CM3_hw_platform\Debug\libMyFirstProject_MSS_CM3_hw_platform.a(mss_uart.o)
 .text.MSS_UART_irda_init
                0x00000000       0xfc E:\Projects\Actel\ActelKit\M2S\RefDes\1\MyFirstProject\SoftConsole\MyFirstProject_MSS_CM3\MyFirstProject_MSS_CM3_hw_platform\Debug\libMyFirstProject_MSS_CM3_hw_platform.a(mss_uart.o)
 .text.MSS_UART_smartcard_init
                0x00000000       0x94 E:\Projects\Actel\ActelKit\M2S\RefDes\1\MyFirstProject\SoftConsole\MyFirstProject_MSS_CM3\MyFirstProject_MSS_CM3_hw_platform\Debug\libMyFirstProject_MSS_CM3_hw_platform.a(mss_uart.o)
 .text.MSS_UART_irq_tx
                0x00000000       0xb4 E:\Projects\Actel\ActelKit\M2S\RefDes\1\MyFirstProject\SoftConsole\MyFirstProject_MSS_CM3\MyFirstProject_MSS_CM3_hw_platform\Debug\libMyFirstProject_MSS_CM3_hw_platform.a(mss_uart.o)
 .text.MSS_UART_tx_complete
                0x00000000       0x90 E:\Projects\Actel\ActelKit\M2S\RefDes\1\MyFirstProject\SoftConsole\MyFirstProject_MSS_CM3\MyFirstProject_MSS_CM3_hw_platform\Debug\libMyFirstProject_MSS_CM3_hw_platform.a(mss_uart.o)
 .text.MSS_UART_enable_irq
                0x00000000       0xbc E:\Projects\Actel\ActelKit\M2S\RefDes\1\MyFirstProject\SoftConsole\MyFirstProject_MSS_CM3\MyFirstProject_MSS_CM3_hw_platform\Debug\libMyFirstProject_MSS_CM3_hw_platform.a(mss_uart.o)
 .text.MSS_UART_disable_irq
                0x00000000       0xb8 E:\Projects\Actel\ActelKit\M2S\RefDes\1\MyFirstProject\SoftConsole\MyFirstProject_MSS_CM3\MyFirstProject_MSS_CM3_hw_platform\Debug\libMyFirstProject_MSS_CM3_hw_platform.a(mss_uart.o)
 .text.MSS_UART_set_rx_handler
                0x00000000       0xc0 E:\Projects\Actel\ActelKit\M2S\RefDes\1\MyFirstProject\SoftConsole\MyFirstProject_MSS_CM3\MyFirstProject_MSS_CM3_hw_platform\Debug\libMyFirstProject_MSS_CM3_hw_platform.a(mss_uart.o)
 .text.MSS_UART_set_loopback
                0x00000000       0xec E:\Projects\Actel\ActelKit\M2S\RefDes\1\MyFirstProject\SoftConsole\MyFirstProject_MSS_CM3\MyFirstProject_MSS_CM3_hw_platform\Debug\libMyFirstProject_MSS_CM3_hw_platform.a(mss_uart.o)
 .text.MSS_UART_set_rxstatus_handler
                0x00000000       0x8c E:\Projects\Actel\ActelKit\M2S\RefDes\1\MyFirstProject\SoftConsole\MyFirstProject_MSS_CM3\MyFirstProject_MSS_CM3_hw_platform\Debug\libMyFirstProject_MSS_CM3_hw_platform.a(mss_uart.o)
 .text.MSS_UART_set_tx_handler
                0x00000000       0x9c E:\Projects\Actel\ActelKit\M2S\RefDes\1\MyFirstProject\SoftConsole\MyFirstProject_MSS_CM3\MyFirstProject_MSS_CM3_hw_platform\Debug\libMyFirstProject_MSS_CM3_hw_platform.a(mss_uart.o)
 .text.MSS_UART_set_modemstatus_handler
                0x00000000       0x8c E:\Projects\Actel\ActelKit\M2S\RefDes\1\MyFirstProject\SoftConsole\MyFirstProject_MSS_CM3\MyFirstProject_MSS_CM3_hw_platform\Debug\libMyFirstProject_MSS_CM3_hw_platform.a(mss_uart.o)
 .text.MSS_UART_fill_tx_fifo
                0x00000000       0xd4 E:\Projects\Actel\ActelKit\M2S\RefDes\1\MyFirstProject\SoftConsole\MyFirstProject_MSS_CM3\MyFirstProject_MSS_CM3_hw_platform\Debug\libMyFirstProject_MSS_CM3_hw_platform.a(mss_uart.o)
 .text.MSS_UART_get_rx_status
                0x00000000       0x80 E:\Projects\Actel\ActelKit\M2S\RefDes\1\MyFirstProject\SoftConsole\MyFirstProject_MSS_CM3\MyFirstProject_MSS_CM3_hw_platform\Debug\libMyFirstProject_MSS_CM3_hw_platform.a(mss_uart.o)
 .text.MSS_UART_get_modem_status
                0x00000000       0x60 E:\Projects\Actel\ActelKit\M2S\RefDes\1\MyFirstProject\SoftConsole\MyFirstProject_MSS_CM3\MyFirstProject_MSS_CM3_hw_platform\Debug\libMyFirstProject_MSS_CM3_hw_platform.a(mss_uart.o)
 .text.MSS_UART_get_tx_status
                0x00000000       0x78 E:\Projects\Actel\ActelKit\M2S\RefDes\1\MyFirstProject\SoftConsole\MyFirstProject_MSS_CM3\MyFirstProject_MSS_CM3_hw_platform\Debug\libMyFirstProject_MSS_CM3_hw_platform.a(mss_uart.o)
 .text.MSS_UART_set_break
                0x00000000       0x5c E:\Projects\Actel\ActelKit\M2S\RefDes\1\MyFirstProject\SoftConsole\MyFirstProject_MSS_CM3\MyFirstProject_MSS_CM3_hw_platform\Debug\libMyFirstProject_MSS_CM3_hw_platform.a(mss_uart.o)
 .text.MSS_UART_clear_break
                0x00000000       0x5c E:\Projects\Actel\ActelKit\M2S\RefDes\1\MyFirstProject\SoftConsole\MyFirstProject_MSS_CM3\MyFirstProject_MSS_CM3_hw_platform\Debug\libMyFirstProject_MSS_CM3_hw_platform.a(mss_uart.o)
 .text.MSS_UART_set_pidpei_handler
                0x00000000       0x8c E:\Projects\Actel\ActelKit\M2S\RefDes\1\MyFirstProject\SoftConsole\MyFirstProject_MSS_CM3\MyFirstProject_MSS_CM3_hw_platform\Debug\libMyFirstProject_MSS_CM3_hw_platform.a(mss_uart.o)
 .text.MSS_UART_set_linbreak_handler
                0x00000000       0x8c E:\Projects\Actel\ActelKit\M2S\RefDes\1\MyFirstProject\SoftConsole\MyFirstProject_MSS_CM3\MyFirstProject_MSS_CM3_hw_platform\Debug\libMyFirstProject_MSS_CM3_hw_platform.a(mss_uart.o)
 .text.MSS_UART_set_linsync_handler
                0x00000000       0x8c E:\Projects\Actel\ActelKit\M2S\RefDes\1\MyFirstProject\SoftConsole\MyFirstProject_MSS_CM3\MyFirstProject_MSS_CM3_hw_platform\Debug\libMyFirstProject_MSS_CM3_hw_platform.a(mss_uart.o)
 .text.MSS_UART_set_nack_handler
                0x00000000       0x8c E:\Projects\Actel\ActelKit\M2S\RefDes\1\MyFirstProject\SoftConsole\MyFirstProject_MSS_CM3\MyFirstProject_MSS_CM3_hw_platform\Debug\libMyFirstProject_MSS_CM3_hw_platform.a(mss_uart.o)
 .text.MSS_UART_set_rx_timeout_handler
                0x00000000       0x8c E:\Projects\Actel\ActelKit\M2S\RefDes\1\MyFirstProject\SoftConsole\MyFirstProject_MSS_CM3\MyFirstProject_MSS_CM3_hw_platform\Debug\libMyFirstProject_MSS_CM3_hw_platform.a(mss_uart.o)
 .text.MSS_UART_enable_half_duplex
                0x00000000       0x5c E:\Projects\Actel\ActelKit\M2S\RefDes\1\MyFirstProject\SoftConsole\MyFirstProject_MSS_CM3\MyFirstProject_MSS_CM3_hw_platform\Debug\libMyFirstProject_MSS_CM3_hw_platform.a(mss_uart.o)
 .text.MSS_UART_disable_half_duplex
                0x00000000       0x5c E:\Projects\Actel\ActelKit\M2S\RefDes\1\MyFirstProject\SoftConsole\MyFirstProject_MSS_CM3\MyFirstProject_MSS_CM3_hw_platform\Debug\libMyFirstProject_MSS_CM3_hw_platform.a(mss_uart.o)
 .text.MSS_UART_set_rx_endian
                0x00000000       0x88 E:\Projects\Actel\ActelKit\M2S\RefDes\1\MyFirstProject\SoftConsole\MyFirstProject_MSS_CM3\MyFirstProject_MSS_CM3_hw_platform\Debug\libMyFirstProject_MSS_CM3_hw_platform.a(mss_uart.o)
 .text.MSS_UART_set_tx_endian
                0x00000000       0x88 E:\Projects\Actel\ActelKit\M2S\RefDes\1\MyFirstProject\SoftConsole\MyFirstProject_MSS_CM3\MyFirstProject_MSS_CM3_hw_platform\Debug\libMyFirstProject_MSS_CM3_hw_platform.a(mss_uart.o)
 .text.MSS_UART_set_filter_length
                0x00000000       0x68 E:\Projects\Actel\ActelKit\M2S\RefDes\1\MyFirstProject\SoftConsole\MyFirstProject_MSS_CM3\MyFirstProject_MSS_CM3_hw_platform\Debug\libMyFirstProject_MSS_CM3_hw_platform.a(mss_uart.o)
 .text.MSS_UART_enable_afm
                0x00000000       0x5c E:\Projects\Actel\ActelKit\M2S\RefDes\1\MyFirstProject\SoftConsole\MyFirstProject_MSS_CM3\MyFirstProject_MSS_CM3_hw_platform\Debug\libMyFirstProject_MSS_CM3_hw_platform.a(mss_uart.o)
 .text.MSS_UART_disable_afm
                0x00000000       0x5c E:\Projects\Actel\ActelKit\M2S\RefDes\1\MyFirstProject\SoftConsole\MyFirstProject_MSS_CM3\MyFirstProject_MSS_CM3_hw_platform\Debug\libMyFirstProject_MSS_CM3_hw_platform.a(mss_uart.o)
 .text.MSS_UART_enable_afclear
                0x00000000       0x5c E:\Projects\Actel\ActelKit\M2S\RefDes\1\MyFirstProject\SoftConsole\MyFirstProject_MSS_CM3\MyFirstProject_MSS_CM3_hw_platform\Debug\libMyFirstProject_MSS_CM3_hw_platform.a(mss_uart.o)
 .text.MSS_UART_disable_afclear
                0x00000000       0x5c E:\Projects\Actel\ActelKit\M2S\RefDes\1\MyFirstProject\SoftConsole\MyFirstProject_MSS_CM3\MyFirstProject_MSS_CM3_hw_platform\Debug\libMyFirstProject_MSS_CM3_hw_platform.a(mss_uart.o)
 .text.MSS_UART_enable_rx_timeout
                0x00000000       0x6c E:\Projects\Actel\ActelKit\M2S\RefDes\1\MyFirstProject\SoftConsole\MyFirstProject_MSS_CM3\MyFirstProject_MSS_CM3_hw_platform\Debug\libMyFirstProject_MSS_CM3_hw_platform.a(mss_uart.o)
 .text.MSS_UART_disable_rx_timeout
                0x00000000       0x5c E:\Projects\Actel\ActelKit\M2S\RefDes\1\MyFirstProject\SoftConsole\MyFirstProject_MSS_CM3\MyFirstProject_MSS_CM3_hw_platform\Debug\libMyFirstProject_MSS_CM3_hw_platform.a(mss_uart.o)
 .text.MSS_UART_enable_tx_time_guard
                0x00000000       0x6c E:\Projects\Actel\ActelKit\M2S\RefDes\1\MyFirstProject\SoftConsole\MyFirstProject_MSS_CM3\MyFirstProject_MSS_CM3_hw_platform\Debug\libMyFirstProject_MSS_CM3_hw_platform.a(mss_uart.o)
 .text.MSS_UART_disable_tx_time_guard
                0x00000000       0x5c E:\Projects\Actel\ActelKit\M2S\RefDes\1\MyFirstProject\SoftConsole\MyFirstProject_MSS_CM3\MyFirstProject_MSS_CM3_hw_platform\Debug\libMyFirstProject_MSS_CM3_hw_platform.a(mss_uart.o)
 .text.MSS_UART_set_address
                0x00000000       0x5c E:\Projects\Actel\ActelKit\M2S\RefDes\1\MyFirstProject\SoftConsole\MyFirstProject_MSS_CM3\MyFirstProject_MSS_CM3_hw_platform\Debug\libMyFirstProject_MSS_CM3_hw_platform.a(mss_uart.o)
 .text.MSS_UART_set_ready_mode
                0x00000000       0x88 E:\Projects\Actel\ActelKit\M2S\RefDes\1\MyFirstProject\SoftConsole\MyFirstProject_MSS_CM3\MyFirstProject_MSS_CM3_hw_platform\Debug\libMyFirstProject_MSS_CM3_hw_platform.a(mss_uart.o)
 .text.MSS_UART_set_usart_mode
                0x00000000       0x90 E:\Projects\Actel\ActelKit\M2S\RefDes\1\MyFirstProject\SoftConsole\MyFirstProject_MSS_CM3\MyFirstProject_MSS_CM3_hw_platform\Debug\libMyFirstProject_MSS_CM3_hw_platform.a(mss_uart.o)
 .text          0x00000000        0x0 E:\Projects\Actel\ActelKit\M2S\RefDes\1\MyFirstProject\SoftConsole\MyFirstProject_MSS_CM3\MyFirstProject_MSS_CM3_hw_platform\Debug\libMyFirstProject_MSS_CM3_hw_platform.a(mss_gpio.o)
 .data          0x00000000        0x0 E:\Projects\Actel\ActelKit\M2S\RefDes\1\MyFirstProject\SoftConsole\MyFirstProject_MSS_CM3\MyFirstProject_MSS_CM3_hw_platform\Debug\libMyFirstProject_MSS_CM3_hw_platform.a(mss_gpio.o)
 .bss           0x00000000        0x0 E:\Projects\Actel\ActelKit\M2S\RefDes\1\MyFirstProject\SoftConsole\MyFirstProject_MSS_CM3\MyFirstProject_MSS_CM3_hw_platform\Debug\libMyFirstProject_MSS_CM3_hw_platform.a(mss_gpio.o)
 .text.NVIC_EnableIRQ
                0x00000000       0x38 E:\Projects\Actel\ActelKit\M2S\RefDes\1\MyFirstProject\SoftConsole\MyFirstProject_MSS_CM3\MyFirstProject_MSS_CM3_hw_platform\Debug\libMyFirstProject_MSS_CM3_hw_platform.a(mss_gpio.o)
 .text.MSS_GPIO_set_output
                0x00000000       0x70 E:\Projects\Actel\ActelKit\M2S\RefDes\1\MyFirstProject\SoftConsole\MyFirstProject_MSS_CM3\MyFirstProject_MSS_CM3_hw_platform\Debug\libMyFirstProject_MSS_CM3_hw_platform.a(mss_gpio.o)
 .text.MSS_GPIO_drive_inout
                0x00000000      0x128 E:\Projects\Actel\ActelKit\M2S\RefDes\1\MyFirstProject\SoftConsole\MyFirstProject_MSS_CM3\MyFirstProject_MSS_CM3_hw_platform\Debug\libMyFirstProject_MSS_CM3_hw_platform.a(mss_gpio.o)
 .text.MSS_GPIO_enable_irq
                0x00000000       0x60 E:\Projects\Actel\ActelKit\M2S\RefDes\1\MyFirstProject\SoftConsole\MyFirstProject_MSS_CM3\MyFirstProject_MSS_CM3_hw_platform\Debug\libMyFirstProject_MSS_CM3_hw_platform.a(mss_gpio.o)
 .text.MSS_GPIO_disable_irq
                0x00000000       0x50 E:\Projects\Actel\ActelKit\M2S\RefDes\1\MyFirstProject\SoftConsole\MyFirstProject_MSS_CM3\MyFirstProject_MSS_CM3_hw_platform\Debug\libMyFirstProject_MSS_CM3_hw_platform.a(mss_gpio.o)
 .text.MSS_GPIO_clear_irq
                0x00000000       0x40 E:\Projects\Actel\ActelKit\M2S\RefDes\1\MyFirstProject\SoftConsole\MyFirstProject_MSS_CM3\MyFirstProject_MSS_CM3_hw_platform\Debug\libMyFirstProject_MSS_CM3_hw_platform.a(mss_gpio.o)
 .text          0x00000000        0x0 E:\Projects\Actel\ActelKit\M2S\RefDes\1\MyFirstProject\SoftConsole\MyFirstProject_MSS_CM3\MyFirstProject_MSS_CM3_hw_platform\Debug\libMyFirstProject_MSS_CM3_hw_platform.a(system_m2sxxx.o)
 .data          0x00000000        0x0 E:\Projects\Actel\ActelKit\M2S\RefDes\1\MyFirstProject\SoftConsole\MyFirstProject_MSS_CM3\MyFirstProject_MSS_CM3_hw_platform\Debug\libMyFirstProject_MSS_CM3_hw_platform.a(system_m2sxxx.o)
 .bss           0x00000000        0x0 E:\Projects\Actel\ActelKit\M2S\RefDes\1\MyFirstProject\SoftConsole\MyFirstProject_MSS_CM3\MyFirstProject_MSS_CM3_hw_platform\Debug\libMyFirstProject_MSS_CM3_hw_platform.a(system_m2sxxx.o)
 .text          0x00000000        0xc c:/microsemi/libero_soc_v11.7/softconsole/sourcery-g++/bin/../lib/gcc/arm-none-eabi/4.4.1/../../../../arm-none-eabi/lib/thumb2\libc.a(lib_a-errno.o)
 .data          0x00000000        0x0 c:/microsemi/libero_soc_v11.7/softconsole/sourcery-g++/bin/../lib/gcc/arm-none-eabi/4.4.1/../../../../arm-none-eabi/lib/thumb2\libc.a(lib_a-errno.o)
 .bss           0x00000000        0x0 c:/microsemi/libero_soc_v11.7/softconsole/sourcery-g++/bin/../lib/gcc/arm-none-eabi/4.4.1/../../../../arm-none-eabi/lib/thumb2\libc.a(lib_a-errno.o)
 .text          0x00000000        0x0 c:/microsemi/libero_soc_v11.7/softconsole/sourcery-g++/bin/../lib/gcc/arm-none-eabi/4.4.1/../../../../arm-none-eabi/lib/thumb2\libc.a(lib_a-impure.o)
 .data          0x00000000       0xf4 c:/microsemi/libero_soc_v11.7/softconsole/sourcery-g++/bin/../lib/gcc/arm-none-eabi/4.4.1/../../../../arm-none-eabi/lib/thumb2\libc.a(lib_a-impure.o)
 .bss           0x00000000        0x0 c:/microsemi/libero_soc_v11.7/softconsole/sourcery-g++/bin/../lib/gcc/arm-none-eabi/4.4.1/../../../../arm-none-eabi/lib/thumb2\libc.a(lib_a-impure.o)
 .rodata        0x00000000        0x4 c:/microsemi/libero_soc_v11.7/softconsole/sourcery-g++/bin/../lib/gcc/arm-none-eabi/4.4.1/../../../../arm-none-eabi/lib/thumb2\libc.a(lib_a-impure.o)
 .rodata.str1.4
                0x00000000        0x4 c:/microsemi/libero_soc_v11.7/softconsole/sourcery-g++/bin/../lib/gcc/arm-none-eabi/4.4.1/../../../../arm-none-eabi/lib/thumb2\libc.a(lib_a-impure.o)
 .data          0x00000000        0x0 c:/microsemi/libero_soc_v11.7/softconsole/sourcery-g++/bin/../lib/gcc/arm-none-eabi/4.4.1/../../../../arm-none-eabi/lib/thumb2\libc.a(lib_a-init.o)
 .bss           0x00000000        0x0 c:/microsemi/libero_soc_v11.7/softconsole/sourcery-g++/bin/../lib/gcc/arm-none-eabi/4.4.1/../../../../arm-none-eabi/lib/thumb2\libc.a(lib_a-init.o)
 .text          0x00000000        0x0 c:/microsemi/libero_soc_v11.7/softconsole/sourcery-g++/bin/../lib/gcc/arm-none-eabi/4.4.1/thumb2/crtend.o
 .data          0x00000000        0x0 c:/microsemi/libero_soc_v11.7/softconsole/sourcery-g++/bin/../lib/gcc/arm-none-eabi/4.4.1/thumb2/crtend.o
 .bss           0x00000000        0x0 c:/microsemi/libero_soc_v11.7/softconsole/sourcery-g++/bin/../lib/gcc/arm-none-eabi/4.4.1/thumb2/crtend.o
 .text          0x00000000        0x0 c:/microsemi/libero_soc_v11.7/softconsole/sourcery-g++/bin/../lib/gcc/arm-none-eabi/4.4.1/thumb2/crtn.o
 .data          0x00000000        0x0 c:/microsemi/libero_soc_v11.7/softconsole/sourcery-g++/bin/../lib/gcc/arm-none-eabi/4.4.1/thumb2/crtn.o
 .bss           0x00000000        0x0 c:/microsemi/libero_soc_v11.7/softconsole/sourcery-g++/bin/../lib/gcc/arm-none-eabi/4.4.1/thumb2/crtn.o

Memory Configuration

Name             Origin             Length             Attributes
ram              0x20000000         0x00010000         xrw
*default*        0x00000000         0xffffffff

Linker script and memory map

LOAD c:/microsemi/libero_soc_v11.7/softconsole/sourcery-g++/bin/../lib/gcc/arm-none-eabi/4.4.1/thumb2/crti.o
LOAD c:/microsemi/libero_soc_v11.7/softconsole/sourcery-g++/bin/../lib/gcc/arm-none-eabi/4.4.1/thumb2/crtbegin.o
LOAD ./main.o
LOAD E:/Projects/Actel/ActelKit/M2S/RefDes/1/MyFirstProject/SoftConsole/MyFirstProject_MSS_CM3/MyFirstProject_MSS_CM3_hw_platform/Debug/CMSIS/startup_gcc/startup_m2sxxx.o
LOAD E:/Projects/Actel/ActelKit/M2S/RefDes/1/MyFirstProject/SoftConsole/MyFirstProject_MSS_CM3/MyFirstProject_MSS_CM3_hw_platform/Debug/CMSIS/startup_gcc/newlib_stubs.o
LOAD E:\Projects\Actel\ActelKit\M2S\RefDes\1\MyFirstProject\SoftConsole\MyFirstProject_MSS_CM3\MyFirstProject_MSS_CM3_hw_platform\Debug\libMyFirstProject_MSS_CM3_hw_platform.a
START GROUP
LOAD c:/microsemi/libero_soc_v11.7/softconsole/sourcery-g++/bin/../lib/gcc/arm-none-eabi/4.4.1/thumb2\libgcc.a
LOAD c:/microsemi/libero_soc_v11.7/softconsole/sourcery-g++/bin/../lib/gcc/arm-none-eabi/4.4.1/../../../../arm-none-eabi/lib/thumb2\libc.a
END GROUP
LOAD c:/microsemi/libero_soc_v11.7/softconsole/sourcery-g++/bin/../lib/gcc/arm-none-eabi/4.4.1/thumb2/crtend.o
LOAD c:/microsemi/libero_soc_v11.7/softconsole/sourcery-g++/bin/../lib/gcc/arm-none-eabi/4.4.1/thumb2/crtn.o
START GROUP
LOAD c:/microsemi/libero_soc_v11.7/softconsole/sourcery-g++/bin/../lib/gcc/arm-none-eabi/4.4.1/../../../../arm-none-eabi/lib/thumb2\libc.a
LOAD c:/microsemi/libero_soc_v11.7/softconsole/sourcery-g++/bin/../lib/gcc/arm-none-eabi/4.4.1/thumb2\libgcc.a
LOAD c:/microsemi/libero_soc_v11.7/softconsole/sourcery-g++/bin/../lib/gcc/arm-none-eabi/4.4.1/../../../../arm-none-eabi/lib/thumb2\libm.a
END GROUP
                0x00000000                __DYNAMIC = 0x0
                0x20000000                RAM_START_ADDRESS = 0x20000000
                0x00010000                RAM_SIZE = 0x10000
                0x00001000                MAIN_STACK_SIZE = 0x1000
                0x00001000                MIN_SIZE_HEAP = 0x1000
                0x20010000                PROVIDE (__main_stack_start, (RAM_START_ADDRESS + RAM_SIZE))
                0x20010000                PROVIDE (_estack, __main_stack_start)
                0x00000000                PROVIDE (__mirrored_nvm, 0x0)
                0x00000000                PROVIDE (__smartfusion2_memory_remap, 0x0)

.vector_table   0x20000000      0x190
                0x20000000                __vector_table_load = LOADADDR (.vector_table)
                0x20000000                __vector_table_start = .
                0x20000000                __vector_table_vma_base_address = .
 *(.isr_vector)
 .isr_vector    0x20000000      0x190 E:/Projects/Actel/ActelKit/M2S/RefDes/1/MyFirstProject/SoftConsole/MyFirstProject_MSS_CM3/MyFirstProject_MSS_CM3_hw_platform/Debug/CMSIS/startup_gcc/startup_m2sxxx.o
                0x20000000                g_pfnVectors
                0x20000190                . = ALIGN (0x10)
                0x20000190                _evector_table = .

.boot_code      0x20000190      0x330
 *(.boot_code)
 .boot_code     0x20000190      0x330 E:/Projects/Actel/ActelKit/M2S/RefDes/1/MyFirstProject/SoftConsole/MyFirstProject_MSS_CM3/MyFirstProject_MSS_CM3_hw_platform/Debug/CMSIS/startup_gcc/startup_m2sxxx.o
                0x20000190                Reset_Handler
                0x2000037e                NMI_Handler
                0x20000380                HardFault_Handler
                0x20000382                MemManage_Handler
                0x20000384                BusFault_Handler
                0x20000386                UsageFault_Handler
                0x20000388                SVC_Handler
                0x2000038a                DebugMon_Handler
                0x2000038c                PendSV_Handler
                0x2000038e                SysTick_Handler
                0x20000390                WdogWakeup_IRQHandler
                0x20000392                RTC_Wakeup_IRQHandler
                0x20000394                SPI0_IRQHandler
                0x20000396                SPI1_IRQHandler
                0x20000398                I2C0_IRQHandler
                0x2000039a                I2C0_SMBAlert_IRQHandler
                0x2000039c                I2C0_SMBus_IRQHandler
                0x2000039e                I2C1_IRQHandler
                0x200003a0                I2C1_SMBAlert_IRQHandler
                0x200003a2                I2C1_SMBus_IRQHandler
                0x200003a8                EthernetMAC_IRQHandler
                0x200003aa                DMA_IRQHandler
                0x200003ac                Timer1_IRQHandler
                0x200003ae                Timer2_IRQHandler
                0x200003b0                CAN_IRQHandler
                0x200003b2                ENVM0_IRQHandler
                0x200003b4                ENVM1_IRQHandler
                0x200003b6                ComBlk_IRQHandler
                0x200003b8                USB_IRQHandler
                0x200003ba                USB_DMA_IRQHandler
                0x200003bc                PLL_Lock_IRQHandler
                0x200003be                PLL_LockLost_IRQHandler
                0x200003c0                CommSwitchError_IRQHandler
                0x200003c2                CacheError_IRQHandler
                0x200003c4                DDR_IRQHandler
                0x200003c6                HPDMA_Complete_IRQHandler
                0x200003c8                HPDMA_Error_IRQHandler
                0x200003ca                ECC_Error_IRQHandler
                0x200003cc                MDDR_IOCalib_IRQHandler
                0x200003ce                FAB_PLL_Lock_IRQHandler
                0x200003d0                FAB_PLL_LockLost_IRQHandler
                0x200003d2                FIC64_IRQHandler
                0x200003d4                FabricIrq0_IRQHandler
                0x200003d6                FabricIrq1_IRQHandler
                0x200003d8                FabricIrq2_IRQHandler
                0x200003da                FabricIrq3_IRQHandler
                0x200003dc                FabricIrq4_IRQHandler
                0x200003de                FabricIrq5_IRQHandler
                0x200003e0                FabricIrq6_IRQHandler
                0x200003e2                FabricIrq7_IRQHandler
                0x200003e4                FabricIrq8_IRQHandler
                0x200003e6                FabricIrq9_IRQHandler
                0x200003e8                FabricIrq10_IRQHandler
                0x200003ea                FabricIrq11_IRQHandler
                0x200003ec                FabricIrq12_IRQHandler
                0x200003ee                FabricIrq13_IRQHandler
                0x200003f0                FabricIrq14_IRQHandler
                0x200003f2                FabricIrq15_IRQHandler
                0x200003f4                GPIO0_IRQHandler
                0x200003f6                GPIO1_IRQHandler
                0x200003f8                GPIO2_IRQHandler
                0x200003fa                GPIO3_IRQHandler
                0x200003fc                GPIO4_IRQHandler
                0x200003fe                GPIO5_IRQHandler
                0x20000400                GPIO6_IRQHandler
                0x20000402                GPIO7_IRQHandler
                0x20000404                GPIO8_IRQHandler
                0x20000406                GPIO9_IRQHandler
                0x20000408                GPIO10_IRQHandler
                0x2000040a                GPIO11_IRQHandler
                0x2000040c                GPIO12_IRQHandler
                0x2000040e                GPIO13_IRQHandler
                0x20000410                GPIO14_IRQHandler
                0x20000412                GPIO15_IRQHandler
                0x20000414                GPIO16_IRQHandler
                0x20000416                GPIO17_IRQHandler
                0x20000418                GPIO18_IRQHandler
                0x2000041a                GPIO19_IRQHandler
                0x2000041c                GPIO20_IRQHandler
                0x2000041e                GPIO21_IRQHandler
                0x20000420                GPIO22_IRQHandler
                0x20000422                GPIO23_IRQHandler
                0x20000424                GPIO24_IRQHandler
                0x20000426                GPIO25_IRQHandler
                0x20000428                GPIO26_IRQHandler
                0x2000042a                GPIO27_IRQHandler
                0x2000042c                GPIO28_IRQHandler
                0x2000042e                GPIO29_IRQHandler
                0x20000430                GPIO30_IRQHandler
                0x20000432                GPIO31_IRQHandler
                0x20000434                mscc_post_hw_cfg_init
                0x200004c0                . = ALIGN (0x10)

.text           0x200004c0     0x12d0
 CREATE_OBJECT_SYMBOLS
                0x200004c0                __text_load = LOADADDR (.text)
                0x200004c0                __text_start = .
 *(.text .text.* .gnu.linkonce.t.*)
 .text          0x200004c0       0x30 c:/microsemi/libero_soc_v11.7/softconsole/sourcery-g++/bin/../lib/gcc/arm-none-eabi/4.4.1/thumb2/crtbegin.o
 .text.MSS_GPIO_set_outputs
                0x200004f0       0x20 ./main.o
 .text.MSS_GPIO_get_outputs
                0x20000510       0x18 ./main.o
 .text.main     0x20000528       0xa8 ./main.o
                0x20000528                main
 .text.delay    0x200005d0       0x30 ./main.o
 .text.NVIC_ClearPendingIRQ
                0x20000600       0x3c E:\Projects\Actel\ActelKit\M2S\RefDes\1\MyFirstProject\SoftConsole\MyFirstProject_MSS_CM3\MyFirstProject_MSS_CM3_hw_platform\Debug\libMyFirstProject_MSS_CM3_hw_platform.a(mss_uart.o)
 .text.set_bit_reg8
                0x2000063c       0x40 E:\Projects\Actel\ActelKit\M2S\RefDes\1\MyFirstProject\SoftConsole\MyFirstProject_MSS_CM3\MyFirstProject_MSS_CM3_hw_platform\Debug\libMyFirstProject_MSS_CM3_hw_platform.a(mss_uart.o)
 .text.clear_bit_reg8
                0x2000067c       0x40 E:\Projects\Actel\ActelKit\M2S\RefDes\1\MyFirstProject\SoftConsole\MyFirstProject_MSS_CM3\MyFirstProject_MSS_CM3_hw_platform\Debug\libMyFirstProject_MSS_CM3_hw_platform.a(mss_uart.o)
 .text.read_bit_reg8
                0x200006bc       0x40 E:\Projects\Actel\ActelKit\M2S\RefDes\1\MyFirstProject\SoftConsole\MyFirstProject_MSS_CM3\MyFirstProject_MSS_CM3_hw_platform\Debug\libMyFirstProject_MSS_CM3_hw_platform.a(mss_uart.o)
 .text.MSS_UART_init
                0x200006fc       0x84 E:\Projects\Actel\ActelKit\M2S\RefDes\1\MyFirstProject\SoftConsole\MyFirstProject_MSS_CM3\MyFirstProject_MSS_CM3_hw_platform\Debug\libMyFirstProject_MSS_CM3_hw_platform.a(mss_uart.o)
                0x200006fc                MSS_UART_init
 .text.MSS_UART_polled_tx
                0x20000780       0xe4 E:\Projects\Actel\ActelKit\M2S\RefDes\1\MyFirstProject\SoftConsole\MyFirstProject_MSS_CM3\MyFirstProject_MSS_CM3_hw_platform\Debug\libMyFirstProject_MSS_CM3_hw_platform.a(mss_uart.o)
                0x20000780                MSS_UART_polled_tx
 .text.MSS_UART_polled_tx_string
                0x20000864       0xcc E:\Projects\Actel\ActelKit\M2S\RefDes\1\MyFirstProject\SoftConsole\MyFirstProject_MSS_CM3\MyFirstProject_MSS_CM3_hw_platform\Debug\libMyFirstProject_MSS_CM3_hw_platform.a(mss_uart.o)
                0x20000864                MSS_UART_polled_tx_string
 .text.MSS_UART_get_rx
                0x20000930       0xdc E:\Projects\Actel\ActelKit\M2S\RefDes\1\MyFirstProject\SoftConsole\MyFirstProject_MSS_CM3\MyFirstProject_MSS_CM3_hw_platform\Debug\libMyFirstProject_MSS_CM3_hw_platform.a(mss_uart.o)
                0x20000930                MSS_UART_get_rx
 .text.UART0_IRQHandler
                0x20000a0c       0x24 E:\Projects\Actel\ActelKit\M2S\RefDes\1\MyFirstProject\SoftConsole\MyFirstProject_MSS_CM3\MyFirstProject_MSS_CM3_hw_platform\Debug\libMyFirstProject_MSS_CM3_hw_platform.a(mss_uart.o)
                0x20000a0c                UART0_IRQHandler
 .text.UART1_IRQHandler
                0x20000a30       0x24 E:\Projects\Actel\ActelKit\M2S\RefDes\1\MyFirstProject\SoftConsole\MyFirstProject_MSS_CM3\MyFirstProject_MSS_CM3_hw_platform\Debug\libMyFirstProject_MSS_CM3_hw_platform.a(mss_uart.o)
                0x20000a30                UART1_IRQHandler
 .text.config_baud_divisors
                0x20000a54      0x198 E:\Projects\Actel\ActelKit\M2S\RefDes\1\MyFirstProject\SoftConsole\MyFirstProject_MSS_CM3\MyFirstProject_MSS_CM3_hw_platform\Debug\libMyFirstProject_MSS_CM3_hw_platform.a(mss_uart.o)
 .text.global_init
                0x20000bec      0x26c E:\Projects\Actel\ActelKit\M2S\RefDes\1\MyFirstProject\SoftConsole\MyFirstProject_MSS_CM3\MyFirstProject_MSS_CM3_hw_platform\Debug\libMyFirstProject_MSS_CM3_hw_platform.a(mss_uart.o)
 .text.MSS_UART_isr
                0x20000e58      0x22c E:\Projects\Actel\ActelKit\M2S\RefDes\1\MyFirstProject\SoftConsole\MyFirstProject_MSS_CM3\MyFirstProject_MSS_CM3_hw_platform\Debug\libMyFirstProject_MSS_CM3_hw_platform.a(mss_uart.o)
 .text.default_tx_handler
                0x20001084      0x10c E:\Projects\Actel\ActelKit\M2S\RefDes\1\MyFirstProject\SoftConsole\MyFirstProject_MSS_CM3\MyFirstProject_MSS_CM3_hw_platform\Debug\libMyFirstProject_MSS_CM3_hw_platform.a(mss_uart.o)
 .text.NVIC_DisableIRQ
                0x20001190       0x3c E:\Projects\Actel\ActelKit\M2S\RefDes\1\MyFirstProject\SoftConsole\MyFirstProject_MSS_CM3\MyFirstProject_MSS_CM3_hw_platform\Debug\libMyFirstProject_MSS_CM3_hw_platform.a(mss_gpio.o)
 .text.NVIC_ClearPendingIRQ
                0x200011cc       0x3c E:\Projects\Actel\ActelKit\M2S\RefDes\1\MyFirstProject\SoftConsole\MyFirstProject_MSS_CM3\MyFirstProject_MSS_CM3_hw_platform\Debug\libMyFirstProject_MSS_CM3_hw_platform.a(mss_gpio.o)
 .text.MSS_GPIO_init
                0x20001208       0xac E:\Projects\Actel\ActelKit\M2S\RefDes\1\MyFirstProject\SoftConsole\MyFirstProject_MSS_CM3\MyFirstProject_MSS_CM3_hw_platform\Debug\libMyFirstProject_MSS_CM3_hw_platform.a(mss_gpio.o)
                0x20001208                MSS_GPIO_init
 .text.MSS_GPIO_config
                0x200012b4       0x3c E:\Projects\Actel\ActelKit\M2S\RefDes\1\MyFirstProject\SoftConsole\MyFirstProject_MSS_CM3\MyFirstProject_MSS_CM3_hw_platform\Debug\libMyFirstProject_MSS_CM3_hw_platform.a(mss_gpio.o)
                0x200012b4                MSS_GPIO_config
 .text.SystemInit
                0x200012f0       0x28 E:\Projects\Actel\ActelKit\M2S\RefDes\1\MyFirstProject\SoftConsole\MyFirstProject_MSS_CM3\MyFirstProject_MSS_CM3_hw_platform\Debug\libMyFirstProject_MSS_CM3_hw_platform.a(system_m2sxxx.o)
                0x200012f0                SystemInit
 .text.SystemCoreClockUpdate
                0x20001318      0x14c E:\Projects\Actel\ActelKit\M2S\RefDes\1\MyFirstProject\SoftConsole\MyFirstProject_MSS_CM3\MyFirstProject_MSS_CM3_hw_platform\Debug\libMyFirstProject_MSS_CM3_hw_platform.a(system_m2sxxx.o)
                0x20001318                SystemCoreClockUpdate
 .text.get_rcosc_25_50mhz_frequency
                0x20001464       0x44 E:\Projects\Actel\ActelKit\M2S\RefDes\1\MyFirstProject\SoftConsole\MyFirstProject_MSS_CM3\MyFirstProject_MSS_CM3_hw_platform\Debug\libMyFirstProject_MSS_CM3_hw_platform.a(system_m2sxxx.o)
 .text.set_clock_frequency_globals
                0x200014a8       0x6c E:\Projects\Actel\ActelKit\M2S\RefDes\1\MyFirstProject\SoftConsole\MyFirstProject_MSS_CM3\MyFirstProject_MSS_CM3_hw_platform\Debug\libMyFirstProject_MSS_CM3_hw_platform.a(system_m2sxxx.o)
 .text.get_silicon_revision
                0x20001514       0x50 E:\Projects\Actel\ActelKit\M2S\RefDes\1\MyFirstProject\SoftConsole\MyFirstProject_MSS_CM3\MyFirstProject_MSS_CM3_hw_platform\Debug\libMyFirstProject_MSS_CM3_hw_platform.a(system_m2sxxx.o)
 .text.silicon_workarounds
                0x20001564       0x20 E:\Projects\Actel\ActelKit\M2S\RefDes\1\MyFirstProject\SoftConsole\MyFirstProject_MSS_CM3\MyFirstProject_MSS_CM3_hw_platform\Debug\libMyFirstProject_MSS_CM3_hw_platform.a(system_m2sxxx.o)
 .text.m2s050_rev_a_workarounds
                0x20001584       0x44 E:\Projects\Actel\ActelKit\M2S\RefDes\1\MyFirstProject\SoftConsole\MyFirstProject_MSS_CM3\MyFirstProject_MSS_CM3_hw_platform\Debug\libMyFirstProject_MSS_CM3_hw_platform.a(system_m2sxxx.o)
 .text          0x200015c8       0x50 c:/microsemi/libero_soc_v11.7/softconsole/sourcery-g++/bin/../lib/gcc/arm-none-eabi/4.4.1/../../../../arm-none-eabi/lib/thumb2\libc.a(lib_a-init.o)
                0x200015c8                __libc_init_array
 *(.plt)
 *(.gnu.warning)
 *(.glue_7t)
 .glue_7t       0x00000000        0x0 linker stubs
 *(.glue_7)
 .glue_7        0x00000000        0x0 linker stubs
 *(.vfp11_veneer)
 .vfp11_veneer  0x00000000        0x0 linker stubs
                0x20001618                . = ALIGN (0x4)
 *crtbegin.o(.ctors)
 *(EXCLUDE_FILE(*crtend.o) .ctors)
 *(SORT(.ctors.*))
 *crtend.o(.ctors)
 *crtbegin.o(.dtors)
 *(EXCLUDE_FILE(*crtend.o) .dtors)
 *(SORT(.dtors.*))
 *crtend.o(.dtors)
 *(.rodata .rodata.* .gnu.linkonce.r.*)
 .rodata        0x20001618       0xac ./main.o
 .rodata.g_config_reg_lut
                0x200016c4       0x80 E:\Projects\Actel\ActelKit\M2S\RefDes\1\MyFirstProject\SoftConsole\MyFirstProject_MSS_CM3\MyFirstProject_MSS_CM3_hw_platform\Debug\libMyFirstProject_MSS_CM3_hw_platform.a(mss_gpio.o)
 .rodata.g_gpio_irqn_lut
                0x20001744       0x20 E:\Projects\Actel\ActelKit\M2S\RefDes\1\MyFirstProject\SoftConsole\MyFirstProject_MSS_CM3\MyFirstProject_MSS_CM3_hw_platform\Debug\libMyFirstProject_MSS_CM3_hw_platform.a(mss_gpio.o)
 .rodata.C.18.3527
                0x20001764        0x8 E:\Projects\Actel\ActelKit\M2S\RefDes\1\MyFirstProject\SoftConsole\MyFirstProject_MSS_CM3\MyFirstProject_MSS_CM3_hw_platform\Debug\libMyFirstProject_MSS_CM3_hw_platform.a(system_m2sxxx.o)
 *(.ARM.extab* .gnu.linkonce.armextab.*)
 *(.gcc_except_table)
 *(.eh_frame_hdr)
 *(.eh_frame)
 *(.vector_table)
 *(.init)
 .init          0x2000176c        0x4 c:/microsemi/libero_soc_v11.7/softconsole/sourcery-g++/bin/../lib/gcc/arm-none-eabi/4.4.1/thumb2/crti.o
                0x2000176c                _init
 .init          0x20001770        0x8 c:/microsemi/libero_soc_v11.7/softconsole/sourcery-g++/bin/../lib/gcc/arm-none-eabi/4.4.1/thumb2/crtn.o
 *(.fini)
 .fini          0x20001778        0x4 c:/microsemi/libero_soc_v11.7/softconsole/sourcery-g++/bin/../lib/gcc/arm-none-eabi/4.4.1/thumb2/crti.o
                0x20001778                _fini
 .fini          0x2000177c        0x8 c:/microsemi/libero_soc_v11.7/softconsole/sourcery-g++/bin/../lib/gcc/arm-none-eabi/4.4.1/thumb2/crtn.o
                0x20001784                PROVIDE (__preinit_array_start, .)
 *(.preinit_array)
                0x20001784                PROVIDE (__preinit_array_end, .)
                0x20001784                PROVIDE (__init_array_start, .)
 *(SORT(.init_array.*))
 *(.init_array)
 .init_array    0x20001784        0x4 c:/microsemi/libero_soc_v11.7/softconsole/sourcery-g++/bin/../lib/gcc/arm-none-eabi/4.4.1/thumb2/crtbegin.o
                0x20001788                PROVIDE (__init_array_end, .)
                0x20001788                PROVIDE (__fini_array_start, .)
 *(.fini_array)
 .fini_array    0x20001788        0x4 c:/microsemi/libero_soc_v11.7/softconsole/sourcery-g++/bin/../lib/gcc/arm-none-eabi/4.4.1/thumb2/crtbegin.o
 *(SORT(.fini_array.*))
                0x2000178c                PROVIDE (__fini_array_end, .)
                0x20001790                . = ALIGN (0x10)
 *fill*         0x2000178c        0x4 00
                0x20001790                __exidx_start = .

.v4_bx          0x20001790        0x0
 .v4_bx         0x00000000        0x0 linker stubs

.ARM.exidx
 *(.ARM.exidx* .gnu.linkonce.armexidx.*)
                0x20001790                __exidx_end = .
                0x20001790                _etext = .
                0x20001790                PROVIDE (__text_end, .)

.data           0x20001790       0x20
                0x20001790                __data_load = LOADADDR (.data)
                0x20001790                _sidata = LOADADDR (.data)
                0x20001790                __data_start = .
                0x20001790                _sdata = .
 *(.jcr)
 .jcr           0x20001790        0x0 c:/microsemi/libero_soc_v11.7/softconsole/sourcery-g++/bin/../lib/gcc/arm-none-eabi/4.4.1/thumb2/crtbegin.o
 .jcr           0x20001790        0x4 c:/microsemi/libero_soc_v11.7/softconsole/sourcery-g++/bin/../lib/gcc/arm-none-eabi/4.4.1/thumb2/crtend.o
 *(.got.plt)
 *(.got)
 *(.shdata)
 *(.data .data.* .gnu.linkonce.d.*)
 .data.SystemCoreClock
                0x20001794        0x4 E:\Projects\Actel\ActelKit\M2S\RefDes\1\MyFirstProject\SoftConsole\MyFirstProject_MSS_CM3\MyFirstProject_MSS_CM3_hw_platform\Debug\libMyFirstProject_MSS_CM3_hw_platform.a(system_m2sxxx.o)
                0x20001794                SystemCoreClock
 .data.g_FrequencyPCLK0
                0x20001798        0x4 E:\Projects\Actel\ActelKit\M2S\RefDes\1\MyFirstProject\SoftConsole\MyFirstProject_MSS_CM3\MyFirstProject_MSS_CM3_hw_platform\Debug\libMyFirstProject_MSS_CM3_hw_platform.a(system_m2sxxx.o)
                0x20001798                g_FrequencyPCLK0
 .data.g_FrequencyPCLK1
                0x2000179c        0x4 E:\Projects\Actel\ActelKit\M2S\RefDes\1\MyFirstProject\SoftConsole\MyFirstProject_MSS_CM3\MyFirstProject_MSS_CM3_hw_platform\Debug\libMyFirstProject_MSS_CM3_hw_platform.a(system_m2sxxx.o)
                0x2000179c                g_FrequencyPCLK1
 .data.g_FrequencyPCLK2
                0x200017a0        0x4 E:\Projects\Actel\ActelKit\M2S\RefDes\1\MyFirstProject\SoftConsole\MyFirstProject_MSS_CM3\MyFirstProject_MSS_CM3_hw_platform\Debug\libMyFirstProject_MSS_CM3_hw_platform.a(system_m2sxxx.o)
                0x200017a0                g_FrequencyPCLK2
 .data.g_FrequencyFIC0
                0x200017a4        0x4 E:\Projects\Actel\ActelKit\M2S\RefDes\1\MyFirstProject\SoftConsole\MyFirstProject_MSS_CM3\MyFirstProject_MSS_CM3_hw_platform\Debug\libMyFirstProject_MSS_CM3_hw_platform.a(system_m2sxxx.o)
                0x200017a4                g_FrequencyFIC0
 .data.g_FrequencyFIC1
                0x200017a8        0x4 E:\Projects\Actel\ActelKit\M2S\RefDes\1\MyFirstProject\SoftConsole\MyFirstProject_MSS_CM3\MyFirstProject_MSS_CM3_hw_platform\Debug\libMyFirstProject_MSS_CM3_hw_platform.a(system_m2sxxx.o)
                0x200017a8                g_FrequencyFIC1
 .data.g_FrequencyFIC64
                0x200017ac        0x4 E:\Projects\Actel\ActelKit\M2S\RefDes\1\MyFirstProject\SoftConsole\MyFirstProject_MSS_CM3\MyFirstProject_MSS_CM3_hw_platform\Debug\libMyFirstProject_MSS_CM3_hw_platform.a(system_m2sxxx.o)
                0x200017ac                g_FrequencyFIC64
                0x200017b0                . = ALIGN (0x10)
                0x200017b0                _edata = .

.bss            0x200017b0       0x90
                0x200017b0                __bss_start__ = .
                0x200017b0                _sbss = .
 *(.shbss)
 *(.bss .bss.* .gnu.linkonce.b.*)
 .bss           0x200017b0        0x1 c:/microsemi/libero_soc_v11.7/softconsole/sourcery-g++/bin/../lib/gcc/arm-none-eabi/4.4.1/thumb2/crtbegin.o
 *(COMMON)
 *fill*         0x200017b1        0x3 00
 COMMON         0x200017b4       0x80 E:\Projects\Actel\ActelKit\M2S\RefDes\1\MyFirstProject\SoftConsole\MyFirstProject_MSS_CM3\MyFirstProject_MSS_CM3_hw_platform\Debug\libMyFirstProject_MSS_CM3_hw_platform.a(mss_uart.o)
                0x200017b4                g_mss_uart1
                0x200017f4                g_mss_uart0
                0x20001840                . = ALIGN (0x10)
 *fill*         0x20001834        0xc 00
                0x20001840                __bss_end__ = .
                0x20001840                _end = .
                0x20001840                __end = _end
                0x20001840                _ebss = .
                0x20001840                PROVIDE (end, .)

.heap           0x20001840     0xd7c0
                0x20001840                __heap_start__ = .
                0x20002840                . = (. + MIN_SIZE_HEAP)
 *fill*         0x20001840     0x1000 00
                0x2000f000                . = (. + (((ABSOLUTE (RAM_START_ADDRESS) + RAM_SIZE) - MAIN_STACK_SIZE) - .))
 *fill*         0x20002840     0xc7c0 00
                0x2000f000                _eheap = .

.stack          0x2000f000     0x1000
                0x2000f000                __stack_start__ = .
                0x20010000                . = (. + MAIN_STACK_SIZE)
 *fill*         0x2000f000     0x1000 00
                0x20010000                _estack = .

.stab
 *(.stab)

.stabstr
 *(.stabstr)

.debug
 *(.debug)

.line
 *(.line)

.debug_srcinfo
 *(.debug_srcinfo)

.debug_sfnames
 *(.debug_sfnames)

.comment        0x00000000       0xd7
 .comment       0x00000000       0x2b ./main.o
 .comment       0x0000002b       0x2b E:/Projects/Actel/ActelKit/M2S/RefDes/1/MyFirstProject/SoftConsole/MyFirstProject_MSS_CM3/MyFirstProject_MSS_CM3_hw_platform/Debug/CMSIS/startup_gcc/newlib_stubs.o
 .comment       0x00000056       0x2b E:\Projects\Actel\ActelKit\M2S\RefDes\1\MyFirstProject\SoftConsole\MyFirstProject_MSS_CM3\MyFirstProject_MSS_CM3_hw_platform\Debug\libMyFirstProject_MSS_CM3_hw_platform.a(mss_uart.o)
 .comment       0x00000081       0x2b E:\Projects\Actel\ActelKit\M2S\RefDes\1\MyFirstProject\SoftConsole\MyFirstProject_MSS_CM3\MyFirstProject_MSS_CM3_hw_platform\Debug\libMyFirstProject_MSS_CM3_hw_platform.a(mss_gpio.o)
 .comment       0x000000ac       0x2b E:\Projects\Actel\ActelKit\M2S\RefDes\1\MyFirstProject\SoftConsole\MyFirstProject_MSS_CM3\MyFirstProject_MSS_CM3_hw_platform\Debug\libMyFirstProject_MSS_CM3_hw_platform.a(system_m2sxxx.o)

.debug_aranges  0x00000000      0x368
 *(.debug_aranges)
 .debug_aranges
                0x00000000       0x38 ./main.o
 .debug_aranges
                0x00000038       0xa8 E:/Projects/Actel/ActelKit/M2S/RefDes/1/MyFirstProject/SoftConsole/MyFirstProject_MSS_CM3/MyFirstProject_MSS_CM3_hw_platform/Debug/CMSIS/startup_gcc/newlib_stubs.o
 .debug_aranges
                0x000000e0      0x1d0 E:\Projects\Actel\ActelKit\M2S\RefDes\1\MyFirstProject\SoftConsole\MyFirstProject_MSS_CM3\MyFirstProject_MSS_CM3_hw_platform\Debug\libMyFirstProject_MSS_CM3_hw_platform.a(mss_uart.o)
 .debug_aranges
                0x000002b0       0x68 E:\Projects\Actel\ActelKit\M2S\RefDes\1\MyFirstProject\SoftConsole\MyFirstProject_MSS_CM3\MyFirstProject_MSS_CM3_hw_platform\Debug\libMyFirstProject_MSS_CM3_hw_platform.a(mss_gpio.o)
 .debug_aranges
                0x00000318       0x50 E:\Projects\Actel\ActelKit\M2S\RefDes\1\MyFirstProject\SoftConsole\MyFirstProject_MSS_CM3\MyFirstProject_MSS_CM3_hw_platform\Debug\libMyFirstProject_MSS_CM3_hw_platform.a(system_m2sxxx.o)

.debug_pubnames
                0x00000000      0x791
 *(.debug_pubnames)
 .debug_pubnames
                0x00000000       0x1b ./main.o
 .debug_pubnames
                0x0000001b       0xeb E:/Projects/Actel/ActelKit/M2S/RefDes/1/MyFirstProject/SoftConsole/MyFirstProject_MSS_CM3/MyFirstProject_MSS_CM3_hw_platform/Debug/CMSIS/startup_gcc/newlib_stubs.o
 .debug_pubnames
                0x00000106      0x50f E:\Projects\Actel\ActelKit\M2S\RefDes\1\MyFirstProject\SoftConsole\MyFirstProject_MSS_CM3\MyFirstProject_MSS_CM3_hw_platform\Debug\libMyFirstProject_MSS_CM3_hw_platform.a(mss_uart.o)
 .debug_pubnames
                0x00000615       0xb1 E:\Projects\Actel\ActelKit\M2S\RefDes\1\MyFirstProject\SoftConsole\MyFirstProject_MSS_CM3\MyFirstProject_MSS_CM3_hw_platform\Debug\libMyFirstProject_MSS_CM3_hw_platform.a(mss_gpio.o)
 .debug_pubnames
                0x000006c6       0xcb E:\Projects\Actel\ActelKit\M2S\RefDes\1\MyFirstProject\SoftConsole\MyFirstProject_MSS_CM3\MyFirstProject_MSS_CM3_hw_platform\Debug\libMyFirstProject_MSS_CM3_hw_platform.a(system_m2sxxx.o)

.debug_info     0x00000000     0x4d8c
 *(.debug_info .gnu.linkonce.wi.*)
 .debug_info    0x00000000      0xaa8 ./main.o
 .debug_info    0x00000aa8      0x6ed E:/Projects/Actel/ActelKit/M2S/RefDes/1/MyFirstProject/SoftConsole/MyFirstProject_MSS_CM3/MyFirstProject_MSS_CM3_hw_platform/Debug/CMSIS/startup_gcc/newlib_stubs.o
 .debug_info    0x00001195     0x1ed4 E:\Projects\Actel\ActelKit\M2S\RefDes\1\MyFirstProject\SoftConsole\MyFirstProject_MSS_CM3\MyFirstProject_MSS_CM3_hw_platform\Debug\libMyFirstProject_MSS_CM3_hw_platform.a(mss_uart.o)
 .debug_info    0x00003069     0x1164 E:\Projects\Actel\ActelKit\M2S\RefDes\1\MyFirstProject\SoftConsole\MyFirstProject_MSS_CM3\MyFirstProject_MSS_CM3_hw_platform\Debug\libMyFirstProject_MSS_CM3_hw_platform.a(mss_gpio.o)
 .debug_info    0x000041cd      0xbbf E:\Projects\Actel\ActelKit\M2S\RefDes\1\MyFirstProject\SoftConsole\MyFirstProject_MSS_CM3\MyFirstProject_MSS_CM3_hw_platform\Debug\libMyFirstProject_MSS_CM3_hw_platform.a(system_m2sxxx.o)

.debug_abbrev   0x00000000      0x86c
 *(.debug_abbrev)
 .debug_abbrev  0x00000000      0x1c7 ./main.o
 .debug_abbrev  0x000001c7      0x170 E:/Projects/Actel/ActelKit/M2S/RefDes/1/MyFirstProject/SoftConsole/MyFirstProject_MSS_CM3/MyFirstProject_MSS_CM3_hw_platform/Debug/CMSIS/startup_gcc/newlib_stubs.o
 .debug_abbrev  0x00000337      0x280 E:\Projects\Actel\ActelKit\M2S\RefDes\1\MyFirstProject\SoftConsole\MyFirstProject_MSS_CM3\MyFirstProject_MSS_CM3_hw_platform\Debug\libMyFirstProject_MSS_CM3_hw_platform.a(mss_uart.o)
 .debug_abbrev  0x000005b7      0x165 E:\Projects\Actel\ActelKit\M2S\RefDes\1\MyFirstProject\SoftConsole\MyFirstProject_MSS_CM3\MyFirstProject_MSS_CM3_hw_platform\Debug\libMyFirstProject_MSS_CM3_hw_platform.a(mss_gpio.o)
 .debug_abbrev  0x0000071c      0x150 E:\Projects\Actel\ActelKit\M2S\RefDes\1\MyFirstProject\SoftConsole\MyFirstProject_MSS_CM3\MyFirstProject_MSS_CM3_hw_platform\Debug\libMyFirstProject_MSS_CM3_hw_platform.a(system_m2sxxx.o)

.debug_line     0x00000000     0x17c8
 *(.debug_line)
 .debug_line    0x00000000      0x4c9 ./main.o
 .debug_line    0x000004c9      0x496 E:/Projects/Actel/ActelKit/M2S/RefDes/1/MyFirstProject/SoftConsole/MyFirstProject_MSS_CM3/MyFirstProject_MSS_CM3_hw_platform/Debug/CMSIS/startup_gcc/newlib_stubs.o
 .debug_line    0x0000095f      0x8d8 E:\Projects\Actel\ActelKit\M2S\RefDes\1\MyFirstProject\SoftConsole\MyFirstProject_MSS_CM3\MyFirstProject_MSS_CM3_hw_platform\Debug\libMyFirstProject_MSS_CM3_hw_platform.a(mss_uart.o)
 .debug_line    0x00001237      0x371 E:\Projects\Actel\ActelKit\M2S\RefDes\1\MyFirstProject\SoftConsole\MyFirstProject_MSS_CM3\MyFirstProject_MSS_CM3_hw_platform\Debug\libMyFirstProject_MSS_CM3_hw_platform.a(mss_gpio.o)
 .debug_line    0x000015a8      0x220 E:\Projects\Actel\ActelKit\M2S\RefDes\1\MyFirstProject\SoftConsole\MyFirstProject_MSS_CM3\MyFirstProject_MSS_CM3_hw_platform\Debug\libMyFirstProject_MSS_CM3_hw_platform.a(system_m2sxxx.o)

.debug_frame    0x00000000      0xba4
 *(.debug_frame)
 .debug_frame   0x00000000       0x80 ./main.o
 .debug_frame   0x00000080      0x21c E:/Projects/Actel/ActelKit/M2S/RefDes/1/MyFirstProject/SoftConsole/MyFirstProject_MSS_CM3/MyFirstProject_MSS_CM3_hw_platform/Debug/CMSIS/startup_gcc/newlib_stubs.o
 .debug_frame   0x0000029c      0x6b4 E:\Projects\Actel\ActelKit\M2S\RefDes\1\MyFirstProject\SoftConsole\MyFirstProject_MSS_CM3\MyFirstProject_MSS_CM3_hw_platform\Debug\libMyFirstProject_MSS_CM3_hw_platform.a(mss_uart.o)
 .debug_frame   0x00000950      0x130 E:\Projects\Actel\ActelKit\M2S\RefDes\1\MyFirstProject\SoftConsole\MyFirstProject_MSS_CM3\MyFirstProject_MSS_CM3_hw_platform\Debug\libMyFirstProject_MSS_CM3_hw_platform.a(mss_gpio.o)
 .debug_frame   0x00000a80       0xd8 E:\Projects\Actel\ActelKit\M2S\RefDes\1\MyFirstProject\SoftConsole\MyFirstProject_MSS_CM3\MyFirstProject_MSS_CM3_hw_platform\Debug\libMyFirstProject_MSS_CM3_hw_platform.a(system_m2sxxx.o)
 .debug_frame   0x00000b58       0x20 c:/microsemi/libero_soc_v11.7/softconsole/sourcery-g++/bin/../lib/gcc/arm-none-eabi/4.4.1/../../../../arm-none-eabi/lib/thumb2\libc.a(lib_a-errno.o)
 .debug_frame   0x00000b78       0x2c c:/microsemi/libero_soc_v11.7/softconsole/sourcery-g++/bin/../lib/gcc/arm-none-eabi/4.4.1/../../../../arm-none-eabi/lib/thumb2\libc.a(lib_a-init.o)

.debug_str      0x00000000     0x21d4
 *(.debug_str)
 .debug_str     0x00000000      0xad9 ./main.o
                                0xb93 (size before relaxing)
 .debug_str     0x00000ad9      0x283 E:/Projects/Actel/ActelKit/M2S/RefDes/1/MyFirstProject/SoftConsole/MyFirstProject_MSS_CM3/MyFirstProject_MSS_CM3_hw_platform/Debug/CMSIS/startup_gcc/newlib_stubs.o
                                0x356 (size before relaxing)
 .debug_str     0x00000d5c     0x114e E:\Projects\Actel\ActelKit\M2S\RefDes\1\MyFirstProject\SoftConsole\MyFirstProject_MSS_CM3\MyFirstProject_MSS_CM3_hw_platform\Debug\libMyFirstProject_MSS_CM3_hw_platform.a(mss_uart.o)
                               0x19bc (size before relaxing)
 .debug_str     0x00001eaa      0x15c E:\Projects\Actel\ActelKit\M2S\RefDes\1\MyFirstProject\SoftConsole\MyFirstProject_MSS_CM3\MyFirstProject_MSS_CM3_hw_platform\Debug\libMyFirstProject_MSS_CM3_hw_platform.a(mss_gpio.o)
                               0x1236 (size before relaxing)
 .debug_str     0x00002006      0x1ce E:\Projects\Actel\ActelKit\M2S\RefDes\1\MyFirstProject\SoftConsole\MyFirstProject_MSS_CM3\MyFirstProject_MSS_CM3_hw_platform\Debug\libMyFirstProject_MSS_CM3_hw_platform.a(system_m2sxxx.o)
                                0xa36 (size before relaxing)

.debug_loc      0x00000000     0x13de
 *(.debug_loc)
 .debug_loc     0x00000000       0xd0 ./main.o
 .debug_loc     0x000000d0      0x3c6 E:/Projects/Actel/ActelKit/M2S/RefDes/1/MyFirstProject/SoftConsole/MyFirstProject_MSS_CM3/MyFirstProject_MSS_CM3_hw_platform/Debug/CMSIS/startup_gcc/newlib_stubs.o
 .debug_loc     0x00000496      0xbb9 E:\Projects\Actel\ActelKit\M2S\RefDes\1\MyFirstProject\SoftConsole\MyFirstProject_MSS_CM3\MyFirstProject_MSS_CM3_hw_platform\Debug\libMyFirstProject_MSS_CM3_hw_platform.a(mss_uart.o)
 .debug_loc     0x0000104f      0x226 E:\Projects\Actel\ActelKit\M2S\RefDes\1\MyFirstProject\SoftConsole\MyFirstProject_MSS_CM3\MyFirstProject_MSS_CM3_hw_platform\Debug\libMyFirstProject_MSS_CM3_hw_platform.a(mss_gpio.o)
 .debug_loc     0x00001275      0x169 E:\Projects\Actel\ActelKit\M2S\RefDes\1\MyFirstProject\SoftConsole\MyFirstProject_MSS_CM3\MyFirstProject_MSS_CM3_hw_platform\Debug\libMyFirstProject_MSS_CM3_hw_platform.a(system_m2sxxx.o)

.debug_macinfo  0x00000000    0x23741
 *(.debug_macinfo)
 .debug_macinfo
                0x00000000     0x7e7d ./main.o
 .debug_macinfo
                0x00007e7d     0x4bf0 E:/Projects/Actel/ActelKit/M2S/RefDes/1/MyFirstProject/SoftConsole/MyFirstProject_MSS_CM3/MyFirstProject_MSS_CM3_hw_platform/Debug/CMSIS/startup_gcc/newlib_stubs.o
 .debug_macinfo
                0x0000ca6d     0x8184 E:\Projects\Actel\ActelKit\M2S\RefDes\1\MyFirstProject\SoftConsole\MyFirstProject_MSS_CM3\MyFirstProject_MSS_CM3_hw_platform\Debug\libMyFirstProject_MSS_CM3_hw_platform.a(mss_uart.o)
 .debug_macinfo
                0x00014bf1     0x777c E:\Projects\Actel\ActelKit\M2S\RefDes\1\MyFirstProject\SoftConsole\MyFirstProject_MSS_CM3\MyFirstProject_MSS_CM3_hw_platform\Debug\libMyFirstProject_MSS_CM3_hw_platform.a(mss_gpio.o)
 .debug_macinfo
                0x0001c36d     0x73d4 E:\Projects\Actel\ActelKit\M2S\RefDes\1\MyFirstProject\SoftConsole\MyFirstProject_MSS_CM3\MyFirstProject_MSS_CM3_hw_platform\Debug\libMyFirstProject_MSS_CM3_hw_platform.a(system_m2sxxx.o)

.debug_weaknames
 *(.debug_weaknames)

.debug_funcnames
 *(.debug_funcnames)

.debug_typenames
 *(.debug_typenames)

.debug_varnames
 *(.debug_varnames)

.note.gnu.arm.ident
 *(.note.gnu.arm.ident)

.ARM.attributes
                0x00000000       0x25
 *(.ARM.attributes)
 .ARM.attributes
                0x00000000       0x19 c:/microsemi/libero_soc_v11.7/softconsole/sourcery-g++/bin/../lib/gcc/arm-none-eabi/4.4.1/thumb2/crti.o
 .ARM.attributes
                0x00000019       0x29 c:/microsemi/libero_soc_v11.7/softconsole/sourcery-g++/bin/../lib/gcc/arm-none-eabi/4.4.1/thumb2/crtbegin.o
 .ARM.attributes
                0x00000042       0x31 ./main.o
 .ARM.attributes
                0x00000073       0x21 E:/Projects/Actel/ActelKit/M2S/RefDes/1/MyFirstProject/SoftConsole/MyFirstProject_MSS_CM3/MyFirstProject_MSS_CM3_hw_platform/Debug/CMSIS/startup_gcc/startup_m2sxxx.o
 .ARM.attributes
                0x00000094       0x31 E:/Projects/Actel/ActelKit/M2S/RefDes/1/MyFirstProject/SoftConsole/MyFirstProject_MSS_CM3/MyFirstProject_MSS_CM3_hw_platform/Debug/CMSIS/startup_gcc/newlib_stubs.o
 .ARM.attributes
                0x000000c5       0x31 E:\Projects\Actel\ActelKit\M2S\RefDes\1\MyFirstProject\SoftConsole\MyFirstProject_MSS_CM3\MyFirstProject_MSS_CM3_hw_platform\Debug\libMyFirstProject_MSS_CM3_hw_platform.a(mss_uart.o)
 .ARM.attributes
                0x000000f6       0x31 E:\Projects\Actel\ActelKit\M2S\RefDes\1\MyFirstProject\SoftConsole\MyFirstProject_MSS_CM3\MyFirstProject_MSS_CM3_hw_platform\Debug\libMyFirstProject_MSS_CM3_hw_platform.a(mss_gpio.o)
 .ARM.attributes
                0x00000127       0x31 E:\Projects\Actel\ActelKit\M2S\RefDes\1\MyFirstProject\SoftConsole\MyFirstProject_MSS_CM3\MyFirstProject_MSS_CM3_hw_platform\Debug\libMyFirstProject_MSS_CM3_hw_platform.a(system_m2sxxx.o)
 .ARM.attributes
                0x00000158       0x29 c:/microsemi/libero_soc_v11.7/softconsole/sourcery-g++/bin/../lib/gcc/arm-none-eabi/4.4.1/../../../../arm-none-eabi/lib/thumb2\libc.a(lib_a-errno.o)
 .ARM.attributes
                0x00000181       0x29 c:/microsemi/libero_soc_v11.7/softconsole/sourcery-g++/bin/../lib/gcc/arm-none-eabi/4.4.1/../../../../arm-none-eabi/lib/thumb2\libc.a(lib_a-impure.o)
 .ARM.attributes
                0x000001aa       0x29 c:/microsemi/libero_soc_v11.7/softconsole/sourcery-g++/bin/../lib/gcc/arm-none-eabi/4.4.1/../../../../arm-none-eabi/lib/thumb2\libc.a(lib_a-init.o)
 .ARM.attributes
                0x000001d3       0x29 c:/microsemi/libero_soc_v11.7/softconsole/sourcery-g++/bin/../lib/gcc/arm-none-eabi/4.4.1/thumb2/crtend.o
 .ARM.attributes
                0x000001fc       0x19 c:/microsemi/libero_soc_v11.7/softconsole/sourcery-g++/bin/../lib/gcc/arm-none-eabi/4.4.1/thumb2/crtn.o

/DISCARD/
 *(.note.GNU-stack)
 *(.isr_vector)
OUTPUT(MyFirstProject_MSS_CM3_app elf32-littlearm)

.debug_ranges   0x00000000      0x340
 .debug_ranges  0x00000000       0x30 ./main.o
 .debug_ranges  0x00000030       0xa0 E:/Projects/Actel/ActelKit/M2S/RefDes/1/MyFirstProject/SoftConsole/MyFirstProject_MSS_CM3/MyFirstProject_MSS_CM3_hw_platform/Debug/CMSIS/startup_gcc/newlib_stubs.o
 .debug_ranges  0x000000d0      0x1c8 E:\Projects\Actel\ActelKit\M2S\RefDes\1\MyFirstProject\SoftConsole\MyFirstProject_MSS_CM3\MyFirstProject_MSS_CM3_hw_platform\Debug\libMyFirstProject_MSS_CM3_hw_platform.a(mss_uart.o)
 .debug_ranges  0x00000298       0x60 E:\Projects\Actel\ActelKit\M2S\RefDes\1\MyFirstProject\SoftConsole\MyFirstProject_MSS_CM3\MyFirstProject_MSS_CM3_hw_platform\Debug\libMyFirstProject_MSS_CM3_hw_platform.a(mss_gpio.o)
 .debug_ranges  0x000002f8       0x48 E:\Projects\Actel\ActelKit\M2S\RefDes\1\MyFirstProject\SoftConsole\MyFirstProject_MSS_CM3\MyFirstProject_MSS_CM3_hw_platform\Debug\libMyFirstProject_MSS_CM3_hw_platform.a(system_m2sxxx.o)
