*****************************************************************
Pin Report - Date: Tue Oct 24 17:52:55 2017 Pinchecksum: NOT-AVAILABLE
Product: Designer
Release: Libero SoC v11.8 SP1
Version: 11.8.1.12
Design Name: M2S010_Ethernet
Family: SmartFusion2
Die: M2S010
Package: 144 TQ
*****************************************************************

Port             |Pin |Fixed |Function         |Bank     |I/O Std   |Direction                      |I/O state in Flash*Freeze mode |Resistor Pull                      |I/O available in Flash*Freeze mode |Schmitt Trigger |Odt_Static    |Odt Imp (Ohm)  |Low Power Exit |Input Delay |Slew         |Pre-Emphasis      |Output Drive (mA) |Output Load (pF) |
-----------------|----|------|-----------------|---------|----------|-------------------------------|-------------------------------|-----------------------------------|-----------------------------------|----------------|--------------|---------------|---------------|------------|-------------|------------------|------------------|-----------------|
BtnReset          13   Yes    MSIO76NB7         Bank7     LVCMOS25   Input                           TRISTATE                        None                                No                                  Off              ---            ---             Off             Off          ---           ---                ---                ---               
DEVRST_N          72   Fixed  DEVRST_N          ---       
LED1              63   Yes    MSIO113PB4        Bank4     LVCMOS25   Output                          TRISTATE                        None                                No                                  ---              ---            ---             ---             ---          SLOW          ---                4                  5                 
LED2              64   Yes    MSIO113NB4        Bank4     LVCMOS25   Output                          TRISTATE                        None                                No                                  ---              ---            ---             ---             ---          SLOW          ---                4                  5                 
LED3              66   Yes    MSIO114PB4        Bank4     LVCMOS25   Output                          TRISTATE                        None                                No                                  ---              ---            ---             ---             ---          SLOW          ---                4                  5                 
LED4              67   Yes    MSIO114NB4        Bank4     LVCMOS25   Output                          TRISTATE                        None                                No                                  ---              ---            ---             ---             ---          SLOW          ---                4                  5                 
MAC_MII_MDC       111  Yes    DDRIO30PB0        Bank0     LVCMOS25   Output                          TRISTATE                        None                                No                                  ---              ---            ---             ---             ---          SLOW          ---                4                  5                 
MDIO              110  Yes    DDRIO29PB0        Bank0     LVCMOS25   Inout                           TRISTATE                        None                                No                                  Off              ---            ---             Off             Off          SLOW          ---                4                  5                 
MMUART_0_RXD_F2M  9    Yes    MSIO72NB7         Bank7     LVCMOS25   Input                           TRISTATE                        None                                No                                  Off              ---            ---             Off             Off          ---           ---                ---                ---               
MMUART_0_TXD_M2F  10   Yes    MSIO73NB7         Bank7     LVCMOS25   Output                          TRISTATE                        None                                No                                  ---              ---            ---             ---             ---          SLOW          ---                4                  5                 
PHY_reset         128  Yes    DDRIO47NB0        Bank0     LVCMOS25   Output                          TRISTATE                        None                                No                                  ---              ---            ---             ---             ---          SLOW          ---                4                  5                 
REFCLK            117  Yes    DDRIO37NB0        Bank0     LVCMOS25   Input                           TRISTATE                        None                                No                                  Off              ---            ---             Off             Off          ---           ---                ---                ---               
RMII_CRSDV        116  Yes    DDRIO35PB0        Bank0     LVCMOS25   Input                           TRISTATE                        None                                No                                  Off              ---            ---             Off             Off          ---           ---                ---                ---               
RMII_RXD[0]       115  Yes    DDRIO35NB0        Bank0     LVCMOS25   Input                           TRISTATE                        None                                No                                  Off              ---            ---             Off             Off          ---           ---                ---                ---               
RMII_RXD[1]       112  Yes    DDRIO30NB0        Bank0     LVCMOS25   Input                           TRISTATE                        None                                No                                  Off              ---            ---             Off             Off          ---           ---                ---                ---               
RMII_RXERR        118  Yes    DDRIO37PB0        Bank0     LVCMOS25   Input                           TRISTATE                        None                                No                                  Off              ---            ---             Off             Off          ---           ---                ---                ---               
RMII_TXD[0]       124  Yes    DDRIO44NB0        Bank0     LVCMOS25   Output                          TRISTATE                        None                                No                                  ---              ---            ---             ---             ---          SLOW          ---                4                  5                 
RMII_TXD[1]       125  Yes    DDRIO44PB0        Bank0     LVCMOS25   Output                          TRISTATE                        None                                No                                  ---              ---            ---             ---             ---          SLOW          ---                4                  5                 
RMII_TXEN         123  Yes    DDRIO43PB0        Bank0     LVCMOS25   Output                          TRISTATE                        None                                No                                  ---              ---            ---             ---             ---          SLOW          ---                4                  5                 
XTL               70   Fixed  XTLOSC_MAIN_XTAL  ---       
